Archive member included because of file (symbol)

C:\nxp\workspace2\LPC_BaseBoardBB1769_R02\Debug\libLPC_BaseBoardBB1769_R02.a(board.o)
                              ./src/Ex14_FreeRtos.o (Board_LED_Set)
C:\nxp\workspace2\LPC_BaseBoardBB1769_R02\Debug\libLPC_BaseBoardBB1769_R02.a(board_sysinit.o)
                              ./src/sysinit.o (Board_SystemInit)
C:\nxp\workspace2\LibFreeRTOS_8.2.3\Debug\libLibFreeRTOS_8.2.3.a(queue.o)
                              ./src/Ex14_FreeRtos.o (xQueueGenericCreate)
C:\nxp\workspace2\LibFreeRTOS_8.2.3\Debug\libLibFreeRTOS_8.2.3.a(tasks.o)
                              ./src/Ex14_FreeRtos.o (xTaskGenericCreate)
C:\nxp\workspace2\LibFreeRTOS_8.2.3\Debug\libLibFreeRTOS_8.2.3.a(heap_1.o)
                              C:\nxp\workspace2\LibFreeRTOS_8.2.3\Debug\libLibFreeRTOS_8.2.3.a(queue.o) (pvPortMalloc)
C:\nxp\workspace2\LibFreeRTOS_8.2.3\Debug\libLibFreeRTOS_8.2.3.a(port.o)
                              C:\nxp\workspace2\LibFreeRTOS_8.2.3\Debug\libLibFreeRTOS_8.2.3.a(tasks.o) (pxPortInitialiseStack)
C:\nxp\workspace2\LibFreeRTOS_8.2.3\Debug\libLibFreeRTOS_8.2.3.a(list.o)
                              C:\nxp\workspace2\LibFreeRTOS_8.2.3\Debug\libLibFreeRTOS_8.2.3.a(queue.o) (vListInitialise)
C:\nxp\workspace2\lpc_chip_175x_6x\Debug\liblpc_chip_175x_6x.a(chip_17xx_40xx.o)
                              C:\nxp\workspace2\LibFreeRTOS_8.2.3\Debug\libLibFreeRTOS_8.2.3.a(port.o) (SystemCoreClock)
C:\nxp\workspace2\lpc_chip_175x_6x\Debug\liblpc_chip_175x_6x.a(clock_17xx_40xx.o)
                              C:\nxp\workspace2\lpc_chip_175x_6x\Debug\liblpc_chip_175x_6x.a(chip_17xx_40xx.o) (Chip_Clock_EnablePLL)
C:\nxp\workspace2\lpc_chip_175x_6x\Debug\liblpc_chip_175x_6x.a(iocon_17xx_40xx.o)
                              C:\nxp\workspace2\LPC_BaseBoardBB1769_R02\Debug\libLPC_BaseBoardBB1769_R02.a(board.o) (Chip_IOCON_PinMux)
C:\nxp\workspace2\lpc_chip_175x_6x\Debug\liblpc_chip_175x_6x.a(sysinit_17xx_40xx.o)
                              C:\nxp\workspace2\LPC_BaseBoardBB1769_R02\Debug\libLPC_BaseBoardBB1769_R02.a(board_sysinit.o) (Chip_SetupXtalClocking)
c:/nxp/lpcxpresso_8.0.0_526/lpcxpresso/tools/bin/../lib/gcc/arm-none-eabi/4.9.3/../../../../arm-none-eabi/lib/armv7-m\libcr_c.a(memcpy.o)
                              C:\nxp\workspace2\LPC_BaseBoardBB1769_R02\Debug\libLPC_BaseBoardBB1769_R02.a(board.o) (memcpy)
c:/nxp/lpcxpresso_8.0.0_526/lpcxpresso/tools/bin/../lib/gcc/arm-none-eabi/4.9.3/../../../../arm-none-eabi/lib/armv7-m\libcr_c.a(memset.o)
                              C:\nxp\workspace2\LibFreeRTOS_8.2.3\Debug\libLibFreeRTOS_8.2.3.a(tasks.o) (memset)
c:/nxp/lpcxpresso_8.0.0_526/lpcxpresso/tools/bin/../lib/gcc/arm-none-eabi/4.9.3/../../../../arm-none-eabi/lib/armv7-m\libcr_c.a(__weak__main.o)
                              ./src/cr_startup_lpc175x_6x.o (__main)
c:/nxp/lpcxpresso_8.0.0_526/lpcxpresso/tools/bin/../lib/gcc/arm-none-eabi/4.9.3/armv7-m\libcr_eabihelpers.a(memcpy.o)
                              c:/nxp/lpcxpresso_8.0.0_526/lpcxpresso/tools/bin/../lib/gcc/arm-none-eabi/4.9.3/../../../../arm-none-eabi/lib/armv7-m\libcr_c.a(memcpy.o) (__aeabi_memcpy)

Allocating common symbols
Common symbol       size              file

SystemCoreClock     0x4               C:\nxp\workspace2\lpc_chip_175x_6x\Debug\liblpc_chip_175x_6x.a(chip_17xx_40xx.o)
indice              0x1               ./src/Ex14_FreeRtos.o
xQueueRegistry      0x50              C:\nxp\workspace2\LibFreeRTOS_8.2.3\Debug\libLibFreeRTOS_8.2.3.a(queue.o)
mutex               0x4               ./src/Ex14_FreeRtos.o
buffercomun         0x4               ./src/Ex14_FreeRtos.o
xQueue              0x4               ./src/Ex14_FreeRtos.o

Discarded input sections

 .group         0x00000000        0x8 ./src/Ex14_FreeRtos.o
 .group         0x00000000        0x8 ./src/Ex14_FreeRtos.o
 .group         0x00000000        0x8 ./src/Ex14_FreeRtos.o
 .group         0x00000000        0x8 ./src/Ex14_FreeRtos.o
 .group         0x00000000        0x8 ./src/Ex14_FreeRtos.o
 .group         0x00000000        0x8 ./src/Ex14_FreeRtos.o
 .group         0x00000000        0x8 ./src/Ex14_FreeRtos.o
 .group         0x00000000        0x8 ./src/Ex14_FreeRtos.o
 .group         0x00000000        0x8 ./src/Ex14_FreeRtos.o
 .group         0x00000000        0x8 ./src/Ex14_FreeRtos.o
 .group         0x00000000        0x8 ./src/Ex14_FreeRtos.o
 .group         0x00000000        0x8 ./src/Ex14_FreeRtos.o
 .group         0x00000000        0x8 ./src/Ex14_FreeRtos.o
 .group         0x00000000        0x8 ./src/Ex14_FreeRtos.o
 .group         0x00000000        0x8 ./src/Ex14_FreeRtos.o
 .group         0x00000000        0x8 ./src/Ex14_FreeRtos.o
 .group         0x00000000        0x8 ./src/Ex14_FreeRtos.o
 .group         0x00000000        0x8 ./src/Ex14_FreeRtos.o
 .group         0x00000000        0x8 ./src/Ex14_FreeRtos.o
 .group         0x00000000        0x8 ./src/Ex14_FreeRtos.o
[...]
Memory Configuration

Name             Origin             Length             Attributes
MFlash512        0x00000000         0x00080000         xr
RamLoc32         0x10000000         0x00008000         xrw
RamAHB32         0x2007c000         0x00008000         xrw
*default*        0x00000000         0xffffffff

Linker script and memory map

LOAD ./src/Ex14_FreeRtos.o
LOAD ./src/cr_startup_lpc175x_6x.o
LOAD ./src/crp.o
LOAD ./src/sysinit.o
LOAD C:\nxp\workspace2\LPC_BaseBoardBB1769_R02\Debug\libLPC_BaseBoardBB1769_R02.a
LOAD C:\nxp\workspace2\LibFreeRTOS_8.2.3\Debug\libLibFreeRTOS_8.2.3.a
LOAD C:\nxp\workspace2\lpc_chip_175x_6x\Debug\liblpc_chip_175x_6x.a
START GROUP
LOAD c:/nxp/lpcxpresso_8.0.0_526/lpcxpresso/tools/bin/../lib/gcc/arm-none-eabi/4.9.3/../../../../arm-none-eabi/lib/armv7-m\libcr_c.a
LOAD c:/nxp/lpcxpresso_8.0.0_526/lpcxpresso/tools/bin/../lib/gcc/arm-none-eabi/4.9.3/armv7-m\libcr_eabihelpers.a
END GROUP
                0x00000000                __base_MFlash512 = 0x0
                0x00000000                __base_Flash = 0x0
                0x00080000                __top_MFlash512 = 0x80000
                0x00080000                __top_Flash = 0x80000
                0x10000000                __base_RamLoc32 = 0x10000000
                0x10000000                __base_RAM = 0x10000000
                0x10008000                __top_RamLoc32 = 0x10008000
                0x10008000                __top_RAM = 0x10008000
                0x2007c000                __base_RamAHB32 = 0x2007c000
                0x2007c000                __base_RAM2 = 0x2007c000
                0x20084000                __top_RamAHB32 = 0x20084000
                0x20084000                __top_RAM2 = 0x20084000

.text           0x00000000     0x2848
 FILL mask 0xff
                0x00000000                __vectors_start__ = ABSOLUTE (.)
 *(.isr_vector)
 .isr_vector    0x00000000       0xcc ./src/cr_startup_lpc175x_6x.o
                0x00000000                g_pfnVectors
                0x000000cc                . = ALIGN (0x4)
                0x000000cc                __section_table_start = .
                0x000000cc                __data_section_table = .
                0x000000cc        0x4 LONG 0x2848 LOADADDR (.data)
                0x000000d0        0x4 LONG 0x10000000 ADDR (.data)
                0x000000d4        0x4 LONG 0x4 SIZEOF (.data)
                0x000000d8        0x4 LONG 0x2848 LOADADDR (.data_RAM2)
                0x000000dc        0x4 LONG 0x2007c000 ADDR (.data_RAM2)
                0x000000e0        0x4 LONG 0x0 SIZEOF (.data_RAM2)
                0x000000e4                __data_section_table_end = .
                0x000000e4                __bss_section_table = .
                0x000000e4        0x4 LONG 0x10000004 ADDR (.bss)
                0x000000e8        0x4 LONG 0x2958 SIZEOF (.bss)
                0x000000ec        0x4 LONG 0x2007c000 ADDR (.bss_RAM2)
                0x000000f0        0x4 LONG 0x0 SIZEOF (.bss_RAM2)
                0x000000f4                __bss_section_table_end = .
                0x000000f4                __section_table_end = .
 *(.after_vectors*)
 .after_vectors
                0x000000f4      0x144 ./src/cr_startup_lpc175x_6x.o
                0x000000f4                data_init
                0x00000138                bss_init
                0x00000170                ResetISR
                0x000001e8                NMI_Handler
                0x000001f0                HardFault_Handler
                0x000001f8                MemManage_Handler
                0x00000200                BusFault_Handler
                0x00000208                UsageFault_Handler
                0x00000218                DebugMon_Handler
                0x00000230                UART1_IRQHandler
                0x00000230                EINT3_IRQHandler
                0x00000230                I2C1_IRQHandler
                0x00000230                TIMER3_IRQHandler
                0x00000230                UART0_IRQHandler
                0x00000230                USBActivity_IRQHandler
                0x00000230                CANActivity_IRQHandler
                0x00000230                EINT2_IRQHandler
                0x00000230                IntDefaultHandler
                0x00000230                PLL0_IRQHandler
                0x00000230                CAN_IRQHandler
                0x00000230                I2C0_IRQHandler
                0x00000230                SSP0_IRQHandler
                0x00000230                I2S_IRQHandler
                0x00000230                I2C2_IRQHandler
                0x00000230                RTC_IRQHandler
                0x00000230                TIMER0_IRQHandler
                0x00000230                SPI_IRQHandler
                0x00000230                RIT_IRQHandler
                0x00000230                EINT1_IRQHandler
                0x00000230                TIMER1_IRQHandler
                0x00000230                UART2_IRQHandler
                0x00000230                ADC_IRQHandler
                0x00000230                SSP1_IRQHandler
                0x00000230                USB_IRQHandler
                0x00000230                BOD_IRQHandler
                0x00000230                PWM1_IRQHandler
                0x00000230                WDT_IRQHandler
                0x00000230                QEI_IRQHandler
                0x00000230                EINT0_IRQHandler
                0x00000230                ETH_IRQHandler
                0x00000230                PLL1_IRQHandler
                0x00000230                DMA_IRQHandler
                0x00000230                TIMER2_IRQHandler
                0x00000230                UART3_IRQHandler
                0x00000230                MCPWM_IRQHandler
 *(.text*)
 .text.prvSetupHardware
                0x00000238       0x60 ./src/Ex14_FreeRtos.o
 .text.RGBled   0x00000298       0x80 ./src/Ex14_FreeRtos.o
                0x00000298                RGBled
 .text.TareaLed
                0x00000318       0x28 ./src/Ex14_FreeRtos.o
                0x00000318                TareaLed
 .text.Productor1
                0x00000340       0x88 ./src/Ex14_FreeRtos.o
                0x00000340                Productor1
 .text.Productor2
                0x000003c8       0x88 ./src/Ex14_FreeRtos.o
                0x000003c8                Productor2
 .text.Consumidor
                0x00000450       0x6c ./src/Ex14_FreeRtos.o
                0x00000450                Consumidor
 .text.main     0x000004bc       0xf4 ./src/Ex14_FreeRtos.o
                0x000004bc                main
 .text.vApplicationIdleHook
                0x000005b0        0xc ./src/Ex14_FreeRtos.o
                0x000005b0                vApplicationIdleHook
 .text.SystemInit
                0x000005bc       0x24 ./src/sysinit.o
                0x000005bc                SystemInit
 .text.Chip_IOCON_Init
                0x000005e0       0x14 C:\nxp\workspace2\LPC_BaseBoardBB1769_R02\Debug\libLPC_BaseBoardBB1769_R02.a(board.o)
 .text.Chip_GPIO_Init
                0x000005f4       0x14 C:\nxp\workspace2\LPC_BaseBoardBB1769_R02\Debug\libLPC_BaseBoardBB1769_R02.a(board.o)
 .text.Chip_GPIO_SetPinState
                0x00000608       0x68 C:\nxp\workspace2\LPC_BaseBoardBB1769_R02\Debug\libLPC_BaseBoardBB1769_R02.a(board.o)
 .text.Chip_GPIO_WritePortBit
                0x00000670       0x2c C:\nxp\workspace2\LPC_BaseBoardBB1769_R02\Debug\libLPC_BaseBoardBB1769_R02.a(board.o)
 .text.Chip_GPIO_GetPinState
                0x0000069c       0x3c C:\nxp\workspace2\LPC_BaseBoardBB1769_R02\Debug\libLPC_BaseBoardBB1769_R02.a(board.o)
 .text.Chip_GPIO_ReadPortBit
                0x000006d8       0x28 C:\nxp\workspace2\LPC_BaseBoardBB1769_R02\Debug\libLPC_BaseBoardBB1769_R02.a(board.o)
 .text.Chip_GPIO_SetPinDIROutput
                0x00000700       0x38 C:\nxp\workspace2\LPC_BaseBoardBB1769_R02\Debug\libLPC_BaseBoardBB1769_R02.a(board.o)
 .text.Chip_GPIO_SetPinDIRInput
                0x00000738       0x3c C:\nxp\workspace2\LPC_BaseBoardBB1769_R02\Debug\libLPC_BaseBoardBB1769_R02.a(board.o)
 .text.Chip_GPIO_SetPinDIR
                0x00000774       0x44 C:\nxp\workspace2\LPC_BaseBoardBB1769_R02\Debug\libLPC_BaseBoardBB1769_R02.a(board.o)
 .text.Chip_GPIO_WriteDirBit
                0x000007b8       0x2c C:\nxp\workspace2\LPC_BaseBoardBB1769_R02\Debug\libLPC_BaseBoardBB1769_R02.a(board.o)
 .text.Board_LED_Init
                0x000007e4       0x6c C:\nxp\workspace2\LPC_BaseBoardBB1769_R02\Debug\libLPC_BaseBoardBB1769_R02.a(board.o)
 .text.Board_LED_Set
                0x00000850       0x28 C:\nxp\workspace2\LPC_BaseBoardBB1769_R02\Debug\libLPC_BaseBoardBB1769_R02.a(board.o)
                0x00000850                Board_LED_Set
 .text.Board_LED_Test
                0x00000878       0x34 C:\nxp\workspace2\LPC_BaseBoardBB1769_R02\Debug\libLPC_BaseBoardBB1769_R02.a(board.o)
                0x00000878                Board_LED_Test
 .text.Board_LED_Toggle
                0x000008ac       0x48 C:\nxp\workspace2\LPC_BaseBoardBB1769_R02\Debug\libLPC_BaseBoardBB1769_R02.a(board.o)
                0x000008ac                Board_LED_Toggle
 .text.Board_RGB_Set
                0x000008f4       0x28 C:\nxp\workspace2\LPC_BaseBoardBB1769_R02\Debug\libLPC_BaseBoardBB1769_R02.a(board.o)
                0x000008f4                Board_RGB_Set
 .text.Board_Buttons_Init
                0x0000091c       0x24 C:\nxp\workspace2\LPC_BaseBoardBB1769_R02\Debug\libLPC_BaseBoardBB1769_R02.a(board.o)
                0x0000091c                Board_Buttons_Init
 .text.Buttons_GetStatus
                0x00000940       0x54 C:\nxp\workspace2\LPC_BaseBoardBB1769_R02\Debug\libLPC_BaseBoardBB1769_R02.a(board.o)
                0x00000940                Buttons_GetStatus
 .text.Board_Init
                0x00000994       0x24 C:\nxp\workspace2\LPC_BaseBoardBB1769_R02\Debug\libLPC_BaseBoardBB1769_R02.a(board.o)
                0x00000994                Board_Init
 .text.Chip_SYSCTL_SetFLASHAccess
                0x000009b8       0x30 C:\nxp\workspace2\LPC_BaseBoardBB1769_R02\Debug\libLPC_BaseBoardBB1769_R02.a(board_sysinit.o)
 .text.Board_SetupMuxing
                0x000009e8       0x18 C:\nxp\workspace2\LPC_BaseBoardBB1769_R02\Debug\libLPC_BaseBoardBB1769_R02.a(board_sysinit.o)
                0x000009e8                Board_SetupMuxing
 .text.Board_SetupClocking
                0x00000a00       0x10 C:\nxp\workspace2\LPC_BaseBoardBB1769_R02\Debug\libLPC_BaseBoardBB1769_R02.a(board_sysinit.o)
                0x00000a00                Board_SetupClocking
 .text.Board_SystemInit
                0x00000a10       0x10 C:\nxp\workspace2\LPC_BaseBoardBB1769_R02\Debug\libLPC_BaseBoardBB1769_R02.a(board_sysinit.o)
                0x00000a10                Board_SystemInit
 .text.xQueueGenericReset
                0x00000a20       0xa4 C:\nxp\workspace2\LibFreeRTOS_8.2.3\Debug\libLibFreeRTOS_8.2.3.a(queue.o)
                0x00000a20                xQueueGenericReset
 .text.xQueueGenericCreate
                0x00000ac4       0x80 C:\nxp\workspace2\LibFreeRTOS_8.2.3\Debug\libLibFreeRTOS_8.2.3.a(queue.o)
                0x00000ac4                xQueueGenericCreate
 .text.xQueueCreateMutex
                0x00000b44       0x84 C:\nxp\workspace2\LibFreeRTOS_8.2.3\Debug\libLibFreeRTOS_8.2.3.a(queue.o)
                0x00000b44                xQueueCreateMutex
 .text.xQueueGenericSend
                0x00000bc8      0x124 C:\nxp\workspace2\LibFreeRTOS_8.2.3\Debug\libLibFreeRTOS_8.2.3.a(queue.o)
                0x00000bc8                xQueueGenericSend
 .text.xQueueGenericReceive
                0x00000cec      0x170 C:\nxp\workspace2\LibFreeRTOS_8.2.3\Debug\libLibFreeRTOS_8.2.3.a(queue.o)
                0x00000cec                xQueueGenericReceive
 .text.uxQueueMessagesWaiting
                0x00000e5c       0x20 C:\nxp\workspace2\LibFreeRTOS_8.2.3\Debug\libLibFreeRTOS_8.2.3.a(queue.o)
                0x00000e5c                uxQueueMessagesWaiting
 .text.prvCopyDataToQueue
                0x00000e7c       0xdc C:\nxp\workspace2\LibFreeRTOS_8.2.3\Debug\libLibFreeRTOS_8.2.3.a(queue.o)
 .text.prvCopyDataFromQueue
                0x00000f58       0x4c C:\nxp\workspace2\LibFreeRTOS_8.2.3\Debug\libLibFreeRTOS_8.2.3.a(queue.o)
 .text.prvUnlockQueue
                0x00000fa4       0x98 C:\nxp\workspace2\LibFreeRTOS_8.2.3\Debug\libLibFreeRTOS_8.2.3.a(queue.o)
 .text.prvIsQueueEmpty
                0x0000103c       0x2c C:\nxp\workspace2\LibFreeRTOS_8.2.3\Debug\libLibFreeRTOS_8.2.3.a(queue.o)
 .text.prvIsQueueFull
                0x00001068       0x30 C:\nxp\workspace2\LibFreeRTOS_8.2.3\Debug\libLibFreeRTOS_8.2.3.a(queue.o)
 .text.xTaskGenericCreate
                0x00001098      0x140 C:\nxp\workspace2\LibFreeRTOS_8.2.3\Debug\libLibFreeRTOS_8.2.3.a(tasks.o)
                0x00001098                xTaskGenericCreate
 .text.vTaskDelayUntil
                0x000011d8       0xb8 C:\nxp\workspace2\LibFreeRTOS_8.2.3\Debug\libLibFreeRTOS_8.2.3.a(tasks.o)
                0x000011d8                vTaskDelayUntil
 .text.vTaskDelay
                0x00001290       0x74 C:\nxp\workspace2\LibFreeRTOS_8.2.3\Debug\libLibFreeRTOS_8.2.3.a(tasks.o)
                0x00001290                vTaskDelay
 .text.vTaskStartScheduler
                0x00001304       0x60 C:\nxp\workspace2\LibFreeRTOS_8.2.3\Debug\libLibFreeRTOS_8.2.3.a(tasks.o)
                0x00001304                vTaskStartScheduler
 .text.vTaskSuspendAll
                0x00001364       0x1c C:\nxp\workspace2\LibFreeRTOS_8.2.3\Debug\libLibFreeRTOS_8.2.3.a(tasks.o)
                0x00001364                vTaskSuspendAll
 .text.xTaskResumeAll
                0x00001380      0x100 C:\nxp\workspace2\LibFreeRTOS_8.2.3\Debug\libLibFreeRTOS_8.2.3.a(tasks.o)
                0x00001380                xTaskResumeAll
 .text.xTaskGetTickCount
                0x00001480       0x20 C:\nxp\workspace2\LibFreeRTOS_8.2.3\Debug\libLibFreeRTOS_8.2.3.a(tasks.o)
                0x00001480                xTaskGetTickCount
 .text.xTaskIncrementTick
                0x000014a0      0x160 C:\nxp\workspace2\LibFreeRTOS_8.2.3\Debug\libLibFreeRTOS_8.2.3.a(tasks.o)
                0x000014a0                xTaskIncrementTick
 .text.vTaskSwitchContext
                0x00001600       0x8c C:\nxp\workspace2\LibFreeRTOS_8.2.3\Debug\libLibFreeRTOS_8.2.3.a(tasks.o)
                0x00001600                vTaskSwitchContext
 .text.vTaskPlaceOnEventList
                0x0000168c       0x80 C:\nxp\workspace2\LibFreeRTOS_8.2.3\Debug\libLibFreeRTOS_8.2.3.a(tasks.o)
                0x0000168c                vTaskPlaceOnEventList
 .text.xTaskRemoveFromEventList
                0x0000170c       0xac C:\nxp\workspace2\LibFreeRTOS_8.2.3\Debug\libLibFreeRTOS_8.2.3.a(tasks.o)
                0x0000170c                xTaskRemoveFromEventList
 .text.vTaskSetTimeOutState
                0x000017b8       0x2c C:\nxp\workspace2\LibFreeRTOS_8.2.3\Debug\libLibFreeRTOS_8.2.3.a(tasks.o)
                0x000017b8                vTaskSetTimeOutState
 .text.xTaskCheckForTimeOut
                0x000017e4       0x88 C:\nxp\workspace2\LibFreeRTOS_8.2.3\Debug\libLibFreeRTOS_8.2.3.a(tasks.o)
                0x000017e4                xTaskCheckForTimeOut
 .text.vTaskMissedYield
                0x0000186c       0x18 C:\nxp\workspace2\LibFreeRTOS_8.2.3\Debug\libLibFreeRTOS_8.2.3.a(tasks.o)
                0x0000186c                vTaskMissedYield
 .text.prvIdleTask
                0x00001884       0x24 C:\nxp\workspace2\LibFreeRTOS_8.2.3\Debug\libLibFreeRTOS_8.2.3.a(tasks.o)
 .text.prvInitialiseTCBVariables
                0x000018a8       0xa4 C:\nxp\workspace2\LibFreeRTOS_8.2.3\Debug\libLibFreeRTOS_8.2.3.a(tasks.o)
 .text.prvInitialiseTaskLists
                0x0000194c       0x7c C:\nxp\workspace2\LibFreeRTOS_8.2.3\Debug\libLibFreeRTOS_8.2.3.a(tasks.o)
 .text.prvCheckTasksWaitingTermination
                0x000019c8       0x74 C:\nxp\workspace2\LibFreeRTOS_8.2.3\Debug\libLibFreeRTOS_8.2.3.a(tasks.o)
 .text.prvAddCurrentTaskToDelayedList
                0x00001a3c       0x6c C:\nxp\workspace2\LibFreeRTOS_8.2.3\Debug\libLibFreeRTOS_8.2.3.a(tasks.o)
 .text.prvAllocateTCBAndStack
                0x00001aa8       0x70 C:\nxp\workspace2\LibFreeRTOS_8.2.3\Debug\libLibFreeRTOS_8.2.3.a(tasks.o)
 .text.prvDeleteTCB
                0x00001b18       0x20 C:\nxp\workspace2\LibFreeRTOS_8.2.3\Debug\libLibFreeRTOS_8.2.3.a(tasks.o)
 .text.prvResetNextTaskUnblockTime
                0x00001b38       0x48 C:\nxp\workspace2\LibFreeRTOS_8.2.3\Debug\libLibFreeRTOS_8.2.3.a(tasks.o)
 .text.vTaskPriorityInherit
                0x00001b80       0xf0 C:\nxp\workspace2\LibFreeRTOS_8.2.3\Debug\libLibFreeRTOS_8.2.3.a(tasks.o)
                0x00001b80                vTaskPriorityInherit
 .text.xTaskPriorityDisinherit
                0x00001c70       0xcc C:\nxp\workspace2\LibFreeRTOS_8.2.3\Debug\libLibFreeRTOS_8.2.3.a(tasks.o)
                0x00001c70                xTaskPriorityDisinherit
 .text.pvTaskIncrementMutexHeldCount
                0x00001d3c       0x28 C:\nxp\workspace2\LibFreeRTOS_8.2.3\Debug\libLibFreeRTOS_8.2.3.a(tasks.o)
                0x00001d3c                pvTaskIncrementMutexHeldCount
 .text.pvPortMalloc
                0x00001d64       0x8c C:\nxp\workspace2\LibFreeRTOS_8.2.3\Debug\libLibFreeRTOS_8.2.3.a(heap_1.o)
                0x00001d64                pvPortMalloc
 .text.vPortFree
                0x00001df0       0x14 C:\nxp\workspace2\LibFreeRTOS_8.2.3\Debug\libLibFreeRTOS_8.2.3.a(heap_1.o)
                0x00001df0                vPortFree
 .text.pxPortInitialiseStack
                0x00001e04       0x58 C:\nxp\workspace2\LibFreeRTOS_8.2.3\Debug\libLibFreeRTOS_8.2.3.a(port.o)
                0x00001e04                pxPortInitialiseStack
 .text.prvTaskExitError
                0x00001e5c        0xc C:\nxp\workspace2\LibFreeRTOS_8.2.3\Debug\libLibFreeRTOS_8.2.3.a(port.o)
 .text.SVC_Handler
                0x00001e68       0x24 C:\nxp\workspace2\LibFreeRTOS_8.2.3\Debug\libLibFreeRTOS_8.2.3.a(port.o)
                0x00001e68                SVC_Handler
 .text.prvPortStartFirstTask
                0x00001e8c       0x20 C:\nxp\workspace2\LibFreeRTOS_8.2.3\Debug\libLibFreeRTOS_8.2.3.a(port.o)
 .text.xPortStartScheduler
                0x00001eac       0x3c C:\nxp\workspace2\LibFreeRTOS_8.2.3\Debug\libLibFreeRTOS_8.2.3.a(port.o)
                0x00001eac                xPortStartScheduler
 .text.vPortYield
                0x00001ee8       0x20 C:\nxp\workspace2\LibFreeRTOS_8.2.3\Debug\libLibFreeRTOS_8.2.3.a(port.o)
                0x00001ee8                vPortYield
 .text.vPortEnterCritical
                0x00001f08       0x20 C:\nxp\workspace2\LibFreeRTOS_8.2.3\Debug\libLibFreeRTOS_8.2.3.a(port.o)
                0x00001f08                vPortEnterCritical
 .text.vPortExitCritical
                0x00001f28       0x24 C:\nxp\workspace2\LibFreeRTOS_8.2.3\Debug\libLibFreeRTOS_8.2.3.a(port.o)
                0x00001f28                vPortExitCritical
 .text.ulPortSetInterruptMask
                0x00001f4c       0x14 C:\nxp\workspace2\LibFreeRTOS_8.2.3\Debug\libLibFreeRTOS_8.2.3.a(port.o)
                0x00001f4c                ulPortSetInterruptMask
 .text.vPortClearInterruptMask
                0x00001f60        0x8 C:\nxp\workspace2\LibFreeRTOS_8.2.3\Debug\libLibFreeRTOS_8.2.3.a(port.o)
                0x00001f60                vPortClearInterruptMask
 .text.PendSV_Handler
                0x00001f68       0x44 C:\nxp\workspace2\LibFreeRTOS_8.2.3\Debug\libLibFreeRTOS_8.2.3.a(port.o)
                0x00001f68                PendSV_Handler
 .text.SysTick_Handler
                0x00001fac       0x28 C:\nxp\workspace2\LibFreeRTOS_8.2.3\Debug\libLibFreeRTOS_8.2.3.a(port.o)
                0x00001fac                SysTick_Handler
 .text.vPortSetupTimerInterrupt
                0x00001fd4       0x34 C:\nxp\workspace2\LibFreeRTOS_8.2.3\Debug\libLibFreeRTOS_8.2.3.a(port.o)
                0x00001fd4                vPortSetupTimerInterrupt
 .text.vListInitialise
                0x00002008       0x40 C:\nxp\workspace2\LibFreeRTOS_8.2.3\Debug\libLibFreeRTOS_8.2.3.a(list.o)
                0x00002008                vListInitialise
 .text.vListInitialiseItem
                0x00002048       0x18 C:\nxp\workspace2\LibFreeRTOS_8.2.3\Debug\libLibFreeRTOS_8.2.3.a(list.o)
                0x00002048                vListInitialiseItem
 .text.vListInsertEnd
                0x00002060       0x48 C:\nxp\workspace2\LibFreeRTOS_8.2.3\Debug\libLibFreeRTOS_8.2.3.a(list.o)
                0x00002060                vListInsertEnd
 .text.vListInsert
                0x000020a8       0x70 C:\nxp\workspace2\LibFreeRTOS_8.2.3\Debug\libLibFreeRTOS_8.2.3.a(list.o)
                0x000020a8                vListInsert
 .text.uxListRemove
                0x00002118       0x54 C:\nxp\workspace2\LibFreeRTOS_8.2.3\Debug\libLibFreeRTOS_8.2.3.a(list.o)
                0x00002118                uxListRemove
 .text.SystemCoreClockUpdate
                0x0000216c       0x14 C:\nxp\workspace2\lpc_chip_175x_6x\Debug\liblpc_chip_175x_6x.a(chip_17xx_40xx.o)
                0x0000216c                SystemCoreClockUpdate
 .text.Chip_Clock_IsMainPLLEnabled
                0x00002180       0x28 C:\nxp\workspace2\lpc_chip_175x_6x\Debug\liblpc_chip_175x_6x.a(clock_17xx_40xx.o)
 .text.Chip_Clock_IsMainPLLConnected
                0x000021a8       0x28 C:\nxp\workspace2\lpc_chip_175x_6x\Debug\liblpc_chip_175x_6x.a(clock_17xx_40xx.o)
 .text.Chip_Clock_FeedPLL
                0x000021d0       0x34 C:\nxp\workspace2\lpc_chip_175x_6x\Debug\liblpc_chip_175x_6x.a(clock_17xx_40xx.o)
 .text.Chip_Clock_GetMainPLLSource
                0x00002204       0x20 C:\nxp\workspace2\lpc_chip_175x_6x\Debug\liblpc_chip_175x_6x.a(clock_17xx_40xx.o)
 .text.Chip_Clock_GetMainOscRate
                0x00002224       0x18 C:\nxp\workspace2\lpc_chip_175x_6x\Debug\liblpc_chip_175x_6x.a(clock_17xx_40xx.o)
 .text.Chip_Clock_GetIntOscRate
                0x0000223c       0x14 C:\nxp\workspace2\lpc_chip_175x_6x\Debug\liblpc_chip_175x_6x.a(clock_17xx_40xx.o)
 .text.Chip_Clock_GetRTCOscRate
                0x00002250       0x18 C:\nxp\workspace2\lpc_chip_175x_6x\Debug\liblpc_chip_175x_6x.a(clock_17xx_40xx.o)
 .text.Chip_Clock_GetMainPLLInClockRate
                0x00002268       0x10 C:\nxp\workspace2\lpc_chip_175x_6x\Debug\liblpc_chip_175x_6x.a(clock_17xx_40xx.o)
 .text.Chip_Clock_EnablePLL
                0x00002278       0x44 C:\nxp\workspace2\lpc_chip_175x_6x\Debug\liblpc_chip_175x_6x.a(clock_17xx_40xx.o)
                0x00002278                Chip_Clock_EnablePLL
 .text.Chip_Clock_DisablePLL
                0x000022bc       0x44 C:\nxp\workspace2\lpc_chip_175x_6x\Debug\liblpc_chip_175x_6x.a(clock_17xx_40xx.o)
                0x000022bc                Chip_Clock_DisablePLL
 .text.Chip_Clock_SetupPLL
                0x00002300       0x58 C:\nxp\workspace2\lpc_chip_175x_6x\Debug\liblpc_chip_175x_6x.a(clock_17xx_40xx.o)
                0x00002300                Chip_Clock_SetupPLL
 .text.Chip_Clock_EnablePeriphClock
                0x00002358       0x34 C:\nxp\workspace2\lpc_chip_175x_6x\Debug\liblpc_chip_175x_6x.a(clock_17xx_40xx.o)
                0x00002358                Chip_Clock_EnablePeriphClock
 .text.Chip_Clock_GetCPUClockSource
                0x0000238c       0x24 C:\nxp\workspace2\lpc_chip_175x_6x\Debug\liblpc_chip_175x_6x.a(clock_17xx_40xx.o)
                0x0000238c                Chip_Clock_GetCPUClockSource
 .text.Chip_Clock_SetCPUClockDiv
                0x000023b0       0x20 C:\nxp\workspace2\lpc_chip_175x_6x\Debug\liblpc_chip_175x_6x.a(clock_17xx_40xx.o)
                0x000023b0                Chip_Clock_SetCPUClockDiv
 .text.Chip_Clock_GetCPUClockDiv
                0x000023d0       0x1c C:\nxp\workspace2\lpc_chip_175x_6x\Debug\liblpc_chip_175x_6x.a(clock_17xx_40xx.o)
                0x000023d0                Chip_Clock_GetCPUClockDiv
 .text.Chip_Clock_GetSYSCLKRate
                0x000023ec       0x34 C:\nxp\workspace2\lpc_chip_175x_6x\Debug\liblpc_chip_175x_6x.a(clock_17xx_40xx.o)
                0x000023ec                Chip_Clock_GetSYSCLKRate
 .text.Chip_Clock_GetMainPLLOutClockRate
                0x00002420       0x54 C:\nxp\workspace2\lpc_chip_175x_6x\Debug\liblpc_chip_175x_6x.a(clock_17xx_40xx.o)
                0x00002420                Chip_Clock_GetMainPLLOutClockRate
 .text.Chip_Clock_GetMainClockRate
                0x00002474       0x28 C:\nxp\workspace2\lpc_chip_175x_6x\Debug\liblpc_chip_175x_6x.a(clock_17xx_40xx.o)
                0x00002474                Chip_Clock_GetMainClockRate
 .text.Chip_Clock_GetSystemClockRate
                0x0000249c       0x18 C:\nxp\workspace2\lpc_chip_175x_6x\Debug\liblpc_chip_175x_6x.a(clock_17xx_40xx.o)
                0x0000249c                Chip_Clock_GetSystemClockRate
 .text.Chip_IOCON_PinMuxSet
                0x000024b4       0x34 C:\nxp\workspace2\lpc_chip_175x_6x\Debug\liblpc_chip_175x_6x.a(iocon_17xx_40xx.o)
                0x000024b4                Chip_IOCON_PinMuxSet
 .text.Chip_IOCON_PinMux
                0x000024e8       0x94 C:\nxp\workspace2\lpc_chip_175x_6x\Debug\liblpc_chip_175x_6x.a(iocon_17xx_40xx.o)
                0x000024e8                Chip_IOCON_PinMux
 .text.Chip_IOCON_SetPinMuxing
                0x0000257c       0x60 C:\nxp\workspace2\lpc_chip_175x_6x\Debug\liblpc_chip_175x_6x.a(iocon_17xx_40xx.o)
                0x0000257c                Chip_IOCON_SetPinMuxing
 .text.Chip_Clock_IsMainPLLEnabled
                0x000025dc       0x28 C:\nxp\workspace2\lpc_chip_175x_6x\Debug\liblpc_chip_175x_6x.a(sysinit_17xx_40xx.o)
 .text.Chip_Clock_IsMainPLLLocked
                0x00002604       0x28 C:\nxp\workspace2\lpc_chip_175x_6x\Debug\liblpc_chip_175x_6x.a(sysinit_17xx_40xx.o)
 .text.Chip_Clock_IsMainPLLConnected
                0x0000262c       0x28 C:\nxp\workspace2\lpc_chip_175x_6x\Debug\liblpc_chip_175x_6x.a(sysinit_17xx_40xx.o)
 .text.Chip_Clock_EnableCrystal
                0x00002654       0x20 C:\nxp\workspace2\lpc_chip_175x_6x\Debug\liblpc_chip_175x_6x.a(sysinit_17xx_40xx.o)
 .text.Chip_Clock_IsCrystalEnabled
                0x00002674       0x28 C:\nxp\workspace2\lpc_chip_175x_6x\Debug\liblpc_chip_175x_6x.a(sysinit_17xx_40xx.o)
 .text.Chip_Clock_SetMainPLLSource
                0x0000269c       0x20 C:\nxp\workspace2\lpc_chip_175x_6x\Debug\liblpc_chip_175x_6x.a(sysinit_17xx_40xx.o)
 .text.Chip_SetupXtalClocking
                0x000026bc       0x90 C:\nxp\workspace2\lpc_chip_175x_6x\Debug\liblpc_chip_175x_6x.a(sysinit_17xx_40xx.o)
                0x000026bc                Chip_SetupXtalClocking
 .text.memcpy   0x0000274c        0x4 c:/nxp/lpcxpresso_8.0.0_526/lpcxpresso/tools/bin/../lib/gcc/arm-none-eabi/4.9.3/../../../../arm-none-eabi/lib/armv7-m\libcr_c.a(memcpy.o)
                0x0000274c                memcpy
 .text.memset   0x00002750        0x4 c:/nxp/lpcxpresso_8.0.0_526/lpcxpresso/tools/bin/../lib/gcc/arm-none-eabi/4.9.3/../../../../arm-none-eabi/lib/armv7-m\libcr_c.a(memset.o)
                0x00002750                memset
 .text.__weak_main
                0x00002754        0x4 c:/nxp/lpcxpresso_8.0.0_526/lpcxpresso/tools/bin/../lib/gcc/arm-none-eabi/4.9.3/../../../../arm-none-eabi/lib/armv7-m\libcr_c.a(__weak__main.o)
                0x00002754                __weak_main
                0x00002754                __main
 .text.__aeabi_memcpy
                0x00002758       0x34 c:/nxp/lpcxpresso_8.0.0_526/lpcxpresso/tools/bin/../lib/gcc/arm-none-eabi/4.9.3/armv7-m\libcr_eabihelpers.a(memcpy.o)
                0x00002758                __aeabi_memcpy
                0x00002762                __aeabi_memcpy8
                0x00002762                __aeabi_memcpy4
 .text.__aeabi_memset_lowlevel
                0x0000278c       0x32 c:/nxp/lpcxpresso_8.0.0_526/lpcxpresso/tools/bin/../lib/gcc/arm-none-eabi/4.9.3/armv7-m\libcr_eabihelpers.a(memcpy.o)
                0x0000278c                __aeabi_lowlevel_memset
 *(.rodata .rodata.* .constdata .constdata.*)
 *fill*         0x000027be        0x2 
 .rodata        0x000027c0       0x10 ./src/Ex14_FreeRtos.o
 .rodata.OscRateIn
                0x000027d0        0x4 C:\nxp\workspace2\LPC_BaseBoardBB1769_R02\Debug\libLPC_BaseBoardBB1769_R02.a(board.o)
                0x000027d0                OscRateIn
 .rodata.RTCOscRateIn
                0x000027d4        0x4 C:\nxp\workspace2\LPC_BaseBoardBB1769_R02\Debug\libLPC_BaseBoardBB1769_R02.a(board.o)
                0x000027d4                RTCOscRateIn
 .rodata.pinmuxing
                0x000027d8       0x68 C:\nxp\workspace2\LPC_BaseBoardBB1769_R02\Debug\libLPC_BaseBoardBB1769_R02.a(board_sysinit.o)
 .rodata        0x00002840        0x5 C:\nxp\workspace2\LibFreeRTOS_8.2.3\Debug\libLibFreeRTOS_8.2.3.a(tasks.o)
                0x00002848                . = ALIGN (0x4)
 *fill*         0x00002845        0x3 ff

.glue_7         0x00002848        0x0
 .glue_7        0x00000000        0x0 linker stubs

.glue_7t        0x00002848        0x0
 .glue_7t       0x00000000        0x0 linker stubs

.vfp11_veneer   0x00002848        0x0
 .vfp11_veneer  0x00000000        0x0 linker stubs

.v4_bx          0x00002848        0x0
 .v4_bx         0x00000000        0x0 linker stubs

.iplt           0x00002848        0x0
 .iplt          0x00000000        0x0 ./src/Ex14_FreeRtos.o

.rel.dyn        0x00002848        0x0
 .rel.iplt      0x00000000        0x0 ./src/Ex14_FreeRtos.o

.ARM.extab
 *(.ARM.extab* .gnu.linkonce.armextab.*)
                0x00002848                __exidx_start = .

.ARM.exidx
 *(.ARM.exidx* .gnu.linkonce.armexidx.*)
                0x00002848                __exidx_end = .
                0x00002848                _etext = .

.data_RAM2      0x2007c000        0x0 load address 0x00002848
 FILL mask 0xff
                0x2007c000                PROVIDE (__start_data_RAM2, .)
 *(.ramfunc.$RAM2)
 *(.ramfunc.$RamAHB32)
 *(.data.$RAM2*)
 *(.data.$RamAHB32*)
                0x2007c000                . = ALIGN (0x4)
                0x2007c000                PROVIDE (__end_data_RAM2, .)

.uninit_RESERVED
                0x10000000        0x0
 *(.bss.$RESERVED*)
                0x10000000                . = ALIGN (0x4)
                0x10000000                _end_uninit_RESERVED = .

.data           0x10000000        0x4 load address 0x00002848
 FILL mask 0xff
                0x10000000                _data = .
 *(vtable)
 *(.ramfunc*)
 *(.data*)
 .data.uxCriticalNesting
                0x10000000        0x4 C:\nxp\workspace2\LibFreeRTOS_8.2.3\Debug\libLibFreeRTOS_8.2.3.a(port.o)
                0x10000004                . = ALIGN (0x4)
                0x10000004                _edata = .

.igot.plt       0x10000004        0x0 load address 0x0000284c
 .igot.plt      0x00000000        0x0 ./src/Ex14_FreeRtos.o

.bss_RAM2       0x2007c000        0x0
                0x2007c000                PROVIDE (__start_bss_RAM2, .)
 *(.bss.$RAM2*)
 *(.bss.$RamAHB32*)
                0x2007c000                . = ALIGN ((. != 0x0)?0x4:0x1)
                0x2007c000                PROVIDE (__end_bss_RAM2, .)

.bss            0x10000004     0x2958
                0x10000004                _bss = .
 *(.bss*)
 .bss.pxCurrentTCB
                0x10000004        0x4 C:\nxp\workspace2\LibFreeRTOS_8.2.3\Debug\libLibFreeRTOS_8.2.3.a(tasks.o)
                0x10000004                pxCurrentTCB
 .bss.pxReadyTasksLists
                0x10000008       0xa0 C:\nxp\workspace2\LibFreeRTOS_8.2.3\Debug\libLibFreeRTOS_8.2.3.a(tasks.o)
 .bss.xDelayedTaskList1
                0x100000a8       0x14 C:\nxp\workspace2\LibFreeRTOS_8.2.3\Debug\libLibFreeRTOS_8.2.3.a(tasks.o)
 .bss.xDelayedTaskList2
                0x100000bc       0x14 C:\nxp\workspace2\LibFreeRTOS_8.2.3\Debug\libLibFreeRTOS_8.2.3.a(tasks.o)
 .bss.pxDelayedTaskList
                0x100000d0        0x4 C:\nxp\workspace2\LibFreeRTOS_8.2.3\Debug\libLibFreeRTOS_8.2.3.a(tasks.o)
 .bss.pxOverflowDelayedTaskList
                0x100000d4        0x4 C:\nxp\workspace2\LibFreeRTOS_8.2.3\Debug\libLibFreeRTOS_8.2.3.a(tasks.o)
 .bss.xPendingReadyList
                0x100000d8       0x14 C:\nxp\workspace2\LibFreeRTOS_8.2.3\Debug\libLibFreeRTOS_8.2.3.a(tasks.o)
 .bss.xTasksWaitingTermination
                0x100000ec       0x14 C:\nxp\workspace2\LibFreeRTOS_8.2.3\Debug\libLibFreeRTOS_8.2.3.a(tasks.o)
 .bss.uxTasksDeleted
                0x10000100        0x4 C:\nxp\workspace2\LibFreeRTOS_8.2.3\Debug\libLibFreeRTOS_8.2.3.a(tasks.o)
 .bss.xSuspendedTaskList
                0x10000104       0x14 C:\nxp\workspace2\LibFreeRTOS_8.2.3\Debug\libLibFreeRTOS_8.2.3.a(tasks.o)
 .bss.uxCurrentNumberOfTasks
                0x10000118        0x4 C:\nxp\workspace2\LibFreeRTOS_8.2.3\Debug\libLibFreeRTOS_8.2.3.a(tasks.o)
 .bss.xTickCount
                0x1000011c        0x4 C:\nxp\workspace2\LibFreeRTOS_8.2.3\Debug\libLibFreeRTOS_8.2.3.a(tasks.o)
 .bss.uxTopReadyPriority
                0x10000120        0x4 C:\nxp\workspace2\LibFreeRTOS_8.2.3\Debug\libLibFreeRTOS_8.2.3.a(tasks.o)
 .bss.xSchedulerRunning
                0x10000124        0x4 C:\nxp\workspace2\LibFreeRTOS_8.2.3\Debug\libLibFreeRTOS_8.2.3.a(tasks.o)
 .bss.uxPendedTicks
                0x10000128        0x4 C:\nxp\workspace2\LibFreeRTOS_8.2.3\Debug\libLibFreeRTOS_8.2.3.a(tasks.o)
 .bss.xYieldPending
                0x1000012c        0x4 C:\nxp\workspace2\LibFreeRTOS_8.2.3\Debug\libLibFreeRTOS_8.2.3.a(tasks.o)
 .bss.xNumOfOverflows
                0x10000130        0x4 C:\nxp\workspace2\LibFreeRTOS_8.2.3\Debug\libLibFreeRTOS_8.2.3.a(tasks.o)
 .bss.uxTaskNumber
                0x10000134        0x4 C:\nxp\workspace2\LibFreeRTOS_8.2.3\Debug\libLibFreeRTOS_8.2.3.a(tasks.o)
 .bss.xNextTaskUnblockTime
                0x10000138        0x4 C:\nxp\workspace2\LibFreeRTOS_8.2.3\Debug\libLibFreeRTOS_8.2.3.a(tasks.o)
 .bss.uxSchedulerSuspended
                0x1000013c        0x4 C:\nxp\workspace2\LibFreeRTOS_8.2.3\Debug\libLibFreeRTOS_8.2.3.a(tasks.o)
 .bss.ucHeap    0x10000140     0x2800 C:\nxp\workspace2\LibFreeRTOS_8.2.3\Debug\libLibFreeRTOS_8.2.3.a(heap_1.o)
 .bss.xNextFreeByte
                0x10002940        0x4 C:\nxp\workspace2\LibFreeRTOS_8.2.3\Debug\libLibFreeRTOS_8.2.3.a(heap_1.o)
 .bss.pucAlignedHeap.7656
                0x10002944        0x4 C:\nxp\workspace2\LibFreeRTOS_8.2.3\Debug\libLibFreeRTOS_8.2.3.a(heap_1.o)
 *(COMMON)
 COMMON         0x10002948       0x10 ./src/Ex14_FreeRtos.o
                0x10002948                indice
                0x1000294c                mutex
                0x10002950                buffercomun
                0x10002954                xQueue
 COMMON         0x10002958        0x4 C:\nxp\workspace2\lpc_chip_175x_6x\Debug\liblpc_chip_175x_6x.a(chip_17xx_40xx.o)
                0x10002958                SystemCoreClock
                0x1000295c                . = ALIGN (0x4)
                0x1000295c                _ebss = .
                0x1000295c                PROVIDE (end, .)

.noinit_RAM2    0x2007c000        0x0
 *(.noinit.$RAM2*)
 *(.noinit.$RamAHB32*)
                0x2007c000                . = ALIGN (0x4)

.noinit         0x1000295c        0x0
                0x1000295c                _noinit = .
 *(.noinit*)
                0x1000295c                . = ALIGN (0x4)
                0x1000295c                _end_noinit = .
                0x1000295c                PROVIDE (_pvHeapStart, DEFINED (__user_heap_base)?__user_heap_base:.)
                0x10008000                PROVIDE (_vStackTop, DEFINED (__user_stack_top)?__user_stack_top:(__top_RamLoc32 - 0x0))
                0xefff74b2                PROVIDE (__valid_user_code_checksum, (0x0 - ((((((_vStackTop + (ResetISR + 0x1)) + (NMI_Handler + 0x1)) + (HardFault_Handler + 0x1)) + (DEFINED (MemManage_Handler)?MemManage_Handler:0x0 + 0x1)) + (DEFINED (BusFault_Handler)?BusFault_Handler:0x0 + 0x1)) + (DEFINED (UsageFault_Handler)?UsageFault_Handler:0x0 + 0x1))))
OUTPUT(Ex14_FreeRtos.axf elf32-littlearm)

.debug_info     0x00000000     0x6043
 .debug_info    0x00000000      0x3b5 ./src/Ex14_FreeRtos.o
 .debug_info    0x000003b5      0x24e ./src/cr_startup_lpc175x_6x.o
 .debug_info    0x00000603      0x110 ./src/sysinit.o
 .debug_info    0x00000713     0x10e8 C:\nxp\workspace2\LPC_BaseBoardBB1769_R02\Debug\libLPC_BaseBoardBB1769_R02.a(board.o)
 .debug_info    0x000017fb      0x558 C:\nxp\workspace2\LPC_BaseBoardBB1769_R02\Debug\libLPC_BaseBoardBB1769_R02.a(board_sysinit.o)
 .debug_info    0x00001d53      0xcb6 C:\nxp\workspace2\LibFreeRTOS_8.2.3\Debug\libLibFreeRTOS_8.2.3.a(queue.o)
 .debug_info    0x00002a09     0x1699 C:\nxp\workspace2\LibFreeRTOS_8.2.3\Debug\libLibFreeRTOS_8.2.3.a(tasks.o)
 .debug_info    0x000040a2      0x24b C:\nxp\workspace2\LibFreeRTOS_8.2.3\Debug\libLibFreeRTOS_8.2.3.a(heap_1.o)
 .debug_info    0x000042ed      0x31d C:\nxp\workspace2\LibFreeRTOS_8.2.3\Debug\libLibFreeRTOS_8.2.3.a(port.o)
 .debug_info    0x0000460a      0x2df C:\nxp\workspace2\LibFreeRTOS_8.2.3\Debug\libLibFreeRTOS_8.2.3.a(list.o)
 .debug_info    0x000048e9      0x50a C:\nxp\workspace2\lpc_chip_175x_6x\Debug\liblpc_chip_175x_6x.a(chip_17xx_40xx.o)
 .debug_info    0x00004df3      0xb46 C:\nxp\workspace2\lpc_chip_175x_6x\Debug\liblpc_chip_175x_6x.a(clock_17xx_40xx.o)
 .debug_info    0x00005939      0x2d9 C:\nxp\workspace2\lpc_chip_175x_6x\Debug\liblpc_chip_175x_6x.a(iocon_17xx_40xx.o)
 .debug_info    0x00005c12      0x431 C:\nxp\workspace2\lpc_chip_175x_6x\Debug\liblpc_chip_175x_6x.a(sysinit_17xx_40xx.o)

.debug_abbrev   0x00000000     0x1636
 .debug_abbrev  0x00000000      0x16d ./src/Ex14_FreeRtos.o
 .debug_abbrev  0x0000016d       0xf5 ./src/cr_startup_lpc175x_6x.o
 .debug_abbrev  0x00000262       0xa3 ./src/sysinit.o
 .debug_abbrev  0x00000305      0x2e0 C:\nxp\workspace2\LPC_BaseBoardBB1769_R02\Debug\libLPC_BaseBoardBB1769_R02.a(board.o)
 .debug_abbrev  0x000005e5      0x15a C:\nxp\workspace2\LPC_BaseBoardBB1769_R02\Debug\libLPC_BaseBoardBB1769_R02.a(board_sysinit.o)
 .debug_abbrev  0x0000073f      0x1ca C:\nxp\workspace2\LibFreeRTOS_8.2.3\Debug\libLibFreeRTOS_8.2.3.a(queue.o)
 .debug_abbrev  0x00000909      0x2ac C:\nxp\workspace2\LibFreeRTOS_8.2.3\Debug\libLibFreeRTOS_8.2.3.a(tasks.o)
 .debug_abbrev  0x00000bb5      0x137 C:\nxp\workspace2\LibFreeRTOS_8.2.3\Debug\libLibFreeRTOS_8.2.3.a(heap_1.o)
 .debug_abbrev  0x00000cec      0x1ab C:\nxp\workspace2\LibFreeRTOS_8.2.3\Debug\libLibFreeRTOS_8.2.3.a(port.o)
 .debug_abbrev  0x00000e97       0xec C:\nxp\workspace2\LibFreeRTOS_8.2.3\Debug\libLibFreeRTOS_8.2.3.a(list.o)
 .debug_abbrev  0x00000f83      0x138 C:\nxp\workspace2\lpc_chip_175x_6x\Debug\liblpc_chip_175x_6x.a(chip_17xx_40xx.o)
 .debug_abbrev  0x000010bb      0x2e4 C:\nxp\workspace2\lpc_chip_175x_6x\Debug\liblpc_chip_175x_6x.a(clock_17xx_40xx.o)
 .debug_abbrev  0x0000139f      0x126 C:\nxp\workspace2\lpc_chip_175x_6x\Debug\liblpc_chip_175x_6x.a(iocon_17xx_40xx.o)
 .debug_abbrev  0x000014c5      0x171 C:\nxp\workspace2\lpc_chip_175x_6x\Debug\liblpc_chip_175x_6x.a(sysinit_17xx_40xx.o)

.debug_aranges  0x00000000      0x7f8
 .debug_aranges
                0x00000000       0x70 ./src/Ex14_FreeRtos.o
 .debug_aranges
                0x00000070       0x80 ./src/cr_startup_lpc175x_6x.o
 .debug_aranges
                0x000000f0       0x20 ./src/sysinit.o
 .debug_aranges
                0x00000110      0x118 C:\nxp\workspace2\LPC_BaseBoardBB1769_R02\Debug\libLPC_BaseBoardBB1769_R02.a(board.o)
 .debug_aranges
                0x00000228       0x38 C:\nxp\workspace2\LPC_BaseBoardBB1769_R02\Debug\libLPC_BaseBoardBB1769_R02.a(board_sysinit.o)
 .debug_aranges
                0x00000260       0xf8 C:\nxp\workspace2\LibFreeRTOS_8.2.3\Debug\libLibFreeRTOS_8.2.3.a(queue.o)
 .debug_aranges
                0x00000358      0x1b8 C:\nxp\workspace2\LibFreeRTOS_8.2.3\Debug\libLibFreeRTOS_8.2.3.a(tasks.o)
 .debug_aranges
                0x00000510       0x38 C:\nxp\workspace2\LibFreeRTOS_8.2.3\Debug\libLibFreeRTOS_8.2.3.a(heap_1.o)
 .debug_aranges
                0x00000548       0x88 C:\nxp\workspace2\LibFreeRTOS_8.2.3\Debug\libLibFreeRTOS_8.2.3.a(port.o)
 .debug_aranges
                0x000005d0       0x40 C:\nxp\workspace2\LibFreeRTOS_8.2.3\Debug\libLibFreeRTOS_8.2.3.a(list.o)
 .debug_aranges
                0x00000610       0x38 C:\nxp\workspace2\lpc_chip_175x_6x\Debug\liblpc_chip_175x_6x.a(chip_17xx_40xx.o)
 .debug_aranges
                0x00000648      0x120 C:\nxp\workspace2\lpc_chip_175x_6x\Debug\liblpc_chip_175x_6x.a(clock_17xx_40xx.o)
 .debug_aranges
                0x00000768       0x30 C:\nxp\workspace2\lpc_chip_175x_6x\Debug\liblpc_chip_175x_6x.a(iocon_17xx_40xx.o)
 .debug_aranges
                0x00000798       0x60 C:\nxp\workspace2\lpc_chip_175x_6x\Debug\liblpc_chip_175x_6x.a(sysinit_17xx_40xx.o)

.debug_ranges   0x00000000      0x718
 .debug_ranges  0x00000000       0x60 ./src/Ex14_FreeRtos.o
 .debug_ranges  0x00000060       0x70 ./src/cr_startup_lpc175x_6x.o
 .debug_ranges  0x000000d0       0x10 ./src/sysinit.o
 .debug_ranges  0x000000e0      0x108 C:\nxp\workspace2\LPC_BaseBoardBB1769_R02\Debug\libLPC_BaseBoardBB1769_R02.a(board.o)
 .debug_ranges  0x000001e8       0x28 C:\nxp\workspace2\LPC_BaseBoardBB1769_R02\Debug\libLPC_BaseBoardBB1769_R02.a(board_sysinit.o)
 .debug_ranges  0x00000210       0xe8 C:\nxp\workspace2\LibFreeRTOS_8.2.3\Debug\libLibFreeRTOS_8.2.3.a(queue.o)
 .debug_ranges  0x000002f8      0x1a8 C:\nxp\workspace2\LibFreeRTOS_8.2.3\Debug\libLibFreeRTOS_8.2.3.a(tasks.o)
 .debug_ranges  0x000004a0       0x28 C:\nxp\workspace2\LibFreeRTOS_8.2.3\Debug\libLibFreeRTOS_8.2.3.a(heap_1.o)
 .debug_ranges  0x000004c8       0x78 C:\nxp\workspace2\LibFreeRTOS_8.2.3\Debug\libLibFreeRTOS_8.2.3.a(port.o)
 .debug_ranges  0x00000540       0x30 C:\nxp\workspace2\LibFreeRTOS_8.2.3\Debug\libLibFreeRTOS_8.2.3.a(list.o)
 .debug_ranges  0x00000570       0x28 C:\nxp\workspace2\lpc_chip_175x_6x\Debug\liblpc_chip_175x_6x.a(chip_17xx_40xx.o)
 .debug_ranges  0x00000598      0x110 C:\nxp\workspace2\lpc_chip_175x_6x\Debug\liblpc_chip_175x_6x.a(clock_17xx_40xx.o)
 .debug_ranges  0x000006a8       0x20 C:\nxp\workspace2\lpc_chip_175x_6x\Debug\liblpc_chip_175x_6x.a(iocon_17xx_40xx.o)
 .debug_ranges  0x000006c8       0x50 C:\nxp\workspace2\lpc_chip_175x_6x\Debug\liblpc_chip_175x_6x.a(sysinit_17xx_40xx.o)

.debug_macro    0x00000000     0x74fe
 .debug_macro   0x00000000      0x2c0 ./src/Ex14_FreeRtos.o
 .debug_macro   0x000002c0      0x87a ./src/Ex14_FreeRtos.o
 .debug_macro   0x00000b3a       0x10 ./src/Ex14_FreeRtos.o
 .debug_macro   0x00000b4a      0x12d ./src/Ex14_FreeRtos.o
 .debug_macro   0x00000c77       0x16 ./src/Ex14_FreeRtos.o
 .debug_macro   0x00000c8d      0x5b2 ./src/Ex14_FreeRtos.o
 .debug_macro   0x0000123f       0x22 ./src/Ex14_FreeRtos.o
 .debug_macro   0x00001261       0x74 ./src/Ex14_FreeRtos.o
 .debug_macro   0x000012d5       0x10 ./src/Ex14_FreeRtos.o
 .debug_macro   0x000012e5       0x2d ./src/Ex14_FreeRtos.o
 .debug_macro   0x00001312       0x3a ./src/Ex14_FreeRtos.o
 .debug_macro   0x0000134c       0x2d ./src/Ex14_FreeRtos.o
 .debug_macro   0x00001379      0xbb1 ./src/Ex14_FreeRtos.o
 .debug_macro   0x00001f2a      0x22c ./src/Ex14_FreeRtos.o
 .debug_macro   0x00002156       0x42 ./src/Ex14_FreeRtos.o
 .debug_macro   0x00002198       0x52 ./src/Ex14_FreeRtos.o
 .debug_macro   0x000021ea       0x78 ./src/Ex14_FreeRtos.o
 .debug_macro   0x00002262       0x82 ./src/Ex14_FreeRtos.o
 .debug_macro   0x000022e4      0x48c ./src/Ex14_FreeRtos.o
 .debug_macro   0x00002770       0x34 ./src/Ex14_FreeRtos.o
 .debug_macro   0x000027a4      0x4c5 ./src/Ex14_FreeRtos.o
 .debug_macro   0x00002c69      0x1b7 ./src/Ex14_FreeRtos.o
 .debug_macro   0x00002e20       0x10 ./src/Ex14_FreeRtos.o
 .debug_macro   0x00002e30      0x21b ./src/Ex14_FreeRtos.o
 .debug_macro   0x0000304b      0x1b9 ./src/Ex14_FreeRtos.o
 .debug_macro   0x00003204       0x40 ./src/Ex14_FreeRtos.o
 .debug_macro   0x00003244       0x22 ./src/Ex14_FreeRtos.o
 .debug_macro   0x00003266      0x162 ./src/Ex14_FreeRtos.o
 .debug_macro   0x000033c8       0x94 ./src/Ex14_FreeRtos.o
 .debug_macro   0x0000345c       0xb8 ./src/Ex14_FreeRtos.o
 .debug_macro   0x00003514       0x4c ./src/Ex14_FreeRtos.o
 .debug_macro   0x00003560       0x16 ./src/Ex14_FreeRtos.o
 .debug_macro   0x00003576      0x328 ./src/Ex14_FreeRtos.o
 .debug_macro   0x0000389e       0x49 ./src/Ex14_FreeRtos.o
 .debug_macro   0x000038e7       0x16 ./src/Ex14_FreeRtos.o
 .debug_macro   0x000038fd       0xca ./src/Ex14_FreeRtos.o
 .debug_macro   0x000039c7       0x11 ./src/Ex14_FreeRtos.o
 .debug_macro   0x000039d8       0xbe ./src/Ex14_FreeRtos.o
 .debug_macro   0x00003a96       0x9a ./src/Ex14_FreeRtos.o
 .debug_macro   0x00003b30       0x20 ./src/Ex14_FreeRtos.o
 .debug_macro   0x00003b50       0x28 ./src/Ex14_FreeRtos.o
 .debug_macro   0x00003b78       0xe8 ./src/Ex14_FreeRtos.o
 .debug_macro   0x00003c60      0x15d ./src/Ex14_FreeRtos.o
 .debug_macro   0x00003dbd       0xd2 ./src/Ex14_FreeRtos.o
 .debug_macro   0x00003e8f       0x10 ./src/Ex14_FreeRtos.o
 .debug_macro   0x00003e9f       0x1f ./src/Ex14_FreeRtos.o
 .debug_macro   0x00003ebe      0x3d1 ./src/Ex14_FreeRtos.o
 .debug_macro   0x0000428f       0xc0 ./src/Ex14_FreeRtos.o
 .debug_macro   0x0000434f       0x9a ./src/Ex14_FreeRtos.o
 .debug_macro   0x000043e9       0xb0 ./src/Ex14_FreeRtos.o
 .debug_macro   0x00004499       0x7f ./src/Ex14_FreeRtos.o
 .debug_macro   0x00004518       0x82 ./src/Ex14_FreeRtos.o
 .debug_macro   0x0000459a       0x1d ./src/cr_startup_lpc175x_6x.o
 .debug_macro   0x000045b7      0x217 ./src/sysinit.o
 .debug_macro   0x000047ce       0x7b ./src/sysinit.o
 .debug_macro   0x00004849       0x18 ./src/sysinit.o
 .debug_macro   0x00004861      0x22e C:\nxp\workspace2\LPC_BaseBoardBB1769_R02\Debug\libLPC_BaseBoardBB1769_R02.a(board.o)
 .debug_macro   0x00004a8f      0x874 C:\nxp\workspace2\LPC_BaseBoardBB1769_R02\Debug\libLPC_BaseBoardBB1769_R02.a(board.o)
 .debug_macro   0x00005303       0x12 C:\nxp\workspace2\LPC_BaseBoardBB1769_R02\Debug\libLPC_BaseBoardBB1769_R02.a(board.o)
 .debug_macro   0x00005315      0x217 C:\nxp\workspace2\LPC_BaseBoardBB1769_R02\Debug\libLPC_BaseBoardBB1769_R02.a(board_sysinit.o)
 .debug_macro   0x0000552c      0x303 C:\nxp\workspace2\LibFreeRTOS_8.2.3\Debug\libLibFreeRTOS_8.2.3.a(queue.o)
 .debug_macro   0x0000582f      0x874 C:\nxp\workspace2\LibFreeRTOS_8.2.3\Debug\libLibFreeRTOS_8.2.3.a(queue.o)
 .debug_macro   0x000060a3       0x28 C:\nxp\workspace2\LibFreeRTOS_8.2.3\Debug\libLibFreeRTOS_8.2.3.a(queue.o)
 .debug_macro   0x000060cb       0x76 C:\nxp\workspace2\LibFreeRTOS_8.2.3\Debug\libLibFreeRTOS_8.2.3.a(queue.o)
 .debug_macro   0x00006141       0x20 C:\nxp\workspace2\LibFreeRTOS_8.2.3\Debug\libLibFreeRTOS_8.2.3.a(queue.o)
 .debug_macro   0x00006161      0x33f C:\nxp\workspace2\LibFreeRTOS_8.2.3\Debug\libLibFreeRTOS_8.2.3.a(tasks.o)
 .debug_macro   0x000064a0       0x91 C:\nxp\workspace2\LibFreeRTOS_8.2.3\Debug\libLibFreeRTOS_8.2.3.a(tasks.o)
 .debug_macro   0x00006531       0x11 C:\nxp\workspace2\LibFreeRTOS_8.2.3\Debug\libLibFreeRTOS_8.2.3.a(tasks.o)
 .debug_macro   0x00006542      0x2bb C:\nxp\workspace2\LibFreeRTOS_8.2.3\Debug\libLibFreeRTOS_8.2.3.a(heap_1.o)
 .debug_macro   0x000067fd      0x333 C:\nxp\workspace2\LibFreeRTOS_8.2.3\Debug\libLibFreeRTOS_8.2.3.a(port.o)
 .debug_macro   0x00006b30      0x29a C:\nxp\workspace2\LibFreeRTOS_8.2.3\Debug\libLibFreeRTOS_8.2.3.a(list.o)
 .debug_macro   0x00006dca      0x1cd C:\nxp\workspace2\lpc_chip_175x_6x\Debug\liblpc_chip_175x_6x.a(chip_17xx_40xx.o)
 .debug_macro   0x00006f97      0x1cd C:\nxp\workspace2\lpc_chip_175x_6x\Debug\liblpc_chip_175x_6x.a(clock_17xx_40xx.o)
 .debug_macro   0x00007164      0x1cd C:\nxp\workspace2\lpc_chip_175x_6x\Debug\liblpc_chip_175x_6x.a(iocon_17xx_40xx.o)
 .debug_macro   0x00007331      0x1cd C:\nxp\workspace2\lpc_chip_175x_6x\Debug\liblpc_chip_175x_6x.a(sysinit_17xx_40xx.o)

.debug_line     0x00000000     0x5373
 .debug_line    0x00000000      0x6b9 ./src/Ex14_FreeRtos.o
 .debug_line    0x000006b9       0xd5 ./src/cr_startup_lpc175x_6x.o
 .debug_line    0x0000078e      0x443 ./src/sysinit.o
 .debug_line    0x00000bd1      0x700 C:\nxp\workspace2\LPC_BaseBoardBB1769_R02\Debug\libLPC_BaseBoardBB1769_R02.a(board.o)
 .debug_line    0x000012d1      0x483 C:\nxp\workspace2\LPC_BaseBoardBB1769_R02\Debug\libLPC_BaseBoardBB1769_R02.a(board_sysinit.o)
 .debug_line    0x00001754      0x910 C:\nxp\workspace2\LibFreeRTOS_8.2.3\Debug\libLibFreeRTOS_8.2.3.a(queue.o)
 .debug_line    0x00002064      0xda2 C:\nxp\workspace2\LibFreeRTOS_8.2.3\Debug\libLibFreeRTOS_8.2.3.a(tasks.o)
 .debug_line    0x00002e06      0x5ab C:\nxp\workspace2\LibFreeRTOS_8.2.3\Debug\libLibFreeRTOS_8.2.3.a(heap_1.o)
 .debug_line    0x000033b1      0x666 C:\nxp\workspace2\LibFreeRTOS_8.2.3\Debug\libLibFreeRTOS_8.2.3.a(port.o)
 .debug_line    0x00003a17      0x5b7 C:\nxp\workspace2\LibFreeRTOS_8.2.3\Debug\libLibFreeRTOS_8.2.3.a(list.o)
 .debug_line    0x00003fce      0x433 C:\nxp\workspace2\lpc_chip_175x_6x\Debug\liblpc_chip_175x_6x.a(chip_17xx_40xx.o)
 .debug_line    0x00004401      0x6aa C:\nxp\workspace2\lpc_chip_175x_6x\Debug\liblpc_chip_175x_6x.a(clock_17xx_40xx.o)
 .debug_line    0x00004aab      0x41f C:\nxp\workspace2\lpc_chip_175x_6x\Debug\liblpc_chip_175x_6x.a(iocon_17xx_40xx.o)
 .debug_line    0x00004eca      0x4a9 C:\nxp\workspace2\lpc_chip_175x_6x\Debug\liblpc_chip_175x_6x.a(sysinit_17xx_40xx.o)

.debug_str      0x00000000    0x19ae5
 .debug_str     0x00000000    0x15913 ./src/Ex14_FreeRtos.o
                              0x15a49 (size before relaxing)
 .debug_str     0x00015913      0x1bd ./src/cr_startup_lpc175x_6x.o
                               0x2631 (size before relaxing)
 .debug_str     0x00015ad0       0x51 ./src/sysinit.o
                              0x10b0c (size before relaxing)
 .debug_str     0x00015b21      0x9ef C:\nxp\workspace2\LPC_BaseBoardBB1769_R02\Debug\libLPC_BaseBoardBB1769_R02.a(board.o)
                              0x116a6 (size before relaxing)
 .debug_str     0x00016510      0x22d C:\nxp\workspace2\LPC_BaseBoardBB1769_R02\Debug\libLPC_BaseBoardBB1769_R02.a(board_sysinit.o)
                              0x10f10 (size before relaxing)
 .debug_str     0x0001673d      0x941 C:\nxp\workspace2\LibFreeRTOS_8.2.3\Debug\libLibFreeRTOS_8.2.3.a(queue.o)
                              0x15474 (size before relaxing)
 .debug_str     0x0001707e     0x18a1 C:\nxp\workspace2\LibFreeRTOS_8.2.3\Debug\libLibFreeRTOS_8.2.3.a(tasks.o)
                              0x15cf2 (size before relaxing)
 .debug_str     0x0001891f       0xe4 C:\nxp\workspace2\LibFreeRTOS_8.2.3\Debug\libLibFreeRTOS_8.2.3.a(heap_1.o)
                              0x1433a (size before relaxing)
 .debug_str     0x00018a03      0x617 C:\nxp\workspace2\LibFreeRTOS_8.2.3\Debug\libLibFreeRTOS_8.2.3.a(port.o)
                              0x1483a (size before relaxing)
 .debug_str     0x0001901a       0x9b C:\nxp\workspace2\LibFreeRTOS_8.2.3\Debug\libLibFreeRTOS_8.2.3.a(list.o)
                              0x13a4b (size before relaxing)
 .debug_str     0x000190b5       0x9c C:\nxp\workspace2\lpc_chip_175x_6x\Debug\liblpc_chip_175x_6x.a(chip_17xx_40xx.o)
                              0x10ae5 (size before relaxing)
 .debug_str     0x00019151      0x857 C:\nxp\workspace2\lpc_chip_175x_6x\Debug\liblpc_chip_175x_6x.a(clock_17xx_40xx.o)
                              0x11153 (size before relaxing)
 .debug_str     0x000199a8       0x79 C:\nxp\workspace2\lpc_chip_175x_6x\Debug\liblpc_chip_175x_6x.a(iocon_17xx_40xx.o)
                              0x105d0 (size before relaxing)
 .debug_str     0x00019a21       0xc4 C:\nxp\workspace2\lpc_chip_175x_6x\Debug\liblpc_chip_175x_6x.a(sysinit_17xx_40xx.o)
                              0x107b8 (size before relaxing)

.comment        0x00000000       0xe0
 .comment       0x00000000       0x70 ./src/Ex14_FreeRtos.o
                                 0x71 (size before relaxing)
 .comment       0x00000000       0x71 ./src/cr_startup_lpc175x_6x.o
 .comment       0x00000000       0x71 ./src/sysinit.o
 .comment       0x00000000       0x71 C:\nxp\workspace2\LPC_BaseBoardBB1769_R02\Debug\libLPC_BaseBoardBB1769_R02.a(board.o)
 .comment       0x00000000       0x71 C:\nxp\workspace2\LPC_BaseBoardBB1769_R02\Debug\libLPC_BaseBoardBB1769_R02.a(board_sysinit.o)
 .comment       0x00000000       0x71 C:\nxp\workspace2\LibFreeRTOS_8.2.3\Debug\libLibFreeRTOS_8.2.3.a(queue.o)
 .comment       0x00000000       0x71 C:\nxp\workspace2\LibFreeRTOS_8.2.3\Debug\libLibFreeRTOS_8.2.3.a(tasks.o)
 .comment       0x00000000       0x71 C:\nxp\workspace2\LibFreeRTOS_8.2.3\Debug\libLibFreeRTOS_8.2.3.a(heap_1.o)
 .comment       0x00000000       0x71 C:\nxp\workspace2\LibFreeRTOS_8.2.3\Debug\libLibFreeRTOS_8.2.3.a(port.o)
 .comment       0x00000000       0x71 C:\nxp\workspace2\LibFreeRTOS_8.2.3\Debug\libLibFreeRTOS_8.2.3.a(list.o)
 .comment       0x00000000       0x71 C:\nxp\workspace2\lpc_chip_175x_6x\Debug\liblpc_chip_175x_6x.a(chip_17xx_40xx.o)
 .comment       0x00000000       0x71 C:\nxp\workspace2\lpc_chip_175x_6x\Debug\liblpc_chip_175x_6x.a(clock_17xx_40xx.o)
 .comment       0x00000000       0x71 C:\nxp\workspace2\lpc_chip_175x_6x\Debug\liblpc_chip_175x_6x.a(iocon_17xx_40xx.o)
 .comment       0x00000000       0x71 C:\nxp\workspace2\lpc_chip_175x_6x\Debug\liblpc_chip_175x_6x.a(sysinit_17xx_40xx.o)
 .comment       0x00000070       0x70 c:/nxp/lpcxpresso_8.0.0_526/lpcxpresso/tools/bin/../lib/gcc/arm-none-eabi/4.9.3/../../../../arm-none-eabi/lib/armv7-m\libcr_c.a(memcpy.o)
                                 0x71 (size before relaxing)
 .comment       0x00000000       0x71 c:/nxp/lpcxpresso_8.0.0_526/lpcxpresso/tools/bin/../lib/gcc/arm-none-eabi/4.9.3/../../../../arm-none-eabi/lib/armv7-m\libcr_c.a(memset.o)
 .comment       0x00000000       0x71 c:/nxp/lpcxpresso_8.0.0_526/lpcxpresso/tools/bin/../lib/gcc/arm-none-eabi/4.9.3/../../../../arm-none-eabi/lib/armv7-m\libcr_c.a(__weak__main.o)

.ARM.attributes
                0x00000000       0x31
 .ARM.attributes
                0x00000000       0x33 ./src/Ex14_FreeRtos.o
 .ARM.attributes
                0x00000033       0x33 ./src/cr_startup_lpc175x_6x.o
 .ARM.attributes
                0x00000066       0x33 ./src/sysinit.o
 .ARM.attributes
                0x00000099       0x33 C:\nxp\workspace2\LPC_BaseBoardBB1769_R02\Debug\libLPC_BaseBoardBB1769_R02.a(board.o)
 .ARM.attributes
                0x000000cc       0x33 C:\nxp\workspace2\LPC_BaseBoardBB1769_R02\Debug\libLPC_BaseBoardBB1769_R02.a(board_sysinit.o)
 .ARM.attributes
                0x000000ff       0x33 C:\nxp\workspace2\LibFreeRTOS_8.2.3\Debug\libLibFreeRTOS_8.2.3.a(queue.o)
 .ARM.attributes
                0x00000132       0x33 C:\nxp\workspace2\LibFreeRTOS_8.2.3\Debug\libLibFreeRTOS_8.2.3.a(tasks.o)
 .ARM.attributes
                0x00000165       0x33 C:\nxp\workspace2\LibFreeRTOS_8.2.3\Debug\libLibFreeRTOS_8.2.3.a(heap_1.o)
 .ARM.attributes
                0x00000198       0x33 C:\nxp\workspace2\LibFreeRTOS_8.2.3\Debug\libLibFreeRTOS_8.2.3.a(port.o)
 .ARM.attributes
                0x000001cb       0x33 C:\nxp\workspace2\LibFreeRTOS_8.2.3\Debug\libLibFreeRTOS_8.2.3.a(list.o)
 .ARM.attributes
                0x000001fe       0x33 C:\nxp\workspace2\lpc_chip_175x_6x\Debug\liblpc_chip_175x_6x.a(chip_17xx_40xx.o)
 .ARM.attributes
                0x00000231       0x33 C:\nxp\workspace2\lpc_chip_175x_6x\Debug\liblpc_chip_175x_6x.a(clock_17xx_40xx.o)
 .ARM.attributes
                0x00000264       0x33 C:\nxp\workspace2\lpc_chip_175x_6x\Debug\liblpc_chip_175x_6x.a(iocon_17xx_40xx.o)
 .ARM.attributes
                0x00000297       0x33 C:\nxp\workspace2\lpc_chip_175x_6x\Debug\liblpc_chip_175x_6x.a(sysinit_17xx_40xx.o)
 .ARM.attributes
                0x000002ca       0x33 c:/nxp/lpcxpresso_8.0.0_526/lpcxpresso/tools/bin/../lib/gcc/arm-none-eabi/4.9.3/../../../../arm-none-eabi/lib/armv7-m\libcr_c.a(memcpy.o)
 .ARM.attributes
                0x000002fd       0x33 c:/nxp/lpcxpresso_8.0.0_526/lpcxpresso/tools/bin/../lib/gcc/arm-none-eabi/4.9.3/../../../../arm-none-eabi/lib/armv7-m\libcr_c.a(memset.o)
 .ARM.attributes
                0x00000330       0x33 c:/nxp/lpcxpresso_8.0.0_526/lpcxpresso/tools/bin/../lib/gcc/arm-none-eabi/4.9.3/../../../../arm-none-eabi/lib/armv7-m\libcr_c.a(__weak__main.o)
 .ARM.attributes
                0x00000363       0x21 c:/nxp/lpcxpresso_8.0.0_526/lpcxpresso/tools/bin/../lib/gcc/arm-none-eabi/4.9.3/armv7-m\libcr_eabihelpers.a(memcpy.o)

.debug_frame    0x00000000     0x1d80
 .debug_frame   0x00000000      0x16c ./src/Ex14_FreeRtos.o
 .debug_frame   0x0000016c      0x170 ./src/cr_startup_lpc175x_6x.o
 .debug_frame   0x000002dc       0x34 ./src/sysinit.o
 .debug_frame   0x00000310      0x490 C:\nxp\workspace2\LPC_BaseBoardBB1769_R02\Debug\libLPC_BaseBoardBB1769_R02.a(board.o)
 .debug_frame   0x000007a0       0x8c C:\nxp\workspace2\LPC_BaseBoardBB1769_R02\Debug\libLPC_BaseBoardBB1769_R02.a(board_sysinit.o)
 .debug_frame   0x0000082c      0x428 C:\nxp\workspace2\LibFreeRTOS_8.2.3\Debug\libLibFreeRTOS_8.2.3.a(queue.o)
 .debug_frame   0x00000c54      0x778 C:\nxp\workspace2\LibFreeRTOS_8.2.3\Debug\libLibFreeRTOS_8.2.3.a(tasks.o)
 .debug_frame   0x000013cc       0x9c C:\nxp\workspace2\LibFreeRTOS_8.2.3\Debug\libLibFreeRTOS_8.2.3.a(heap_1.o)
 .debug_frame   0x00001468      0x174 C:\nxp\workspace2\LibFreeRTOS_8.2.3\Debug\libLibFreeRTOS_8.2.3.a(port.o)
 .debug_frame   0x000015dc       0xd8 C:\nxp\workspace2\LibFreeRTOS_8.2.3\Debug\libLibFreeRTOS_8.2.3.a(list.o)
 .debug_frame   0x000016b4       0x88 C:\nxp\workspace2\lpc_chip_175x_6x\Debug\liblpc_chip_175x_6x.a(chip_17xx_40xx.o)
 .debug_frame   0x0000173c      0x490 C:\nxp\workspace2\lpc_chip_175x_6x\Debug\liblpc_chip_175x_6x.a(clock_17xx_40xx.o)
 .debug_frame   0x00001bcc       0x88 C:\nxp\workspace2\lpc_chip_175x_6x\Debug\liblpc_chip_175x_6x.a(iocon_17xx_40xx.o)
 .debug_frame   0x00001c54      0x12c C:\nxp\workspace2\lpc_chip_175x_6x\Debug\liblpc_chip_175x_6x.a(sysinit_17xx_40xx.o)
