Archive member included because of file (symbol)

C:\nxp\workspace2\lpc_board_nxp_lpcxpresso_1769\Debug\liblpc_board_nxp_lpcxpresso_1769.a(board.o)
                              ./src/Ex3_FreeRtos.o (Board_LED_Set)
C:\nxp\workspace2\lpc_board_nxp_lpcxpresso_1769\Debug\liblpc_board_nxp_lpcxpresso_1769.a(board_sysinit.o)
                              ./src/sysinit.o (Board_SystemInit)
C:\nxp\workspace2\LibFreeRTOS_8.2.3\Debug\libLibFreeRTOS_8.2.3.a(basic_io.o)
                              ./src/Ex3_FreeRtos.o (vPrintString)
C:\nxp\workspace2\LibFreeRTOS_8.2.3\Debug\libLibFreeRTOS_8.2.3.a(consoleprint.o)
                              C:\nxp\workspace2\LibFreeRTOS_8.2.3\Debug\libLibFreeRTOS_8.2.3.a(basic_io.o) (consoleprint)
C:\nxp\workspace2\LibFreeRTOS_8.2.3\Debug\libLibFreeRTOS_8.2.3.a(tasks.o)
                              ./src/Ex3_FreeRtos.o (xTaskGenericCreate)
C:\nxp\workspace2\LibFreeRTOS_8.2.3\Debug\libLibFreeRTOS_8.2.3.a(heap_1.o)
                              C:\nxp\workspace2\LibFreeRTOS_8.2.3\Debug\libLibFreeRTOS_8.2.3.a(tasks.o) (pvPortMalloc)
C:\nxp\workspace2\LibFreeRTOS_8.2.3\Debug\libLibFreeRTOS_8.2.3.a(port.o)
                              C:\nxp\workspace2\LibFreeRTOS_8.2.3\Debug\libLibFreeRTOS_8.2.3.a(tasks.o) (pxPortInitialiseStack)
C:\nxp\workspace2\LibFreeRTOS_8.2.3\Debug\libLibFreeRTOS_8.2.3.a(list.o)
                              C:\nxp\workspace2\LibFreeRTOS_8.2.3\Debug\libLibFreeRTOS_8.2.3.a(tasks.o) (vListInitialise)
C:\nxp\workspace2\lpc_chip_175x_6x\Debug\liblpc_chip_175x_6x.a(chip_17xx_40xx.o)
                              C:\nxp\workspace2\LibFreeRTOS_8.2.3\Debug\libLibFreeRTOS_8.2.3.a(port.o) (SystemCoreClock)
C:\nxp\workspace2\lpc_chip_175x_6x\Debug\liblpc_chip_175x_6x.a(clock_17xx_40xx.o)
                              C:\nxp\workspace2\lpc_chip_175x_6x\Debug\liblpc_chip_175x_6x.a(chip_17xx_40xx.o) (Chip_Clock_EnablePLL)
C:\nxp\workspace2\lpc_chip_175x_6x\Debug\liblpc_chip_175x_6x.a(i2s_17xx_40xx.o)
                              C:\nxp\workspace2\lpc_board_nxp_lpcxpresso_1769\Debug\liblpc_board_nxp_lpcxpresso_1769.a(board.o) (Chip_I2S_Init)
C:\nxp\workspace2\lpc_chip_175x_6x\Debug\liblpc_chip_175x_6x.a(iocon_17xx_40xx.o)
                              C:\nxp\workspace2\lpc_board_nxp_lpcxpresso_1769\Debug\liblpc_board_nxp_lpcxpresso_1769.a(board.o) (Chip_IOCON_PinMux)
C:\nxp\workspace2\lpc_chip_175x_6x\Debug\liblpc_chip_175x_6x.a(sysinit_17xx_40xx.o)
                              C:\nxp\workspace2\lpc_board_nxp_lpcxpresso_1769\Debug\liblpc_board_nxp_lpcxpresso_1769.a(board_sysinit.o) (Chip_SetupXtalClocking)
C:\nxp\workspace2\lpc_chip_175x_6x\Debug\liblpc_chip_175x_6x.a(uart_17xx_40xx.o)
                              C:\nxp\workspace2\lpc_board_nxp_lpcxpresso_1769\Debug\liblpc_board_nxp_lpcxpresso_1769.a(board.o) (Chip_UART_Init)
C:\nxp\workspace2\lpc_chip_175x_6x\Debug\liblpc_chip_175x_6x.a(ring_buffer.o)
                              C:\nxp\workspace2\lpc_chip_175x_6x\Debug\liblpc_chip_175x_6x.a(uart_17xx_40xx.o) (RingBuffer_Insert)
c:/nxp/lpcxpresso_8.0.0_526/lpcxpresso/tools/bin/../lib/gcc/arm-none-eabi/4.9.3/../../../../arm-none-eabi/lib/armv7-m\libcr_semihost.a(__sys_write.o)
                              C:\nxp\workspace2\LibFreeRTOS_8.2.3\Debug\libLibFreeRTOS_8.2.3.a(consoleprint.o) (__write)
c:/nxp/lpcxpresso_8.0.0_526/lpcxpresso/tools/bin/../lib/gcc/arm-none-eabi/4.9.3/../../../../arm-none-eabi/lib/armv7-m\libcr_semihost.a(_cr__main.o)
                              ./src/cr_startup_lpc175x_6x.o (__main)
c:/nxp/lpcxpresso_8.0.0_526/lpcxpresso/tools/bin/../lib/gcc/arm-none-eabi/4.9.3/../../../../arm-none-eabi/lib/armv7-m\libcr_c.a(memcpy.o)
                              C:\nxp\workspace2\lpc_board_nxp_lpcxpresso_1769\Debug\liblpc_board_nxp_lpcxpresso_1769.a(board.o) (memcpy)
c:/nxp/lpcxpresso_8.0.0_526/lpcxpresso/tools/bin/../lib/gcc/arm-none-eabi/4.9.3/../../../../arm-none-eabi/lib/armv7-m\libcr_c.a(memset.o)
                              C:\nxp\workspace2\LibFreeRTOS_8.2.3\Debug\libLibFreeRTOS_8.2.3.a(tasks.o) (memset)
c:/nxp/lpcxpresso_8.0.0_526/lpcxpresso/tools/bin/../lib/gcc/arm-none-eabi/4.9.3/../../../../arm-none-eabi/lib/armv7-m\libcr_c.a(fpprintf.o)
                              C:\nxp\workspace2\LibFreeRTOS_8.2.3\Debug\libLibFreeRTOS_8.2.3.a(basic_io.o) (sprintf)
c:/nxp/lpcxpresso_8.0.0_526/lpcxpresso/tools/bin/../lib/gcc/arm-none-eabi/4.9.3/../../../../arm-none-eabi/lib/armv7-m\libcr_c.a(initio.o)
                              c:/nxp/lpcxpresso_8.0.0_526/lpcxpresso/tools/bin/../lib/gcc/arm-none-eabi/4.9.3/../../../../arm-none-eabi/lib/armv7-m\libcr_semihost.a(_cr__main.o) (_initio)
c:/nxp/lpcxpresso_8.0.0_526/lpcxpresso/tools/bin/../lib/gcc/arm-none-eabi/4.9.3/../../../../arm-none-eabi/lib/armv7-m\libcr_c.a(printf.o)
                              c:/nxp/lpcxpresso_8.0.0_526/lpcxpresso/tools/bin/../lib/gcc/arm-none-eabi/4.9.3/../../../../arm-none-eabi/lib/armv7-m\libcr_c.a(fpprintf.o) (__vfprintf)
[...]
Memory Configuration

Name             Origin             Length             Attributes
MFlash512        0x00000000         0x00080000         xr
RamLoc32         0x10000000         0x00008000         xrw
RamAHB32         0x2007c000         0x00008000         xrw
*default*        0x00000000         0xffffffff

Linker script and memory map

LOAD ./src/Ex3_FreeRtos.o
LOAD ./src/cr_startup_lpc175x_6x.o
LOAD ./src/crp.o
LOAD ./src/sysinit.o
LOAD C:\nxp\workspace2\lpc_board_nxp_lpcxpresso_1769\Debug\liblpc_board_nxp_lpcxpresso_1769.a
LOAD C:\nxp\workspace2\LibFreeRTOS_8.2.3\Debug\libLibFreeRTOS_8.2.3.a
LOAD C:\nxp\workspace2\lpc_chip_175x_6x\Debug\liblpc_chip_175x_6x.a
START GROUP
LOAD c:/nxp/lpcxpresso_8.0.0_526/lpcxpresso/tools/bin/../lib/gcc/arm-none-eabi/4.9.3/../../../../arm-none-eabi/lib/armv7-m\libcr_semihost.a
LOAD c:/nxp/lpcxpresso_8.0.0_526/lpcxpresso/tools/bin/../lib/gcc/arm-none-eabi/4.9.3/../../../../arm-none-eabi/lib/armv7-m\libcr_c.a
LOAD c:/nxp/lpcxpresso_8.0.0_526/lpcxpresso/tools/bin/../lib/gcc/arm-none-eabi/4.9.3/armv7-m\libcr_eabihelpers.a
END GROUP
                0x00000000                __base_MFlash512 = 0x0
                0x00000000                __base_Flash = 0x0
                0x00080000                __top_MFlash512 = 0x80000
                0x00080000                __top_Flash = 0x80000
                0x10000000                __base_RamLoc32 = 0x10000000
                0x10000000                __base_RAM = 0x10000000
                0x10008000                __top_RamLoc32 = 0x10008000
                0x10008000                __top_RAM = 0x10008000
                0x2007c000                __base_RamAHB32 = 0x2007c000
                0x2007c000                __base_RAM2 = 0x2007c000
                0x20084000                __top_RamAHB32 = 0x20084000
                0x20084000                __top_RAM2 = 0x20084000

.text           0x00000000     0x4298
 FILL mask 0xff
                0x00000000                __vectors_start__ = ABSOLUTE (.)
 *(.isr_vector)
 .isr_vector    0x00000000       0xcc ./src/cr_startup_lpc175x_6x.o
                0x00000000                g_pfnVectors
                0x000000cc                . = ALIGN (0x4)
                0x000000cc                __section_table_start = .
                0x000000cc                __data_section_table = .
                0x000000cc        0x4 LONG 0x4298 LOADADDR (.data)
                0x000000d0        0x4 LONG 0x10000000 ADDR (.data)
                0x000000d4        0x4 LONG 0xc SIZEOF (.data)
                0x000000d8        0x4 LONG 0x4298 LOADADDR (.data_RAM2)
                0x000000dc        0x4 LONG 0x2007c000 ADDR (.data_RAM2)
                0x000000e0        0x4 LONG 0x0 SIZEOF (.data_RAM2)
                0x000000e4                __data_section_table_end = .
                0x000000e4                __bss_section_table = .
                0x000000e4        0x4 LONG 0x1000000c ADDR (.bss)
                0x000000e8        0x4 LONG 0x2ad8 SIZEOF (.bss)
                0x000000ec        0x4 LONG 0x2007c000 ADDR (.bss_RAM2)
                0x000000f0        0x4 LONG 0x0 SIZEOF (.bss_RAM2)
                0x000000f4                __bss_section_table_end = .
                0x000000f4                __section_table_end = .
 *(.after_vectors*)
 .after_vectors
                0x000000f4      0x144 ./src/cr_startup_lpc175x_6x.o
                0x000000f4                data_init
                0x00000138                bss_init
                0x00000170                ResetISR
                0x000001e8                NMI_Handler
                0x000001f0                HardFault_Handler
                0x000001f8                MemManage_Handler
                0x00000200                BusFault_Handler
                0x00000208                UsageFault_Handler
                0x00000218                DebugMon_Handler
                0x00000230                UART1_IRQHandler
                0x00000230                EINT3_IRQHandler
                0x00000230                I2C1_IRQHandler
                0x00000230                TIMER3_IRQHandler
                0x00000230                UART0_IRQHandler
                0x00000230                USBActivity_IRQHandler
                0x00000230                CANActivity_IRQHandler
                0x00000230                EINT2_IRQHandler
                0x00000230                IntDefaultHandler
                0x00000230                PLL0_IRQHandler
                0x00000230                CAN_IRQHandler
                0x00000230                I2C0_IRQHandler
                0x00000230                SSP0_IRQHandler
                0x00000230                I2S_IRQHandler
                0x00000230                I2C2_IRQHandler
                0x00000230                RTC_IRQHandler
                0x00000230                TIMER0_IRQHandler
                0x00000230                SPI_IRQHandler
                0x00000230                RIT_IRQHandler
                0x00000230                EINT1_IRQHandler
                0x00000230                TIMER1_IRQHandler
                0x00000230                UART2_IRQHandler
                0x00000230                ADC_IRQHandler
                0x00000230                SSP1_IRQHandler
                0x00000230                USB_IRQHandler
                0x00000230                BOD_IRQHandler
                0x00000230                PWM1_IRQHandler
                0x00000230                WDT_IRQHandler
                0x00000230                QEI_IRQHandler
                0x00000230                EINT0_IRQHandler
                0x00000230                ETH_IRQHandler
                0x00000230                PLL1_IRQHandler
                0x00000230                DMA_IRQHandler
                0x00000230                TIMER2_IRQHandler
                0x00000230                UART3_IRQHandler
                0x00000230                MCPWM_IRQHandler
 *(.text*)
 .text.prvSetupHardware
                0x00000238       0x18 ./src/Ex3_FreeRtos.o
 .text.main     0x00000250       0x64 ./src/Ex3_FreeRtos.o
                0x00000250                main
 .text.vTaskFunction
                0x000002b4       0x1c ./src/Ex3_FreeRtos.o
                0x000002b4                vTaskFunction
 .text.vApplicationIdleHook
                0x000002d0        0xc ./src/Ex3_FreeRtos.o
                0x000002d0                vApplicationIdleHook
 .text.SystemInit
                0x000002dc       0x24 ./src/sysinit.o
                0x000002dc                SystemInit
 .text.Chip_IOCON_Init
                0x00000300       0x14 C:\nxp\workspace2\lpc_board_nxp_lpcxpresso_1769\Debug\liblpc_board_nxp_lpcxpresso_1769.a(board.o)
 .text.Chip_GPIO_Init
                0x00000314       0x14 C:\nxp\workspace2\lpc_board_nxp_lpcxpresso_1769\Debug\liblpc_board_nxp_lpcxpresso_1769.a(board.o)
 .text.Chip_GPIO_SetPinState
                0x00000328       0x68 C:\nxp\workspace2\lpc_board_nxp_lpcxpresso_1769\Debug\liblpc_board_nxp_lpcxpresso_1769.a(board.o)
 .text.Chip_GPIO_WritePortBit
                0x00000390       0x2c C:\nxp\workspace2\lpc_board_nxp_lpcxpresso_1769\Debug\liblpc_board_nxp_lpcxpresso_1769.a(board.o)
 .text.Chip_GPIO_SetPinDIROutput
                0x000003bc       0x38 C:\nxp\workspace2\lpc_board_nxp_lpcxpresso_1769\Debug\liblpc_board_nxp_lpcxpresso_1769.a(board.o)
 .text.Chip_GPIO_SetPinDIRInput
                0x000003f4       0x3c C:\nxp\workspace2\lpc_board_nxp_lpcxpresso_1769\Debug\liblpc_board_nxp_lpcxpresso_1769.a(board.o)
 .text.Chip_GPIO_SetPinDIR
                0x00000430       0x44 C:\nxp\workspace2\lpc_board_nxp_lpcxpresso_1769\Debug\liblpc_board_nxp_lpcxpresso_1769.a(board.o)
 .text.Chip_GPIO_WriteDirBit
                0x00000474       0x2c C:\nxp\workspace2\lpc_board_nxp_lpcxpresso_1769\Debug\liblpc_board_nxp_lpcxpresso_1769.a(board.o)
 .text.Board_LED_Init
                0x000004a0       0x18 C:\nxp\workspace2\lpc_board_nxp_lpcxpresso_1769\Debug\liblpc_board_nxp_lpcxpresso_1769.a(board.o)
 .text.Board_LED_Set
                0x000004b8       0x2c C:\nxp\workspace2\lpc_board_nxp_lpcxpresso_1769\Debug\liblpc_board_nxp_lpcxpresso_1769.a(board.o)
                0x000004b8                Board_LED_Set
 .text.Board_Init
                0x000004e4       0x20 C:\nxp\workspace2\lpc_board_nxp_lpcxpresso_1769\Debug\liblpc_board_nxp_lpcxpresso_1769.a(board.o)
                0x000004e4                Board_Init
 .text.Chip_SYSCTL_SetFLASHAccess
                0x00000504       0x30 C:\nxp\workspace2\lpc_board_nxp_lpcxpresso_1769\Debug\liblpc_board_nxp_lpcxpresso_1769.a(board_sysinit.o)
 .text.Board_SetupMuxing
                0x00000534       0x18 C:\nxp\workspace2\lpc_board_nxp_lpcxpresso_1769\Debug\liblpc_board_nxp_lpcxpresso_1769.a(board_sysinit.o)
                0x00000534                Board_SetupMuxing
 .text.Board_SetupClocking
                0x0000054c       0x10 C:\nxp\workspace2\lpc_board_nxp_lpcxpresso_1769\Debug\liblpc_board_nxp_lpcxpresso_1769.a(board_sysinit.o)
                0x0000054c                Board_SetupClocking
 .text.Board_SystemInit
                0x0000055c       0x10 C:\nxp\workspace2\lpc_board_nxp_lpcxpresso_1769\Debug\liblpc_board_nxp_lpcxpresso_1769.a(board_sysinit.o)
                0x0000055c                Board_SystemInit
 .text.vPrintString
                0x0000056c       0x30 C:\nxp\workspace2\LibFreeRTOS_8.2.3\Debug\libLibFreeRTOS_8.2.3.a(basic_io.o)
                0x0000056c                vPrintString
 .text.consoleprint
                0x0000059c       0x28 C:\nxp\workspace2\LibFreeRTOS_8.2.3\Debug\libLibFreeRTOS_8.2.3.a(consoleprint.o)
                0x0000059c                consoleprint
 .text.xTaskGenericCreate
                0x000005c4      0x140 C:\nxp\workspace2\LibFreeRTOS_8.2.3\Debug\libLibFreeRTOS_8.2.3.a(tasks.o)
                0x000005c4                xTaskGenericCreate
 .text.vTaskDelay
                0x00000704       0x74 C:\nxp\workspace2\LibFreeRTOS_8.2.3\Debug\libLibFreeRTOS_8.2.3.a(tasks.o)
                0x00000704                vTaskDelay
 .text.vTaskStartScheduler
                0x00000778       0x60 C:\nxp\workspace2\LibFreeRTOS_8.2.3\Debug\libLibFreeRTOS_8.2.3.a(tasks.o)
                0x00000778                vTaskStartScheduler
 .text.vTaskSuspendAll
                0x000007d8       0x1c C:\nxp\workspace2\LibFreeRTOS_8.2.3\Debug\libLibFreeRTOS_8.2.3.a(tasks.o)
                0x000007d8                vTaskSuspendAll
 .text.prvGetExpectedIdleTime
                0x000007f4       0x50 C:\nxp\workspace2\LibFreeRTOS_8.2.3\Debug\libLibFreeRTOS_8.2.3.a(tasks.o)
 .text.xTaskResumeAll
                0x00000844      0x100 C:\nxp\workspace2\LibFreeRTOS_8.2.3\Debug\libLibFreeRTOS_8.2.3.a(tasks.o)
                0x00000844                xTaskResumeAll
 .text.vTaskStepTick
                0x00000944       0x24 C:\nxp\workspace2\LibFreeRTOS_8.2.3\Debug\libLibFreeRTOS_8.2.3.a(tasks.o)
                0x00000944                vTaskStepTick
 .text.xTaskIncrementTick
                0x00000968      0x160 C:\nxp\workspace2\LibFreeRTOS_8.2.3\Debug\libLibFreeRTOS_8.2.3.a(tasks.o)
                0x00000968                xTaskIncrementTick
 .text.vTaskSwitchContext
                0x00000ac8       0x8c C:\nxp\workspace2\LibFreeRTOS_8.2.3\Debug\libLibFreeRTOS_8.2.3.a(tasks.o)
                0x00000ac8                vTaskSwitchContext
 .text.prvIdleTask
                0x00000b54       0x48 C:\nxp\workspace2\LibFreeRTOS_8.2.3\Debug\libLibFreeRTOS_8.2.3.a(tasks.o)
 .text.eTaskConfirmSleepModeStatus
                0x00000b9c       0x5c C:\nxp\workspace2\LibFreeRTOS_8.2.3\Debug\libLibFreeRTOS_8.2.3.a(tasks.o)
                0x00000b9c                eTaskConfirmSleepModeStatus
 .text.prvInitialiseTCBVariables
                0x00000bf8       0xa4 C:\nxp\workspace2\LibFreeRTOS_8.2.3\Debug\libLibFreeRTOS_8.2.3.a(tasks.o)
 .text.prvInitialiseTaskLists
                0x00000c9c       0x7c C:\nxp\workspace2\LibFreeRTOS_8.2.3\Debug\libLibFreeRTOS_8.2.3.a(tasks.o)
 .text.prvCheckTasksWaitingTermination
                0x00000d18       0x74 C:\nxp\workspace2\LibFreeRTOS_8.2.3\Debug\libLibFreeRTOS_8.2.3.a(tasks.o)
 .text.prvAddCurrentTaskToDelayedList
                0x00000d8c       0x6c C:\nxp\workspace2\LibFreeRTOS_8.2.3\Debug\libLibFreeRTOS_8.2.3.a(tasks.o)
 .text.prvAllocateTCBAndStack
                0x00000df8       0x70 C:\nxp\workspace2\LibFreeRTOS_8.2.3\Debug\libLibFreeRTOS_8.2.3.a(tasks.o)
 .text.prvDeleteTCB
                0x00000e68       0x20 C:\nxp\workspace2\LibFreeRTOS_8.2.3\Debug\libLibFreeRTOS_8.2.3.a(tasks.o)
 .text.prvResetNextTaskUnblockTime
                0x00000e88       0x48 C:\nxp\workspace2\LibFreeRTOS_8.2.3\Debug\libLibFreeRTOS_8.2.3.a(tasks.o)
 .text.pvPortMalloc
                0x00000ed0       0x8c C:\nxp\workspace2\LibFreeRTOS_8.2.3\Debug\libLibFreeRTOS_8.2.3.a(heap_1.o)
                0x00000ed0                pvPortMalloc
 .text.vPortFree
                0x00000f5c       0x14 C:\nxp\workspace2\LibFreeRTOS_8.2.3\Debug\libLibFreeRTOS_8.2.3.a(heap_1.o)
                0x00000f5c                vPortFree
 .text.pxPortInitialiseStack
                0x00000f70       0x58 C:\nxp\workspace2\LibFreeRTOS_8.2.3\Debug\libLibFreeRTOS_8.2.3.a(port.o)
                0x00000f70                pxPortInitialiseStack
 .text.prvTaskExitError
                0x00000fc8        0xc C:\nxp\workspace2\LibFreeRTOS_8.2.3\Debug\libLibFreeRTOS_8.2.3.a(port.o)
 .text.SVC_Handler
                0x00000fd4       0x24 C:\nxp\workspace2\LibFreeRTOS_8.2.3\Debug\libLibFreeRTOS_8.2.3.a(port.o)
                0x00000fd4                SVC_Handler
 .text.prvPortStartFirstTask
                0x00000ff8       0x20 C:\nxp\workspace2\LibFreeRTOS_8.2.3\Debug\libLibFreeRTOS_8.2.3.a(port.o)
 .text.xPortStartScheduler
                0x00001018       0x3c C:\nxp\workspace2\LibFreeRTOS_8.2.3\Debug\libLibFreeRTOS_8.2.3.a(port.o)
                0x00001018                xPortStartScheduler
 .text.vPortYield
                0x00001054       0x20 C:\nxp\workspace2\LibFreeRTOS_8.2.3\Debug\libLibFreeRTOS_8.2.3.a(port.o)
                0x00001054                vPortYield
 .text.vPortEnterCritical
                0x00001074       0x20 C:\nxp\workspace2\LibFreeRTOS_8.2.3\Debug\libLibFreeRTOS_8.2.3.a(port.o)
                0x00001074                vPortEnterCritical
 .text.vPortExitCritical
                0x00001094       0x24 C:\nxp\workspace2\LibFreeRTOS_8.2.3\Debug\libLibFreeRTOS_8.2.3.a(port.o)
                0x00001094                vPortExitCritical
 .text.ulPortSetInterruptMask
                0x000010b8       0x14 C:\nxp\workspace2\LibFreeRTOS_8.2.3\Debug\libLibFreeRTOS_8.2.3.a(port.o)
                0x000010b8                ulPortSetInterruptMask
 .text.vPortClearInterruptMask
                0x000010cc        0x8 C:\nxp\workspace2\LibFreeRTOS_8.2.3\Debug\libLibFreeRTOS_8.2.3.a(port.o)
                0x000010cc                vPortClearInterruptMask
 .text.PendSV_Handler
                0x000010d4       0x44 C:\nxp\workspace2\LibFreeRTOS_8.2.3\Debug\libLibFreeRTOS_8.2.3.a(port.o)
                0x000010d4                PendSV_Handler
 .text.SysTick_Handler
                0x00001118       0x28 C:\nxp\workspace2\LibFreeRTOS_8.2.3\Debug\libLibFreeRTOS_8.2.3.a(port.o)
                0x00001118                SysTick_Handler
 .text.vPortSuppressTicksAndSleep
                0x00001140      0x178 C:\nxp\workspace2\LibFreeRTOS_8.2.3\Debug\libLibFreeRTOS_8.2.3.a(port.o)
                0x00001140                vPortSuppressTicksAndSleep
 .text.vPortSetupTimerInterrupt
                0x000012b8       0x78 C:\nxp\workspace2\LibFreeRTOS_8.2.3\Debug\libLibFreeRTOS_8.2.3.a(port.o)
                0x000012b8                vPortSetupTimerInterrupt
 .text.vListInitialise
                0x00001330       0x40 C:\nxp\workspace2\LibFreeRTOS_8.2.3\Debug\libLibFreeRTOS_8.2.3.a(list.o)
                0x00001330                vListInitialise
 .text.vListInitialiseItem
                0x00001370       0x18 C:\nxp\workspace2\LibFreeRTOS_8.2.3\Debug\libLibFreeRTOS_8.2.3.a(list.o)
                0x00001370                vListInitialiseItem
 .text.vListInsertEnd
                0x00001388       0x48 C:\nxp\workspace2\LibFreeRTOS_8.2.3\Debug\libLibFreeRTOS_8.2.3.a(list.o)
                0x00001388                vListInsertEnd
 .text.vListInsert
                0x000013d0       0x70 C:\nxp\workspace2\LibFreeRTOS_8.2.3\Debug\libLibFreeRTOS_8.2.3.a(list.o)
                0x000013d0                vListInsert
 .text.uxListRemove
                0x00001440       0x54 C:\nxp\workspace2\LibFreeRTOS_8.2.3\Debug\libLibFreeRTOS_8.2.3.a(list.o)
                0x00001440                uxListRemove
 .text.SystemCoreClockUpdate
                0x00001494       0x14 C:\nxp\workspace2\lpc_chip_175x_6x\Debug\liblpc_chip_175x_6x.a(chip_17xx_40xx.o)
                0x00001494                SystemCoreClockUpdate
 .text.Chip_Clock_IsMainPLLEnabled
                0x000014a8       0x28 C:\nxp\workspace2\lpc_chip_175x_6x\Debug\liblpc_chip_175x_6x.a(clock_17xx_40xx.o)
 .text.Chip_Clock_IsMainPLLConnected
                0x000014d0       0x28 C:\nxp\workspace2\lpc_chip_175x_6x\Debug\liblpc_chip_175x_6x.a(clock_17xx_40xx.o)
 .text.Chip_Clock_FeedPLL
                0x000014f8       0x34 C:\nxp\workspace2\lpc_chip_175x_6x\Debug\liblpc_chip_175x_6x.a(clock_17xx_40xx.o)
 .text.Chip_Clock_GetMainPLLSource
                0x0000152c       0x20 C:\nxp\workspace2\lpc_chip_175x_6x\Debug\liblpc_chip_175x_6x.a(clock_17xx_40xx.o)
 .text.Chip_Clock_GetMainOscRate
                0x0000154c       0x18 C:\nxp\workspace2\lpc_chip_175x_6x\Debug\liblpc_chip_175x_6x.a(clock_17xx_40xx.o)
 .text.Chip_Clock_GetIntOscRate
                0x00001564       0x14 C:\nxp\workspace2\lpc_chip_175x_6x\Debug\liblpc_chip_175x_6x.a(clock_17xx_40xx.o)
 .text.Chip_Clock_GetRTCOscRate
                0x00001578       0x18 C:\nxp\workspace2\lpc_chip_175x_6x\Debug\liblpc_chip_175x_6x.a(clock_17xx_40xx.o)
 .text.Chip_Clock_GetMainPLLInClockRate
                0x00001590       0x10 C:\nxp\workspace2\lpc_chip_175x_6x\Debug\liblpc_chip_175x_6x.a(clock_17xx_40xx.o)
 .text.Chip_Clock_EnablePLL
                0x000015a0       0x44 C:\nxp\workspace2\lpc_chip_175x_6x\Debug\liblpc_chip_175x_6x.a(clock_17xx_40xx.o)
                0x000015a0                Chip_Clock_EnablePLL
 .text.Chip_Clock_DisablePLL
                0x000015e4       0x44 C:\nxp\workspace2\lpc_chip_175x_6x\Debug\liblpc_chip_175x_6x.a(clock_17xx_40xx.o)
                0x000015e4                Chip_Clock_DisablePLL
 .text.Chip_Clock_SetupPLL
                0x00001628       0x58 C:\nxp\workspace2\lpc_chip_175x_6x\Debug\liblpc_chip_175x_6x.a(clock_17xx_40xx.o)
                0x00001628                Chip_Clock_SetupPLL
 .text.Chip_Clock_EnablePeriphClock
                0x00001680       0x34 C:\nxp\workspace2\lpc_chip_175x_6x\Debug\liblpc_chip_175x_6x.a(clock_17xx_40xx.o)
                0x00001680                Chip_Clock_EnablePeriphClock
 .text.Chip_Clock_GetCPUClockSource
                0x000016b4       0x24 C:\nxp\workspace2\lpc_chip_175x_6x\Debug\liblpc_chip_175x_6x.a(clock_17xx_40xx.o)
                0x000016b4                Chip_Clock_GetCPUClockSource
 .text.Chip_Clock_SetCPUClockDiv
                0x000016d8       0x20 C:\nxp\workspace2\lpc_chip_175x_6x\Debug\liblpc_chip_175x_6x.a(clock_17xx_40xx.o)
                0x000016d8                Chip_Clock_SetCPUClockDiv
 .text.Chip_Clock_GetCPUClockDiv
                0x000016f8       0x1c C:\nxp\workspace2\lpc_chip_175x_6x\Debug\liblpc_chip_175x_6x.a(clock_17xx_40xx.o)
                0x000016f8                Chip_Clock_GetCPUClockDiv
 .text.Chip_Clock_GetSYSCLKRate
                0x00001714       0x34 C:\nxp\workspace2\lpc_chip_175x_6x\Debug\liblpc_chip_175x_6x.a(clock_17xx_40xx.o)
                0x00001714                Chip_Clock_GetSYSCLKRate
 .text.Chip_Clock_GetMainPLLOutClockRate
                0x00001748       0x54 C:\nxp\workspace2\lpc_chip_175x_6x\Debug\liblpc_chip_175x_6x.a(clock_17xx_40xx.o)
                0x00001748                Chip_Clock_GetMainPLLOutClockRate
 .text.Chip_Clock_GetMainClockRate
                0x0000179c       0x28 C:\nxp\workspace2\lpc_chip_175x_6x\Debug\liblpc_chip_175x_6x.a(clock_17xx_40xx.o)
                0x0000179c                Chip_Clock_GetMainClockRate
 .text.Chip_Clock_GetSystemClockRate
                0x000017c4       0x18 C:\nxp\workspace2\lpc_chip_175x_6x\Debug\liblpc_chip_175x_6x.a(clock_17xx_40xx.o)
                0x000017c4                Chip_Clock_GetSystemClockRate
 .text.Chip_IOCON_PinMuxSet
                0x000017dc       0x34 C:\nxp\workspace2\lpc_chip_175x_6x\Debug\liblpc_chip_175x_6x.a(iocon_17xx_40xx.o)
                0x000017dc                Chip_IOCON_PinMuxSet
 .text.Chip_IOCON_PinMux
                0x00001810       0x94 C:\nxp\workspace2\lpc_chip_175x_6x\Debug\liblpc_chip_175x_6x.a(iocon_17xx_40xx.o)
                0x00001810                Chip_IOCON_PinMux
 .text.Chip_IOCON_SetPinMuxing
                0x000018a4       0x60 C:\nxp\workspace2\lpc_chip_175x_6x\Debug\liblpc_chip_175x_6x.a(iocon_17xx_40xx.o)
                0x000018a4                Chip_IOCON_SetPinMuxing
 .text.Chip_Clock_IsMainPLLEnabled
                0x00001904       0x28 C:\nxp\workspace2\lpc_chip_175x_6x\Debug\liblpc_chip_175x_6x.a(sysinit_17xx_40xx.o)
 .text.Chip_Clock_IsMainPLLLocked
                0x0000192c       0x28 C:\nxp\workspace2\lpc_chip_175x_6x\Debug\liblpc_chip_175x_6x.a(sysinit_17xx_40xx.o)
 .text.Chip_Clock_IsMainPLLConnected
                0x00001954       0x28 C:\nxp\workspace2\lpc_chip_175x_6x\Debug\liblpc_chip_175x_6x.a(sysinit_17xx_40xx.o)
 .text.Chip_Clock_EnableCrystal
                0x0000197c       0x20 C:\nxp\workspace2\lpc_chip_175x_6x\Debug\liblpc_chip_175x_6x.a(sysinit_17xx_40xx.o)
 .text.Chip_Clock_IsCrystalEnabled
                0x0000199c       0x28 C:\nxp\workspace2\lpc_chip_175x_6x\Debug\liblpc_chip_175x_6x.a(sysinit_17xx_40xx.o)
 .text.Chip_Clock_SetMainPLLSource
                0x000019c4       0x20 C:\nxp\workspace2\lpc_chip_175x_6x\Debug\liblpc_chip_175x_6x.a(sysinit_17xx_40xx.o)
 .text.Chip_SetupXtalClocking
                0x000019e4       0x90 C:\nxp\workspace2\lpc_chip_175x_6x\Debug\liblpc_chip_175x_6x.a(sysinit_17xx_40xx.o)
                0x000019e4                Chip_SetupXtalClocking
 .text.__sys_write
                0x00001a74        0xc c:/nxp/lpcxpresso_8.0.0_526/lpcxpresso/tools/bin/../lib/gcc/arm-none-eabi/4.9.3/../../../../arm-none-eabi/lib/armv7-m\libcr_semihost.a(__sys_write.o)
                0x00001a74                __sys_write
                0x00001a74                __write
 .text.__main   0x00001a80       0x14 c:/nxp/lpcxpresso_8.0.0_526/lpcxpresso/tools/bin/../lib/gcc/arm-none-eabi/4.9.3/../../../../arm-none-eabi/lib/armv7-m\libcr_semihost.a(_cr__main.o)
                0x00001a80                __CR_SEMIHOST
                0x00001a80                __main
 .text.memset   0x00001a94        0x4 c:/nxp/lpcxpresso_8.0.0_526/lpcxpresso/tools/bin/../lib/gcc/arm-none-eabi/4.9.3/../../../../arm-none-eabi/lib/armv7-m\libcr_c.a(memset.o)
                0x00001a94                memset
 .text.fp_round
                0x00001a98       0x4a c:/nxp/lpcxpresso_8.0.0_526/lpcxpresso/tools/bin/../lib/gcc/arm-none-eabi/4.9.3/../../../../arm-none-eabi/lib/armv7-m\libcr_c.a(fpprintf.o)
 .text.pr_dec.constprop.1
                0x00001ae2       0x26 c:/nxp/lpcxpresso_8.0.0_526/lpcxpresso/tools/bin/../lib/gcc/arm-none-eabi/4.9.3/../../../../arm-none-eabi/lib/armv7-m\libcr_c.a(fpprintf.o)
 .text.sprintf  0x00001b08       0x6c c:/nxp/lpcxpresso_8.0.0_526/lpcxpresso/tools/bin/../lib/gcc/arm-none-eabi/4.9.3/../../../../arm-none-eabi/lib/armv7-m\libcr_c.a(fpprintf.o)
                0x00001b08                sprintf
 *fill*         0x00001b74        0x4 
 .text.fp_display
                0x00001b78      0x900 c:/nxp/lpcxpresso_8.0.0_526/lpcxpresso/tools/bin/../lib/gcc/arm-none-eabi/4.9.3/../../../../arm-none-eabi/lib/armv7-m\libcr_c.a(fpprintf.o)
 .text._initio  0x00002478       0xa4 c:/nxp/lpcxpresso_8.0.0_526/lpcxpresso/tools/bin/../lib/gcc/arm-none-eabi/4.9.3/../../../../arm-none-eabi/lib/armv7-m\libcr_c.a(initio.o)
                0x00002478                _initio
 .text.__vfprintf
                0x0000251c      0xcc0 c:/nxp/lpcxpresso_8.0.0_526/lpcxpresso/tools/bin/../lib/gcc/arm-none-eabi/4.9.3/../../../../arm-none-eabi/lib/armv7-m\libcr_c.a(printf.o)
                0x0000251c                __vfprintf
 .text.setvbuf  0x000031dc       0x40 c:/nxp/lpcxpresso_8.0.0_526/lpcxpresso/tools/bin/../lib/gcc/arm-none-eabi/4.9.3/../../../../arm-none-eabi/lib/armv7-m\libcr_c.a(setvbuf.o)
                0x000031dc                setvbuf
 .text.strlen   0x0000321c       0x4a c:/nxp/lpcxpresso_8.0.0_526/lpcxpresso/tools/bin/../lib/gcc/arm-none-eabi/4.9.3/../../../../arm-none-eabi/lib/armv7-m\libcr_c.a(strlen.o)
                0x0000321c                strlen
 .text._deferredlazyseek
                0x00003266       0x44 c:/nxp/lpcxpresso_8.0.0_526/lpcxpresso/tools/bin/../lib/gcc/arm-none-eabi/4.9.3/../../../../arm-none-eabi/lib/armv7-m\libcr_c.a(_deferredlazyseek.o)
                0x00003266                _deferredlazyseek
 .text.__flsbuf
                0x000032aa      0x142 c:/nxp/lpcxpresso_8.0.0_526/lpcxpresso/tools/bin/../lib/gcc/arm-none-eabi/4.9.3/../../../../arm-none-eabi/lib/armv7-m\libcr_c.a(_deferredlazyseek.o)
                0x000032aa                __flsbuf
 .text._fdopen  0x000033ec       0x6a c:/nxp/lpcxpresso_8.0.0_526/lpcxpresso/tools/bin/../lib/gcc/arm-none-eabi/4.9.3/../../../../arm-none-eabi/lib/armv7-m\libcr_c.a(_fdopen.o)
                0x000033ec                _fdopen
 .text._fflush  0x00003456       0x58 c:/nxp/lpcxpresso_8.0.0_526/lpcxpresso/tools/bin/../lib/gcc/arm-none-eabi/4.9.3/../../../../arm-none-eabi/lib/armv7-m\libcr_c.a(_fflush.o)
                0x00003456                _fflush
 .text._frexpl  0x000034ae       0x5a c:/nxp/lpcxpresso_8.0.0_526/lpcxpresso/tools/bin/../lib/gcc/arm-none-eabi/4.9.3/../../../../arm-none-eabi/lib/armv7-m\libcr_c.a(_frexpl.o)
                0x000034ae                _frexpl
 .text._ldexpl  0x00003508       0x4c c:/nxp/lpcxpresso_8.0.0_526/lpcxpresso/tools/bin/../lib/gcc/arm-none-eabi/4.9.3/../../../../arm-none-eabi/lib/armv7-m\libcr_c.a(_ldexpl.o)
                0x00003508                _ldexpl
 .text._Cwritebuf
                0x00003554       0x68 c:/nxp/lpcxpresso_8.0.0_526/lpcxpresso/tools/bin/../lib/gcc/arm-none-eabi/4.9.3/../../../../arm-none-eabi/lib/armv7-m\libcr_c.a(_writebuf.o)
                0x00003554                _Cwritebuf
 .text.malloc   0x000035bc       0xcc c:/nxp/lpcxpresso_8.0.0_526/lpcxpresso/tools/bin/../lib/gcc/arm-none-eabi/4.9.3/../../../../arm-none-eabi/lib/armv7-m\libcr_c.a(alloc.o)
                0x000035bc                malloc
 .text.free     0x00003688       0x30 c:/nxp/lpcxpresso_8.0.0_526/lpcxpresso/tools/bin/../lib/gcc/arm-none-eabi/4.9.3/../../../../arm-none-eabi/lib/armv7-m\libcr_c.a(alloc.o)
                0x00003688                free
 .text._Csys_alloc
                0x000036b8       0x20 c:/nxp/lpcxpresso_8.0.0_526/lpcxpresso/tools/bin/../lib/gcc/arm-none-eabi/4.9.3/../../../../arm-none-eabi/lib/armv7-m\libcr_c.a(alloc.o)
                0x000036b8                _Csys_alloc
 .text.fclose   0x000036d8       0x6c c:/nxp/lpcxpresso_8.0.0_526/lpcxpresso/tools/bin/../lib/gcc/arm-none-eabi/4.9.3/../../../../arm-none-eabi/lib/armv7-m\libcr_c.a(fclose.o)
                0x000036d8                fclose
 .text.fflush   0x00003744       0x30 c:/nxp/lpcxpresso_8.0.0_526/lpcxpresso/tools/bin/../lib/gcc/arm-none-eabi/4.9.3/../../../../arm-none-eabi/lib/armv7-m\libcr_c.a(fflush.o)
                0x00003744                fflush
 .text.fseek    0x00003774      0x110 c:/nxp/lpcxpresso_8.0.0_526/lpcxpresso/tools/bin/../lib/gcc/arm-none-eabi/4.9.3/../../../../arm-none-eabi/lib/armv7-m\libcr_c.a(fseek.o)
                0x00003774                fseek
 .text.ftell    0x00003884       0x4c c:/nxp/lpcxpresso_8.0.0_526/lpcxpresso/tools/bin/../lib/gcc/arm-none-eabi/4.9.3/../../../../arm-none-eabi/lib/armv7-m\libcr_c.a(ftell.o)
                0x00003884                ftell
 .text.remove   0x000038d0       0x14 c:/nxp/lpcxpresso_8.0.0_526/lpcxpresso/tools/bin/../lib/gcc/arm-none-eabi/4.9.3/../../../../arm-none-eabi/lib/armv7-m\libcr_c.a(remove.o)
                0x000038d0                remove
 .text._sbrk    0x000038e4       0x40 c:/nxp/lpcxpresso_8.0.0_526/lpcxpresso/tools/bin/../lib/gcc/arm-none-eabi/4.9.3/../../../../arm-none-eabi/lib/armv7-m\libcr_c.a(_cr_sbrk.o)
                0x000038e4                _sbrk
 .text._do_fflush
                0x00003924       0x44 c:/nxp/lpcxpresso_8.0.0_526/lpcxpresso/tools/bin/../lib/gcc/arm-none-eabi/4.9.3/../../../../arm-none-eabi/lib/armv7-m\libcr_c.a(_do_fflush.o)
                0x00003924                _do_fflush
 .text.__check_heap_overflow
                0x00003968       0x18 c:/nxp/lpcxpresso_8.0.0_526/lpcxpresso/tools/bin/../lib/gcc/arm-none-eabi/4.9.3/../../../../arm-none-eabi/lib/armv7-m\libcr_c.a(_cr_check_heap.o)
                0x00003968                __check_heap_overflow
 .text.__aeabi_dmul
                0x00003980      0x120 c:/nxp/lpcxpresso_8.0.0_526/lpcxpresso/tools/bin/../lib/gcc/arm-none-eabi/4.9.3/armv7-m\libcr_eabihelpers.a(double.o)
                0x00003980                __aeabi_dmul
 .text.__aeabi_ddiv
                0x00003aa0      0x150 c:/nxp/lpcxpresso_8.0.0_526/lpcxpresso/tools/bin/../lib/gcc/arm-none-eabi/4.9.3/armv7-m\libcr_eabihelpers.a(double.o)
                0x00003aa0                __aeabi_ddiv
 .text.__aeabi_dsub
                0x00003bf0      0x1d8 c:/nxp/lpcxpresso_8.0.0_526/lpcxpresso/tools/bin/../lib/gcc/arm-none-eabi/4.9.3/armv7-m\libcr_eabihelpers.a(double.o)
                0x00003bf0                __aeabi_dsub
 .text.__aeabi_dadd
                0x00003dc8      0x134 c:/nxp/lpcxpresso_8.0.0_526/lpcxpresso/tools/bin/../lib/gcc/arm-none-eabi/4.9.3/armv7-m\libcr_eabihelpers.a(double.o)
                0x00003dc8                __aeabi_dadd
 .text.__aeabi_d2iz
                0x00003efc       0x40 c:/nxp/lpcxpresso_8.0.0_526/lpcxpresso/tools/bin/../lib/gcc/arm-none-eabi/4.9.3/armv7-m\libcr_eabihelpers.a(double.o)
                0x00003efc                __aeabi_d2iz
 .text.__bhs_ui2d
                0x00003f3c       0x48 c:/nxp/lpcxpresso_8.0.0_526/lpcxpresso/tools/bin/../lib/gcc/arm-none-eabi/4.9.3/armv7-m\libcr_eabihelpers.a(double.o)
                0x00003f3c                __bhs_ui2d
 .text.__aeabi_i2d
                0x00003f84       0x14 c:/nxp/lpcxpresso_8.0.0_526/lpcxpresso/tools/bin/../lib/gcc/arm-none-eabi/4.9.3/armv7-m\libcr_eabihelpers.a(double.o)
                0x00003f84                __aeabi_i2d
 .text.__aeabi_dcmpeq
                0x00003f98       0x2c c:/nxp/lpcxpresso_8.0.0_526/lpcxpresso/tools/bin/../lib/gcc/arm-none-eabi/4.9.3/armv7-m\libcr_eabihelpers.a(double.o)
                0x00003f98                __aeabi_dcmpeq
 .text.__aeabi_dcmplt
                0x00003fc4       0x5c c:/nxp/lpcxpresso_8.0.0_526/lpcxpresso/tools/bin/../lib/gcc/arm-none-eabi/4.9.3/armv7-m\libcr_eabihelpers.a(double.o)
                0x00003fc4                __aeabi_dcmplt
 .text.__aeabi_dcmple
                0x00004020       0x5c c:/nxp/lpcxpresso_8.0.0_526/lpcxpresso/tools/bin/../lib/gcc/arm-none-eabi/4.9.3/armv7-m\libcr_eabihelpers.a(double.o)
                0x00004020                __aeabi_dcmple
 .text.__aeabi_dcmpge
                0x0000407c       0x5c c:/nxp/lpcxpresso_8.0.0_526/lpcxpresso/tools/bin/../lib/gcc/arm-none-eabi/4.9.3/armv7-m\libcr_eabihelpers.a(double.o)
                0x0000407c                __aeabi_dcmpge
 .text.__aeabi_memset_lowlevel
                0x000040d8       0x32 c:/nxp/lpcxpresso_8.0.0_526/lpcxpresso/tools/bin/../lib/gcc/arm-none-eabi/4.9.3/armv7-m\libcr_eabihelpers.a(memcpy.o)
                0x000040d8                __aeabi_lowlevel_memset
 *fill*         0x0000410a        0x2 
 .text.__sys_appexit
                0x0000410c        0xc c:/nxp/lpcxpresso_8.0.0_526/lpcxpresso/tools/bin/../lib/gcc/arm-none-eabi/4.9.3/../../../../arm-none-eabi/lib/armv7-m\libcr_semihost.a(__sys_appexit.o)
                0x0000410c                __sys_appexit
                0x0000410c                __exit
 .text.__sys_close
                0x00004118        0xc c:/nxp/lpcxpresso_8.0.0_526/lpcxpresso/tools/bin/../lib/gcc/arm-none-eabi/4.9.3/../../../../arm-none-eabi/lib/armv7-m\libcr_semihost.a(__sys_close.o)
                0x00004118                __sys_close
 .text.__sys_flen
                0x00004124        0xc c:/nxp/lpcxpresso_8.0.0_526/lpcxpresso/tools/bin/../lib/gcc/arm-none-eabi/4.9.3/../../../../arm-none-eabi/lib/armv7-m\libcr_semihost.a(__sys_flen.o)
                0x00004124                __sys_flen
 .text.__sys_istty
                0x00004130        0xc c:/nxp/lpcxpresso_8.0.0_526/lpcxpresso/tools/bin/../lib/gcc/arm-none-eabi/4.9.3/../../../../arm-none-eabi/lib/armv7-m\libcr_semihost.a(__sys_istty.o)
                0x00004130                __sys_istty
 .text.__sys_remove
                0x0000413c        0xc c:/nxp/lpcxpresso_8.0.0_526/lpcxpresso/tools/bin/../lib/gcc/arm-none-eabi/4.9.3/../../../../arm-none-eabi/lib/armv7-m\libcr_semihost.a(__sys_remove.o)
                0x0000413c                __sys_remove
 .text.__sys_seek
                0x00004148        0xc c:/nxp/lpcxpresso_8.0.0_526/lpcxpresso/tools/bin/../lib/gcc/arm-none-eabi/4.9.3/../../../../arm-none-eabi/lib/armv7-m\libcr_semihost.a(__sys_seek.o)
                0x00004148                __sys_seek
 .text.__sys_tmpnam
                0x00004154        0xc c:/nxp/lpcxpresso_8.0.0_526/lpcxpresso/tools/bin/../lib/gcc/arm-none-eabi/4.9.3/../../../../arm-none-eabi/lib/armv7-m\libcr_semihost.a(__sys_tmpnam.o)
                0x00004154                __sys_tmpnam
 *(.rodata .rodata.* .constdata .constdata.*)
 .rodata        0x00004160       0x37 ./src/Ex3_FreeRtos.o
 *fill*         0x00004197        0x1 
 .rodata.OscRateIn
                0x00004198        0x4 C:\nxp\workspace2\lpc_board_nxp_lpcxpresso_1769\Debug\liblpc_board_nxp_lpcxpresso_1769.a(board.o)
                0x00004198                OscRateIn
 .rodata.RTCOscRateIn
                0x0000419c        0x4 C:\nxp\workspace2\lpc_board_nxp_lpcxpresso_1769\Debug\liblpc_board_nxp_lpcxpresso_1769.a(board.o)
                0x0000419c                RTCOscRateIn
 .rodata.pinmuxing
                0x000041a0       0x5c C:\nxp\workspace2\lpc_board_nxp_lpcxpresso_1769\Debug\liblpc_board_nxp_lpcxpresso_1769.a(board_sysinit.o)
 .rodata        0x000041fc        0xc C:\nxp\workspace2\LibFreeRTOS_8.2.3\Debug\libLibFreeRTOS_8.2.3.a(basic_io.o)
 .rodata        0x00004208        0x5 C:\nxp\workspace2\LibFreeRTOS_8.2.3\Debug\libLibFreeRTOS_8.2.3.a(tasks.o)
 .rodata.str1.1
                0x0000420d       0x34 c:/nxp/lpcxpresso_8.0.0_526/lpcxpresso/tools/bin/../lib/gcc/arm-none-eabi/4.9.3/../../../../arm-none-eabi/lib/armv7-m\libcr_c.a(fpprintf.o)
                                 0x35 (size before relaxing)
 .rodata.str1.1
                0x00004241        0x4 c:/nxp/lpcxpresso_8.0.0_526/lpcxpresso/tools/bin/../lib/gcc/arm-none-eabi/4.9.3/../../../../arm-none-eabi/lib/armv7-m\libcr_c.a(initio.o)
 .rodata.str1.1
                0x00004245       0x31 c:/nxp/lpcxpresso_8.0.0_526/lpcxpresso/tools/bin/../lib/gcc/arm-none-eabi/4.9.3/../../../../arm-none-eabi/lib/armv7-m\libcr_c.a(printf.o)
                                 0x38 (size before relaxing)
 .rodata.str1.1
                0x00004276       0x18 c:/nxp/lpcxpresso_8.0.0_526/lpcxpresso/tools/bin/../lib/gcc/arm-none-eabi/4.9.3/../../../../arm-none-eabi/lib/armv7-m\libcr_c.a(alloc.o)
 *fill*         0x0000428e        0x2 
 .rodata.__huge_vall
                0x00004290        0x8 c:/nxp/lpcxpresso_8.0.0_526/lpcxpresso/tools/bin/../lib/gcc/arm-none-eabi/4.9.3/../../../../arm-none-eabi/lib/armv7-m\libcr_c.a(_hugeval.o)
                0x00004290                __huge_vall
                0x00004298                . = ALIGN (0x4)

.glue_7         0x00004298        0x0
 .glue_7        0x00000000        0x0 linker stubs

.glue_7t        0x00004298        0x0
 .glue_7t       0x00000000        0x0 linker stubs

.vfp11_veneer   0x00004298        0x0
 .vfp11_veneer  0x00000000        0x0 linker stubs

.v4_bx          0x00004298        0x0
 .v4_bx         0x00000000        0x0 linker stubs

.iplt           0x00004298        0x0
 .iplt          0x00000000        0x0 ./src/Ex3_FreeRtos.o

.rel.dyn        0x00004298        0x0
 .rel.iplt      0x00000000        0x0 ./src/Ex3_FreeRtos.o

.ARM.extab
 *(.ARM.extab* .gnu.linkonce.armextab.*)
                0x00004298                __exidx_start = .

.ARM.exidx
 *(.ARM.exidx* .gnu.linkonce.armexidx.*)
                0x00004298                __exidx_end = .
                0x00004298                _etext = .

.data_RAM2      0x2007c000        0x0 load address 0x00004298
 FILL mask 0xff
                0x2007c000                PROVIDE (__start_data_RAM2, .)
 *(.ramfunc.$RAM2)
 *(.ramfunc.$RamAHB32)
 *(.data.$RAM2*)
 *(.data.$RamAHB32*)
                0x2007c000                . = ALIGN (0x4)
                0x2007c000                PROVIDE (__end_data_RAM2, .)

.uninit_RESERVED
                0x10000000        0x0
 *(.bss.$RESERVED*)
                0x10000000                . = ALIGN (0x4)
                0x10000000                _end_uninit_RESERVED = .

.data           0x10000000        0xc load address 0x00004298
 FILL mask 0xff
                0x10000000                _data = .
 *(vtable)
 *(.ramfunc*)
 *(.data*)
 .data.pcTextForTask1
                0x10000000        0x4 ./src/Ex3_FreeRtos.o
                0x10000000                pcTextForTask1
 .data.pcTextForTask2
                0x10000004        0x4 ./src/Ex3_FreeRtos.o
                0x10000004                pcTextForTask2
 .data.uxCriticalNesting
                0x10000008        0x4 C:\nxp\workspace2\LibFreeRTOS_8.2.3\Debug\libLibFreeRTOS_8.2.3.a(port.o)
                0x1000000c                . = ALIGN (0x4)
                0x1000000c                _edata = .

.igot.plt       0x1000000c        0x0 load address 0x000042a4
 .igot.plt      0x00000000        0x0 ./src/Ex3_FreeRtos.o

.bss_RAM2       0x2007c000        0x0
                0x2007c000                PROVIDE (__start_bss_RAM2, .)
 *(.bss.$RAM2*)
 *(.bss.$RamAHB32*)
                0x2007c000                . = ALIGN ((. != 0x0)?0x4:0x1)
                0x2007c000                PROVIDE (__end_bss_RAM2, .)

.bss            0x1000000c     0x2ad8
                0x1000000c                _bss = .
 *(.bss*)
 .bss.cBuffer   0x1000000c       0x32 C:\nxp\workspace2\LibFreeRTOS_8.2.3\Debug\libLibFreeRTOS_8.2.3.a(basic_io.o)
 *fill*         0x1000003e        0x2 
 .bss.pxCurrentTCB
                0x10000040        0x4 C:\nxp\workspace2\LibFreeRTOS_8.2.3\Debug\libLibFreeRTOS_8.2.3.a(tasks.o)
                0x10000040                pxCurrentTCB
 .bss.pxReadyTasksLists
                0x10000044       0xa0 C:\nxp\workspace2\LibFreeRTOS_8.2.3\Debug\libLibFreeRTOS_8.2.3.a(tasks.o)
 .bss.xDelayedTaskList1
                0x100000e4       0x14 C:\nxp\workspace2\LibFreeRTOS_8.2.3\Debug\libLibFreeRTOS_8.2.3.a(tasks.o)
 .bss.xDelayedTaskList2
                0x100000f8       0x14 C:\nxp\workspace2\LibFreeRTOS_8.2.3\Debug\libLibFreeRTOS_8.2.3.a(tasks.o)
 .bss.pxDelayedTaskList
                0x1000010c        0x4 C:\nxp\workspace2\LibFreeRTOS_8.2.3\Debug\libLibFreeRTOS_8.2.3.a(tasks.o)
 .bss.pxOverflowDelayedTaskList
                0x10000110        0x4 C:\nxp\workspace2\LibFreeRTOS_8.2.3\Debug\libLibFreeRTOS_8.2.3.a(tasks.o)
 .bss.xPendingReadyList
                0x10000114       0x14 C:\nxp\workspace2\LibFreeRTOS_8.2.3\Debug\libLibFreeRTOS_8.2.3.a(tasks.o)
 .bss.xTasksWaitingTermination
                0x10000128       0x14 C:\nxp\workspace2\LibFreeRTOS_8.2.3\Debug\libLibFreeRTOS_8.2.3.a(tasks.o)
 .bss.uxTasksDeleted
                0x1000013c        0x4 C:\nxp\workspace2\LibFreeRTOS_8.2.3\Debug\libLibFreeRTOS_8.2.3.a(tasks.o)
 .bss.xSuspendedTaskList
                0x10000140       0x14 C:\nxp\workspace2\LibFreeRTOS_8.2.3\Debug\libLibFreeRTOS_8.2.3.a(tasks.o)
 .bss.uxCurrentNumberOfTasks
                0x10000154        0x4 C:\nxp\workspace2\LibFreeRTOS_8.2.3\Debug\libLibFreeRTOS_8.2.3.a(tasks.o)
 .bss.xTickCount
                0x10000158        0x4 C:\nxp\workspace2\LibFreeRTOS_8.2.3\Debug\libLibFreeRTOS_8.2.3.a(tasks.o)
 .bss.uxTopReadyPriority
                0x1000015c        0x4 C:\nxp\workspace2\LibFreeRTOS_8.2.3\Debug\libLibFreeRTOS_8.2.3.a(tasks.o)
 .bss.xSchedulerRunning
                0x10000160        0x4 C:\nxp\workspace2\LibFreeRTOS_8.2.3\Debug\libLibFreeRTOS_8.2.3.a(tasks.o)
 .bss.uxPendedTicks
                0x10000164        0x4 C:\nxp\workspace2\LibFreeRTOS_8.2.3\Debug\libLibFreeRTOS_8.2.3.a(tasks.o)
 .bss.xYieldPending
                0x10000168        0x4 C:\nxp\workspace2\LibFreeRTOS_8.2.3\Debug\libLibFreeRTOS_8.2.3.a(tasks.o)
 .bss.xNumOfOverflows
                0x1000016c        0x4 C:\nxp\workspace2\LibFreeRTOS_8.2.3\Debug\libLibFreeRTOS_8.2.3.a(tasks.o)
 .bss.uxTaskNumber
                0x10000170        0x4 C:\nxp\workspace2\LibFreeRTOS_8.2.3\Debug\libLibFreeRTOS_8.2.3.a(tasks.o)
 .bss.xNextTaskUnblockTime
                0x10000174        0x4 C:\nxp\workspace2\LibFreeRTOS_8.2.3\Debug\libLibFreeRTOS_8.2.3.a(tasks.o)
 .bss.uxSchedulerSuspended
                0x10000178        0x4 C:\nxp\workspace2\LibFreeRTOS_8.2.3\Debug\libLibFreeRTOS_8.2.3.a(tasks.o)
 .bss.ucHeap    0x1000017c     0x2800 C:\nxp\workspace2\LibFreeRTOS_8.2.3\Debug\libLibFreeRTOS_8.2.3.a(heap_1.o)
 .bss.xNextFreeByte
                0x1000297c        0x4 C:\nxp\workspace2\LibFreeRTOS_8.2.3\Debug\libLibFreeRTOS_8.2.3.a(heap_1.o)
 .bss.pucAlignedHeap.7656
                0x10002980        0x4 C:\nxp\workspace2\LibFreeRTOS_8.2.3\Debug\libLibFreeRTOS_8.2.3.a(heap_1.o)
 .bss.ulTimerCountsForOneTick
                0x10002984        0x4 C:\nxp\workspace2\LibFreeRTOS_8.2.3\Debug\libLibFreeRTOS_8.2.3.a(port.o)
 .bss.xMaximumPossibleSuppressedTicks
                0x10002988        0x4 C:\nxp\workspace2\LibFreeRTOS_8.2.3\Debug\libLibFreeRTOS_8.2.3.a(port.o)
 .bss.ulStoppedTimerCompensation
                0x1000298c        0x4 C:\nxp\workspace2\LibFreeRTOS_8.2.3\Debug\libLibFreeRTOS_8.2.3.a(port.o)
 .bss.errno     0x10002990        0x4 c:/nxp/lpcxpresso_8.0.0_526/lpcxpresso/tools/bin/../lib/gcc/arm-none-eabi/4.9.3/../../../../arm-none-eabi/lib/armv7-m\libcr_c.a(errno.o)
                0x10002990                errno
 *(COMMON)
 COMMON         0x10002994        0x4 C:\nxp\workspace2\lpc_chip_175x_6x\Debug\liblpc_chip_175x_6x.a(chip_17xx_40xx.o)
                0x10002994                SystemCoreClock
 COMMON         0x10002998        0x4 c:/nxp/lpcxpresso_8.0.0_526/lpcxpresso/tools/bin/../lib/gcc/arm-none-eabi/4.9.3/../../../../arm-none-eabi/lib/armv7-m\libcr_c.a(initio.o)
                0x10002998                _extra
 COMMON         0x1000299c      0x140 c:/nxp/lpcxpresso_8.0.0_526/lpcxpresso/tools/bin/../lib/gcc/arm-none-eabi/4.9.3/../../../../arm-none-eabi/lib/armv7-m\libcr_c.a(stdio.o)
                0x1000299c                __Ciob
 COMMON         0x10002adc        0x8 c:/nxp/lpcxpresso_8.0.0_526/lpcxpresso/tools/bin/../lib/gcc/arm-none-eabi/4.9.3/../../../../arm-none-eabi/lib/armv7-m\libcr_c.a(__init_alloc.o)
                0x10002adc                __heaps
                0x10002ae0                __end_of_heap
                0x10002ae4                . = ALIGN (0x4)
                0x10002ae4                _ebss = .
                0x10002ae4                PROVIDE (end, .)

.noinit_RAM2    0x2007c000        0x0
 *(.noinit.$RAM2*)
 *(.noinit.$RamAHB32*)
                0x2007c000                . = ALIGN (0x4)

.noinit         0x10002ae4        0x0
                0x10002ae4                _noinit = .
 *(.noinit*)
                0x10002ae4                . = ALIGN (0x4)
                0x10002ae4                _end_noinit = .
                0x10002ae4                PROVIDE (_pvHeapStart, DEFINED (__user_heap_base)?__user_heap_base:.)
                0x10008000                PROVIDE (_vStackTop, DEFINED (__user_stack_top)?__user_stack_top:(__top_RamLoc32 - 0x0))
                0xefff74b2                PROVIDE (__valid_user_code_checksum, (0x0 - ((((((_vStackTop + (ResetISR + 0x1)) + (NMI_Handler + 0x1)) + (HardFault_Handler + 0x1)) + (DEFINED (MemManage_Handler)?MemManage_Handler:0x0 + 0x1)) + (DEFINED (BusFault_Handler)?BusFault_Handler:0x0 + 0x1)) + (DEFINED (UsageFault_Handler)?UsageFault_Handler:0x0 + 0x1))))
OUTPUT(Ex3_FreeRtos.axf elf32-littlearm)

.debug_info     0x00000000     0x58d6
 .debug_info    0x00000000      0x295 ./src/Ex3_FreeRtos.o
 .debug_info    0x00000295      0x24e ./src/cr_startup_lpc175x_6x.o
 .debug_info    0x000004e3      0x110 ./src/sysinit.o
 .debug_info    0x000005f3     0x131c C:\nxp\workspace2\lpc_board_nxp_lpcxpresso_1769\Debug\liblpc_board_nxp_lpcxpresso_1769.a(board.o)
 .debug_info    0x0000190f      0x558 C:\nxp\workspace2\lpc_board_nxp_lpcxpresso_1769\Debug\liblpc_board_nxp_lpcxpresso_1769.a(board_sysinit.o)
 .debug_info    0x00001e67      0x1ec C:\nxp\workspace2\LibFreeRTOS_8.2.3\Debug\libLibFreeRTOS_8.2.3.a(basic_io.o)
 .debug_info    0x00002053       0xa5 C:\nxp\workspace2\LibFreeRTOS_8.2.3\Debug\libLibFreeRTOS_8.2.3.a(consoleprint.o)
 .debug_info    0x000020f8     0x1765 C:\nxp\workspace2\LibFreeRTOS_8.2.3\Debug\libLibFreeRTOS_8.2.3.a(tasks.o)
 .debug_info    0x0000385d      0x24b C:\nxp\workspace2\LibFreeRTOS_8.2.3\Debug\libLibFreeRTOS_8.2.3.a(heap_1.o)
 .debug_info    0x00003aa8      0x3f5 C:\nxp\workspace2\LibFreeRTOS_8.2.3\Debug\libLibFreeRTOS_8.2.3.a(port.o)
 .debug_info    0x00003e9d      0x2df C:\nxp\workspace2\LibFreeRTOS_8.2.3\Debug\libLibFreeRTOS_8.2.3.a(list.o)
 .debug_info    0x0000417c      0x50a C:\nxp\workspace2\lpc_chip_175x_6x\Debug\liblpc_chip_175x_6x.a(chip_17xx_40xx.o)
 .debug_info    0x00004686      0xb46 C:\nxp\workspace2\lpc_chip_175x_6x\Debug\liblpc_chip_175x_6x.a(clock_17xx_40xx.o)
 .debug_info    0x000051cc      0x2d9 C:\nxp\workspace2\lpc_chip_175x_6x\Debug\liblpc_chip_175x_6x.a(iocon_17xx_40xx.o)
 .debug_info    0x000054a5      0x431 C:\nxp\workspace2\lpc_chip_175x_6x\Debug\liblpc_chip_175x_6x.a(sysinit_17xx_40xx.o)

.debug_abbrev   0x00000000     0x1661
 .debug_abbrev  0x00000000      0x15a ./src/Ex3_FreeRtos.o
 .debug_abbrev  0x0000015a       0xf5 ./src/cr_startup_lpc175x_6x.o
 .debug_abbrev  0x0000024f       0xa3 ./src/sysinit.o
 .debug_abbrev  0x000002f2      0x364 C:\nxp\workspace2\lpc_board_nxp_lpcxpresso_1769\Debug\liblpc_board_nxp_lpcxpresso_1769.a(board.o)
 .debug_abbrev  0x00000656      0x15a C:\nxp\workspace2\lpc_board_nxp_lpcxpresso_1769\Debug\liblpc_board_nxp_lpcxpresso_1769.a(board_sysinit.o)
 .debug_abbrev  0x000007b0       0xd3 C:\nxp\workspace2\LibFreeRTOS_8.2.3\Debug\libLibFreeRTOS_8.2.3.a(basic_io.o)
 .debug_abbrev  0x00000883       0x7f C:\nxp\workspace2\LibFreeRTOS_8.2.3\Debug\libLibFreeRTOS_8.2.3.a(consoleprint.o)
 .debug_abbrev  0x00000902      0x2ac C:\nxp\workspace2\LibFreeRTOS_8.2.3\Debug\libLibFreeRTOS_8.2.3.a(tasks.o)
 .debug_abbrev  0x00000bae      0x137 C:\nxp\workspace2\LibFreeRTOS_8.2.3\Debug\libLibFreeRTOS_8.2.3.a(heap_1.o)
 .debug_abbrev  0x00000ce5      0x1dd C:\nxp\workspace2\LibFreeRTOS_8.2.3\Debug\libLibFreeRTOS_8.2.3.a(port.o)
 .debug_abbrev  0x00000ec2       0xec C:\nxp\workspace2\LibFreeRTOS_8.2.3\Debug\libLibFreeRTOS_8.2.3.a(list.o)
 .debug_abbrev  0x00000fae      0x138 C:\nxp\workspace2\lpc_chip_175x_6x\Debug\liblpc_chip_175x_6x.a(chip_17xx_40xx.o)
 .debug_abbrev  0x000010e6      0x2e4 C:\nxp\workspace2\lpc_chip_175x_6x\Debug\liblpc_chip_175x_6x.a(clock_17xx_40xx.o)
 .debug_abbrev  0x000013ca      0x126 C:\nxp\workspace2\lpc_chip_175x_6x\Debug\liblpc_chip_175x_6x.a(iocon_17xx_40xx.o)
 .debug_abbrev  0x000014f0      0x171 C:\nxp\workspace2\lpc_chip_175x_6x\Debug\liblpc_chip_175x_6x.a(sysinit_17xx_40xx.o)

.debug_aranges  0x00000000      0x780
 .debug_aranges
                0x00000000       0x50 ./src/Ex3_FreeRtos.o
 .debug_aranges
                0x00000050       0x80 ./src/cr_startup_lpc175x_6x.o
 .debug_aranges
                0x000000d0       0x20 ./src/sysinit.o
 .debug_aranges
                0x000000f0      0x150 C:\nxp\workspace2\lpc_board_nxp_lpcxpresso_1769\Debug\liblpc_board_nxp_lpcxpresso_1769.a(board.o)
 .debug_aranges
                0x00000240       0x38 C:\nxp\workspace2\lpc_board_nxp_lpcxpresso_1769\Debug\liblpc_board_nxp_lpcxpresso_1769.a(board_sysinit.o)
 .debug_aranges
                0x00000278       0x28 C:\nxp\workspace2\LibFreeRTOS_8.2.3\Debug\libLibFreeRTOS_8.2.3.a(basic_io.o)
 .debug_aranges
                0x000002a0       0x20 C:\nxp\workspace2\LibFreeRTOS_8.2.3\Debug\libLibFreeRTOS_8.2.3.a(consoleprint.o)
 .debug_aranges
                0x000002c0      0x1d0 C:\nxp\workspace2\LibFreeRTOS_8.2.3\Debug\libLibFreeRTOS_8.2.3.a(tasks.o)
 .debug_aranges
                0x00000490       0x38 C:\nxp\workspace2\LibFreeRTOS_8.2.3\Debug\libLibFreeRTOS_8.2.3.a(heap_1.o)
 .debug_aranges
                0x000004c8       0x90 C:\nxp\workspace2\LibFreeRTOS_8.2.3\Debug\libLibFreeRTOS_8.2.3.a(port.o)
 .debug_aranges
                0x00000558       0x40 C:\nxp\workspace2\LibFreeRTOS_8.2.3\Debug\libLibFreeRTOS_8.2.3.a(list.o)
 .debug_aranges
                0x00000598       0x38 C:\nxp\workspace2\lpc_chip_175x_6x\Debug\liblpc_chip_175x_6x.a(chip_17xx_40xx.o)
 .debug_aranges
                0x000005d0      0x120 C:\nxp\workspace2\lpc_chip_175x_6x\Debug\liblpc_chip_175x_6x.a(clock_17xx_40xx.o)
 .debug_aranges
                0x000006f0       0x30 C:\nxp\workspace2\lpc_chip_175x_6x\Debug\liblpc_chip_175x_6x.a(iocon_17xx_40xx.o)
 .debug_aranges
                0x00000720       0x60 C:\nxp\workspace2\lpc_chip_175x_6x\Debug\liblpc_chip_175x_6x.a(sysinit_17xx_40xx.o)

.debug_ranges   0x00000000      0x690
 .debug_ranges  0x00000000       0x40 ./src/Ex3_FreeRtos.o
 .debug_ranges  0x00000040       0x70 ./src/cr_startup_lpc175x_6x.o
 .debug_ranges  0x000000b0       0x10 ./src/sysinit.o
 .debug_ranges  0x000000c0      0x140 C:\nxp\workspace2\lpc_board_nxp_lpcxpresso_1769\Debug\liblpc_board_nxp_lpcxpresso_1769.a(board.o)
 .debug_ranges  0x00000200       0x28 C:\nxp\workspace2\lpc_board_nxp_lpcxpresso_1769\Debug\liblpc_board_nxp_lpcxpresso_1769.a(board_sysinit.o)
 .debug_ranges  0x00000228       0x18 C:\nxp\workspace2\LibFreeRTOS_8.2.3\Debug\libLibFreeRTOS_8.2.3.a(basic_io.o)
 .debug_ranges  0x00000240       0x10 C:\nxp\workspace2\LibFreeRTOS_8.2.3\Debug\libLibFreeRTOS_8.2.3.a(consoleprint.o)
 .debug_ranges  0x00000250      0x1c0 C:\nxp\workspace2\LibFreeRTOS_8.2.3\Debug\libLibFreeRTOS_8.2.3.a(tasks.o)
 .debug_ranges  0x00000410       0x28 C:\nxp\workspace2\LibFreeRTOS_8.2.3\Debug\libLibFreeRTOS_8.2.3.a(heap_1.o)
 .debug_ranges  0x00000438       0x80 C:\nxp\workspace2\LibFreeRTOS_8.2.3\Debug\libLibFreeRTOS_8.2.3.a(port.o)
 .debug_ranges  0x000004b8       0x30 C:\nxp\workspace2\LibFreeRTOS_8.2.3\Debug\libLibFreeRTOS_8.2.3.a(list.o)
 .debug_ranges  0x000004e8       0x28 C:\nxp\workspace2\lpc_chip_175x_6x\Debug\liblpc_chip_175x_6x.a(chip_17xx_40xx.o)
 .debug_ranges  0x00000510      0x110 C:\nxp\workspace2\lpc_chip_175x_6x\Debug\liblpc_chip_175x_6x.a(clock_17xx_40xx.o)
 .debug_ranges  0x00000620       0x20 C:\nxp\workspace2\lpc_chip_175x_6x\Debug\liblpc_chip_175x_6x.a(iocon_17xx_40xx.o)
 .debug_ranges  0x00000640       0x50 C:\nxp\workspace2\lpc_chip_175x_6x\Debug\liblpc_chip_175x_6x.a(sysinit_17xx_40xx.o)

.debug_macro    0x00000000     0x755a
 .debug_macro   0x00000000      0x2a4 ./src/Ex3_FreeRtos.o
 .debug_macro   0x000002a4      0x87a ./src/Ex3_FreeRtos.o
 .debug_macro   0x00000b1e       0x10 ./src/Ex3_FreeRtos.o
 .debug_macro   0x00000b2e      0x12d ./src/Ex3_FreeRtos.o
 .debug_macro   0x00000c5b       0x16 ./src/Ex3_FreeRtos.o
 .debug_macro   0x00000c71      0x5b2 ./src/Ex3_FreeRtos.o
 .debug_macro   0x00001223       0x22 ./src/Ex3_FreeRtos.o
 .debug_macro   0x00001245       0x74 ./src/Ex3_FreeRtos.o
 .debug_macro   0x000012b9       0x10 ./src/Ex3_FreeRtos.o
 .debug_macro   0x000012c9       0x2d ./src/Ex3_FreeRtos.o
 .debug_macro   0x000012f6       0x3a ./src/Ex3_FreeRtos.o
 .debug_macro   0x00001330       0x2d ./src/Ex3_FreeRtos.o
 .debug_macro   0x0000135d      0xbb1 ./src/Ex3_FreeRtos.o
 .debug_macro   0x00001f0e      0x22c ./src/Ex3_FreeRtos.o
 .debug_macro   0x0000213a       0x42 ./src/Ex3_FreeRtos.o
 .debug_macro   0x0000217c       0x52 ./src/Ex3_FreeRtos.o
 .debug_macro   0x000021ce       0x78 ./src/Ex3_FreeRtos.o
 .debug_macro   0x00002246       0x82 ./src/Ex3_FreeRtos.o
 .debug_macro   0x000022c8      0x48c ./src/Ex3_FreeRtos.o
 .debug_macro   0x00002754       0x34 ./src/Ex3_FreeRtos.o
 .debug_macro   0x00002788      0x4c5 ./src/Ex3_FreeRtos.o
 .debug_macro   0x00002c4d      0x1b7 ./src/Ex3_FreeRtos.o
 .debug_macro   0x00002e04       0x10 ./src/Ex3_FreeRtos.o
 .debug_macro   0x00002e14      0x21b ./src/Ex3_FreeRtos.o
 .debug_macro   0x0000302f      0x1b9 ./src/Ex3_FreeRtos.o
 .debug_macro   0x000031e8       0x40 ./src/Ex3_FreeRtos.o
 .debug_macro   0x00003228       0x22 ./src/Ex3_FreeRtos.o
 .debug_macro   0x0000324a      0x162 ./src/Ex3_FreeRtos.o
 .debug_macro   0x000033ac       0x94 ./src/Ex3_FreeRtos.o
 .debug_macro   0x00003440       0xb8 ./src/Ex3_FreeRtos.o
 .debug_macro   0x000034f8       0x4c ./src/Ex3_FreeRtos.o
 .debug_macro   0x00003544       0x16 ./src/Ex3_FreeRtos.o
 .debug_macro   0x0000355a      0x328 ./src/Ex3_FreeRtos.o
 .debug_macro   0x00003882       0x49 ./src/Ex3_FreeRtos.o
 .debug_macro   0x000038cb       0x16 ./src/Ex3_FreeRtos.o
 .debug_macro   0x000038e1       0xca ./src/Ex3_FreeRtos.o
 .debug_macro   0x000039ab       0x11 ./src/Ex3_FreeRtos.o
 .debug_macro   0x000039bc       0x76 ./src/Ex3_FreeRtos.o
 .debug_macro   0x00003a32       0x9a ./src/Ex3_FreeRtos.o
 .debug_macro   0x00003acc       0x20 ./src/Ex3_FreeRtos.o
 .debug_macro   0x00003aec       0x28 ./src/Ex3_FreeRtos.o
 .debug_macro   0x00003b14       0xe8 ./src/Ex3_FreeRtos.o
 .debug_macro   0x00003bfc      0x15d ./src/Ex3_FreeRtos.o
 .debug_macro   0x00003d59       0xd2 ./src/Ex3_FreeRtos.o
 .debug_macro   0x00003e2b       0x10 ./src/Ex3_FreeRtos.o
 .debug_macro   0x00003e3b       0x1f ./src/Ex3_FreeRtos.o
 .debug_macro   0x00003e5a      0x3d1 ./src/Ex3_FreeRtos.o
 .debug_macro   0x0000422b       0xc0 ./src/Ex3_FreeRtos.o
 .debug_macro   0x000042eb       0x9a ./src/Ex3_FreeRtos.o
 .debug_macro   0x00004385       0x82 ./src/Ex3_FreeRtos.o
 .debug_macro   0x00004407       0x1d ./src/cr_startup_lpc175x_6x.o
 .debug_macro   0x00004424      0x217 ./src/sysinit.o
 .debug_macro   0x0000463b       0x7b ./src/sysinit.o
 .debug_macro   0x000046b6       0x18 ./src/sysinit.o
 .debug_macro   0x000046ce      0x289 C:\nxp\workspace2\lpc_board_nxp_lpcxpresso_1769\Debug\liblpc_board_nxp_lpcxpresso_1769.a(board.o)
 .debug_macro   0x00004957      0x874 C:\nxp\workspace2\lpc_board_nxp_lpcxpresso_1769\Debug\liblpc_board_nxp_lpcxpresso_1769.a(board.o)
 .debug_macro   0x000051cb       0x12 C:\nxp\workspace2\lpc_board_nxp_lpcxpresso_1769\Debug\liblpc_board_nxp_lpcxpresso_1769.a(board.o)
 .debug_macro   0x000051dd      0x217 C:\nxp\workspace2\lpc_board_nxp_lpcxpresso_1769\Debug\liblpc_board_nxp_lpcxpresso_1769.a(board_sysinit.o)
 .debug_macro   0x000053f4      0x2a5 C:\nxp\workspace2\LibFreeRTOS_8.2.3\Debug\libLibFreeRTOS_8.2.3.a(basic_io.o)
 .debug_macro   0x00005699      0x874 C:\nxp\workspace2\LibFreeRTOS_8.2.3\Debug\libLibFreeRTOS_8.2.3.a(basic_io.o)
 .debug_macro   0x00005f0d       0xa0 C:\nxp\workspace2\LibFreeRTOS_8.2.3\Debug\libLibFreeRTOS_8.2.3.a(basic_io.o)
 .debug_macro   0x00005fad       0x10 C:\nxp\workspace2\LibFreeRTOS_8.2.3\Debug\libLibFreeRTOS_8.2.3.a(basic_io.o)
 .debug_macro   0x00005fbd       0x70 C:\nxp\workspace2\LibFreeRTOS_8.2.3\Debug\libLibFreeRTOS_8.2.3.a(basic_io.o)
 .debug_macro   0x0000602d       0x20 C:\nxp\workspace2\LibFreeRTOS_8.2.3\Debug\libLibFreeRTOS_8.2.3.a(basic_io.o)
 .debug_macro   0x0000604d       0xee C:\nxp\workspace2\LibFreeRTOS_8.2.3\Debug\libLibFreeRTOS_8.2.3.a(basic_io.o)
 .debug_macro   0x0000613b       0x5a C:\nxp\workspace2\LibFreeRTOS_8.2.3\Debug\libLibFreeRTOS_8.2.3.a(consoleprint.o)
 .debug_macro   0x00006195      0x33f C:\nxp\workspace2\LibFreeRTOS_8.2.3\Debug\libLibFreeRTOS_8.2.3.a(tasks.o)
 .debug_macro   0x000064d4       0x28 C:\nxp\workspace2\LibFreeRTOS_8.2.3\Debug\libLibFreeRTOS_8.2.3.a(tasks.o)
 .debug_macro   0x000064fc       0x91 C:\nxp\workspace2\LibFreeRTOS_8.2.3\Debug\libLibFreeRTOS_8.2.3.a(tasks.o)
 .debug_macro   0x0000658d       0x11 C:\nxp\workspace2\LibFreeRTOS_8.2.3\Debug\libLibFreeRTOS_8.2.3.a(tasks.o)
 .debug_macro   0x0000659e      0x2bb C:\nxp\workspace2\LibFreeRTOS_8.2.3\Debug\libLibFreeRTOS_8.2.3.a(heap_1.o)
 .debug_macro   0x00006859      0x333 C:\nxp\workspace2\LibFreeRTOS_8.2.3\Debug\libLibFreeRTOS_8.2.3.a(port.o)
 .debug_macro   0x00006b8c      0x29a C:\nxp\workspace2\LibFreeRTOS_8.2.3\Debug\libLibFreeRTOS_8.2.3.a(list.o)
 .debug_macro   0x00006e26      0x1cd C:\nxp\workspace2\lpc_chip_175x_6x\Debug\liblpc_chip_175x_6x.a(chip_17xx_40xx.o)
 .debug_macro   0x00006ff3      0x1cd C:\nxp\workspace2\lpc_chip_175x_6x\Debug\liblpc_chip_175x_6x.a(clock_17xx_40xx.o)
 .debug_macro   0x000071c0      0x1cd C:\nxp\workspace2\lpc_chip_175x_6x\Debug\liblpc_chip_175x_6x.a(iocon_17xx_40xx.o)
 .debug_macro   0x0000738d      0x1cd C:\nxp\workspace2\lpc_chip_175x_6x\Debug\liblpc_chip_175x_6x.a(sysinit_17xx_40xx.o)

.debug_line     0x00000000     0x51c9
 .debug_line    0x00000000      0x623 ./src/Ex3_FreeRtos.o
 .debug_line    0x00000623       0xd5 ./src/cr_startup_lpc175x_6x.o
 .debug_line    0x000006f8      0x449 ./src/sysinit.o
 .debug_line    0x00000b41      0x7c0 C:\nxp\workspace2\lpc_board_nxp_lpcxpresso_1769\Debug\liblpc_board_nxp_lpcxpresso_1769.a(board.o)
 .debug_line    0x00001301      0x489 C:\nxp\workspace2\lpc_board_nxp_lpcxpresso_1769\Debug\liblpc_board_nxp_lpcxpresso_1769.a(board_sysinit.o)
 .debug_line    0x0000178a      0x577 C:\nxp\workspace2\LibFreeRTOS_8.2.3\Debug\libLibFreeRTOS_8.2.3.a(basic_io.o)
 .debug_line    0x00001d01      0x12e C:\nxp\workspace2\LibFreeRTOS_8.2.3\Debug\libLibFreeRTOS_8.2.3.a(consoleprint.o)
 .debug_line    0x00001e2f      0xdee C:\nxp\workspace2\LibFreeRTOS_8.2.3\Debug\libLibFreeRTOS_8.2.3.a(tasks.o)
 .debug_line    0x00002c1d      0x5ab C:\nxp\workspace2\LibFreeRTOS_8.2.3\Debug\libLibFreeRTOS_8.2.3.a(heap_1.o)
 .debug_line    0x000031c8      0x6a5 C:\nxp\workspace2\LibFreeRTOS_8.2.3\Debug\libLibFreeRTOS_8.2.3.a(port.o)
 .debug_line    0x0000386d      0x5b7 C:\nxp\workspace2\LibFreeRTOS_8.2.3\Debug\libLibFreeRTOS_8.2.3.a(list.o)
 .debug_line    0x00003e24      0x433 C:\nxp\workspace2\lpc_chip_175x_6x\Debug\liblpc_chip_175x_6x.a(chip_17xx_40xx.o)
 .debug_line    0x00004257      0x6aa C:\nxp\workspace2\lpc_chip_175x_6x\Debug\liblpc_chip_175x_6x.a(clock_17xx_40xx.o)
 .debug_line    0x00004901      0x41f C:\nxp\workspace2\lpc_chip_175x_6x\Debug\liblpc_chip_175x_6x.a(iocon_17xx_40xx.o)
 .debug_line    0x00004d20      0x4a9 C:\nxp\workspace2\lpc_chip_175x_6x\Debug\liblpc_chip_175x_6x.a(sysinit_17xx_40xx.o)

.debug_str      0x00000000    0x1864a
 .debug_str     0x00000000    0x14602 ./src/Ex3_FreeRtos.o
                              0x14706 (size before relaxing)
 .debug_str     0x00014602      0x1bc ./src/cr_startup_lpc175x_6x.o
                               0x2630 (size before relaxing)
 .debug_str     0x000147be       0x51 ./src/sysinit.o
                              0x109d0 (size before relaxing)
 .debug_str     0x0001480f      0xcf8 C:\nxp\workspace2\lpc_board_nxp_lpcxpresso_1769\Debug\liblpc_board_nxp_lpcxpresso_1769.a(board.o)
                              0x1186c (size before relaxing)
 .debug_str     0x00015507      0x22d C:\nxp\workspace2\lpc_board_nxp_lpcxpresso_1769\Debug\liblpc_board_nxp_lpcxpresso_1769.a(board_sysinit.o)
                              0x10ddb (size before relaxing)
 .debug_str     0x00015734       0xfc C:\nxp\workspace2\LibFreeRTOS_8.2.3\Debug\libLibFreeRTOS_8.2.3.a(basic_io.o)
                              0x14221 (size before relaxing)
 .debug_str     0x00015830       0x55 C:\nxp\workspace2\LibFreeRTOS_8.2.3\Debug\libLibFreeRTOS_8.2.3.a(consoleprint.o)
                               0x2c83 (size before relaxing)
 .debug_str     0x00015885     0x1b18 C:\nxp\workspace2\LibFreeRTOS_8.2.3\Debug\libLibFreeRTOS_8.2.3.a(tasks.o)
                              0x15dc6 (size before relaxing)
 .debug_str     0x0001739d       0xe4 C:\nxp\workspace2\LibFreeRTOS_8.2.3\Debug\libLibFreeRTOS_8.2.3.a(heap_1.o)
                              0x1434d (size before relaxing)
 .debug_str     0x00017481      0x6fe C:\nxp\workspace2\LibFreeRTOS_8.2.3\Debug\libLibFreeRTOS_8.2.3.a(port.o)
                              0x14978 (size before relaxing)
 .debug_str     0x00017b7f       0x9b C:\nxp\workspace2\LibFreeRTOS_8.2.3\Debug\libLibFreeRTOS_8.2.3.a(list.o)
                              0x13a5e (size before relaxing)
 .debug_str     0x00017c1a       0x9c C:\nxp\workspace2\lpc_chip_175x_6x\Debug\liblpc_chip_175x_6x.a(chip_17xx_40xx.o)
                              0x10ae5 (size before relaxing)
 .debug_str     0x00017cb6      0x857 C:\nxp\workspace2\lpc_chip_175x_6x\Debug\liblpc_chip_175x_6x.a(clock_17xx_40xx.o)
                              0x11153 (size before relaxing)
 .debug_str     0x0001850d       0x79 C:\nxp\workspace2\lpc_chip_175x_6x\Debug\liblpc_chip_175x_6x.a(iocon_17xx_40xx.o)
                              0x105d0 (size before relaxing)
 .debug_str     0x00018586       0xc4 C:\nxp\workspace2\lpc_chip_175x_6x\Debug\liblpc_chip_175x_6x.a(sysinit_17xx_40xx.o)
                              0x107b8 (size before relaxing)

.comment        0x00000000       0xe0
 .comment       0x00000000       0x70 ./src/Ex3_FreeRtos.o
                                 0x71 (size before relaxing)
 .comment       0x00000000       0x71 ./src/cr_startup_lpc175x_6x.o
 .comment       0x00000000       0x71 ./src/sysinit.o
 .comment       0x00000000       0x71 C:\nxp\workspace2\lpc_board_nxp_lpcxpresso_1769\Debug\liblpc_board_nxp_lpcxpresso_1769.a(board.o)
 .comment       0x00000000       0x71 C:\nxp\workspace2\lpc_board_nxp_lpcxpresso_1769\Debug\liblpc_board_nxp_lpcxpresso_1769.a(board_sysinit.o)
 .comment       0x00000000       0x71 C:\nxp\workspace2\LibFreeRTOS_8.2.3\Debug\libLibFreeRTOS_8.2.3.a(basic_io.o)
 .comment       0x00000000       0x71 C:\nxp\workspace2\LibFreeRTOS_8.2.3\Debug\libLibFreeRTOS_8.2.3.a(consoleprint.o)
 .comment       0x00000000       0x71 C:\nxp\workspace2\LibFreeRTOS_8.2.3\Debug\libLibFreeRTOS_8.2.3.a(tasks.o)
 .comment       0x00000000       0x71 C:\nxp\workspace2\LibFreeRTOS_8.2.3\Debug\libLibFreeRTOS_8.2.3.a(heap_1.o)
 .comment       0x00000000       0x71 C:\nxp\workspace2\LibFreeRTOS_8.2.3\Debug\libLibFreeRTOS_8.2.3.a(port.o)
 .comment       0x00000000       0x71 C:\nxp\workspace2\LibFreeRTOS_8.2.3\Debug\libLibFreeRTOS_8.2.3.a(list.o)
 .comment       0x00000000       0x71 C:\nxp\workspace2\lpc_chip_175x_6x\Debug\liblpc_chip_175x_6x.a(chip_17xx_40xx.o)
 .comment       0x00000000       0x71 C:\nxp\workspace2\lpc_chip_175x_6x\Debug\liblpc_chip_175x_6x.a(clock_17xx_40xx.o)
 .comment       0x00000000       0x71 C:\nxp\workspace2\lpc_chip_175x_6x\Debug\liblpc_chip_175x_6x.a(iocon_17xx_40xx.o)
 .comment       0x00000000       0x71 C:\nxp\workspace2\lpc_chip_175x_6x\Debug\liblpc_chip_175x_6x.a(sysinit_17xx_40xx.o)
 .comment       0x00000070       0x70 c:/nxp/lpcxpresso_8.0.0_526/lpcxpresso/tools/bin/../lib/gcc/arm-none-eabi/4.9.3/../../../../arm-none-eabi/lib/armv7-m\libcr_semihost.a(_cr__main.o)
                                 0x71 (size before relaxing)
 .comment       0x00000000       0x71 c:/nxp/lpcxpresso_8.0.0_526/lpcxpresso/tools/bin/../lib/gcc/arm-none-eabi/4.9.3/../../../../arm-none-eabi/lib/armv7-m\libcr_c.a(memset.o)
 .comment       0x00000000       0x71 c:/nxp/lpcxpresso_8.0.0_526/lpcxpresso/tools/bin/../lib/gcc/arm-none-eabi/4.9.3/../../../../arm-none-eabi/lib/armv7-m\libcr_c.a(fpprintf.o)
 .comment       0x00000000       0x71 c:/nxp/lpcxpresso_8.0.0_526/lpcxpresso/tools/bin/../lib/gcc/arm-none-eabi/4.9.3/../../../../arm-none-eabi/lib/armv7-m\libcr_c.a(initio.o)
 .comment       0x00000000       0x71 c:/nxp/lpcxpresso_8.0.0_526/lpcxpresso/tools/bin/../lib/gcc/arm-none-eabi/4.9.3/../../../../arm-none-eabi/lib/armv7-m\libcr_c.a(printf.o)
 .comment       0x00000000       0x71 c:/nxp/lpcxpresso_8.0.0_526/lpcxpresso/tools/bin/../lib/gcc/arm-none-eabi/4.9.3/../../../../arm-none-eabi/lib/armv7-m\libcr_c.a(setvbuf.o)
 .comment       0x00000000       0x71 c:/nxp/lpcxpresso_8.0.0_526/lpcxpresso/tools/bin/../lib/gcc/arm-none-eabi/4.9.3/../../../../arm-none-eabi/lib/armv7-m\libcr_c.a(stdio.o)
 .comment       0x00000000       0x71 c:/nxp/lpcxpresso_8.0.0_526/lpcxpresso/tools/bin/../lib/gcc/arm-none-eabi/4.9.3/../../../../arm-none-eabi/lib/armv7-m\libcr_c.a(strlen.o)
 .comment       0x00000000       0x71 c:/nxp/lpcxpresso_8.0.0_526/lpcxpresso/tools/bin/../lib/gcc/arm-none-eabi/4.9.3/../../../../arm-none-eabi/lib/armv7-m\libcr_c.a(_deferredlazyseek.o)
 .comment       0x00000000       0x71 c:/nxp/lpcxpresso_8.0.0_526/lpcxpresso/tools/bin/../lib/gcc/arm-none-eabi/4.9.3/../../../../arm-none-eabi/lib/armv7-m\libcr_c.a(_fdopen.o)
 .comment       0x00000000       0x71 c:/nxp/lpcxpresso_8.0.0_526/lpcxpresso/tools/bin/../lib/gcc/arm-none-eabi/4.9.3/../../../../arm-none-eabi/lib/armv7-m\libcr_c.a(_fflush.o)
 .comment       0x00000000       0x71 c:/nxp/lpcxpresso_8.0.0_526/lpcxpresso/tools/bin/../lib/gcc/arm-none-eabi/4.9.3/../../../../arm-none-eabi/lib/armv7-m\libcr_c.a(_frexpl.o)
 .comment       0x00000000       0x71 c:/nxp/lpcxpresso_8.0.0_526/lpcxpresso/tools/bin/../lib/gcc/arm-none-eabi/4.9.3/../../../../arm-none-eabi/lib/armv7-m\libcr_c.a(_ldexpl.o)
 .comment       0x00000000       0x71 c:/nxp/lpcxpresso_8.0.0_526/lpcxpresso/tools/bin/../lib/gcc/arm-none-eabi/4.9.3/../../../../arm-none-eabi/lib/armv7-m\libcr_c.a(_writebuf.o)
 .comment       0x00000000       0x71 c:/nxp/lpcxpresso_8.0.0_526/lpcxpresso/tools/bin/../lib/gcc/arm-none-eabi/4.9.3/../../../../arm-none-eabi/lib/armv7-m\libcr_c.a(alloc.o)
 .comment       0x00000000       0x71 c:/nxp/lpcxpresso_8.0.0_526/lpcxpresso/tools/bin/../lib/gcc/arm-none-eabi/4.9.3/../../../../arm-none-eabi/lib/armv7-m\libcr_c.a(errno.o)
 .comment       0x00000000       0x71 c:/nxp/lpcxpresso_8.0.0_526/lpcxpresso/tools/bin/../lib/gcc/arm-none-eabi/4.9.3/../../../../arm-none-eabi/lib/armv7-m\libcr_c.a(fclose.o)
 .comment       0x00000000       0x71 c:/nxp/lpcxpresso_8.0.0_526/lpcxpresso/tools/bin/../lib/gcc/arm-none-eabi/4.9.3/../../../../arm-none-eabi/lib/armv7-m\libcr_c.a(fflush.o)
 .comment       0x00000000       0x71 c:/nxp/lpcxpresso_8.0.0_526/lpcxpresso/tools/bin/../lib/gcc/arm-none-eabi/4.9.3/../../../../arm-none-eabi/lib/armv7-m\libcr_c.a(fseek.o)
 .comment       0x00000000       0x71 c:/nxp/lpcxpresso_8.0.0_526/lpcxpresso/tools/bin/../lib/gcc/arm-none-eabi/4.9.3/../../../../arm-none-eabi/lib/armv7-m\libcr_c.a(ftell.o)
 .comment       0x00000000       0x71 c:/nxp/lpcxpresso_8.0.0_526/lpcxpresso/tools/bin/../lib/gcc/arm-none-eabi/4.9.3/../../../../arm-none-eabi/lib/armv7-m\libcr_c.a(remove.o)
 .comment       0x00000000       0x71 c:/nxp/lpcxpresso_8.0.0_526/lpcxpresso/tools/bin/../lib/gcc/arm-none-eabi/4.9.3/../../../../arm-none-eabi/lib/armv7-m\libcr_c.a(__init_alloc.o)
 .comment       0x00000000       0x71 c:/nxp/lpcxpresso_8.0.0_526/lpcxpresso/tools/bin/../lib/gcc/arm-none-eabi/4.9.3/../../../../arm-none-eabi/lib/armv7-m\libcr_c.a(_cr_sbrk.o)
 .comment       0x00000000       0x71 c:/nxp/lpcxpresso_8.0.0_526/lpcxpresso/tools/bin/../lib/gcc/arm-none-eabi/4.9.3/../../../../arm-none-eabi/lib/armv7-m\libcr_c.a(_do_fflush.o)
 .comment       0x00000000       0x71 c:/nxp/lpcxpresso_8.0.0_526/lpcxpresso/tools/bin/../lib/gcc/arm-none-eabi/4.9.3/../../../../arm-none-eabi/lib/armv7-m\libcr_c.a(_hugeval.o)
 .comment       0x00000000       0x71 c:/nxp/lpcxpresso_8.0.0_526/lpcxpresso/tools/bin/../lib/gcc/arm-none-eabi/4.9.3/../../../../arm-none-eabi/lib/armv7-m\libcr_c.a(_cr_check_heap.o)
 .comment       0x00000000       0x71 c:/nxp/lpcxpresso_8.0.0_526/lpcxpresso/tools/bin/../lib/gcc/arm-none-eabi/4.9.3/armv7-m\libcr_eabihelpers.a(double.o)

.ARM.attributes
                0x00000000       0x31
 .ARM.attributes
                0x00000000       0x33 ./src/Ex3_FreeRtos.o
 .ARM.attributes
                0x00000033       0x33 ./src/cr_startup_lpc175x_6x.o
 .ARM.attributes
                0x00000066       0x33 ./src/sysinit.o
 .ARM.attributes
                0x00000099       0x33 C:\nxp\workspace2\lpc_board_nxp_lpcxpresso_1769\Debug\liblpc_board_nxp_lpcxpresso_1769.a(board.o)
 .ARM.attributes
                0x000000cc       0x33 C:\nxp\workspace2\lpc_board_nxp_lpcxpresso_1769\Debug\liblpc_board_nxp_lpcxpresso_1769.a(board_sysinit.o)
 .ARM.attributes
                0x000000ff       0x33 C:\nxp\workspace2\LibFreeRTOS_8.2.3\Debug\libLibFreeRTOS_8.2.3.a(basic_io.o)
 .ARM.attributes
                0x00000132       0x33 C:\nxp\workspace2\LibFreeRTOS_8.2.3\Debug\libLibFreeRTOS_8.2.3.a(consoleprint.o)
 .ARM.attributes
                0x00000165       0x33 C:\nxp\workspace2\LibFreeRTOS_8.2.3\Debug\libLibFreeRTOS_8.2.3.a(tasks.o)
 .ARM.attributes
                0x00000198       0x33 C:\nxp\workspace2\LibFreeRTOS_8.2.3\Debug\libLibFreeRTOS_8.2.3.a(heap_1.o)
 .ARM.attributes
                0x000001cb       0x33 C:\nxp\workspace2\LibFreeRTOS_8.2.3\Debug\libLibFreeRTOS_8.2.3.a(port.o)
 .ARM.attributes
                0x000001fe       0x33 C:\nxp\workspace2\LibFreeRTOS_8.2.3\Debug\libLibFreeRTOS_8.2.3.a(list.o)
 .ARM.attributes
                0x00000231       0x33 C:\nxp\workspace2\lpc_chip_175x_6x\Debug\liblpc_chip_175x_6x.a(chip_17xx_40xx.o)
 .ARM.attributes
                0x00000264       0x33 C:\nxp\workspace2\lpc_chip_175x_6x\Debug\liblpc_chip_175x_6x.a(clock_17xx_40xx.o)
 .ARM.attributes
                0x00000297       0x33 C:\nxp\workspace2\lpc_chip_175x_6x\Debug\liblpc_chip_175x_6x.a(iocon_17xx_40xx.o)
 .ARM.attributes
                0x000002ca       0x33 C:\nxp\workspace2\lpc_chip_175x_6x\Debug\liblpc_chip_175x_6x.a(sysinit_17xx_40xx.o)
 .ARM.attributes
                0x000002fd       0x21 c:/nxp/lpcxpresso_8.0.0_526/lpcxpresso/tools/bin/../lib/gcc/arm-none-eabi/4.9.3/../../../../arm-none-eabi/lib/armv7-m\libcr_semihost.a(__sys_write.o)
 .ARM.attributes
                0x0000031e       0x33 c:/nxp/lpcxpresso_8.0.0_526/lpcxpresso/tools/bin/../lib/gcc/arm-none-eabi/4.9.3/../../../../arm-none-eabi/lib/armv7-m\libcr_semihost.a(_cr__main.o)
 .ARM.attributes
                0x00000351       0x33 c:/nxp/lpcxpresso_8.0.0_526/lpcxpresso/tools/bin/../lib/gcc/arm-none-eabi/4.9.3/../../../../arm-none-eabi/lib/armv7-m\libcr_c.a(memset.o)
 .ARM.attributes
                0x00000384       0x33 c:/nxp/lpcxpresso_8.0.0_526/lpcxpresso/tools/bin/../lib/gcc/arm-none-eabi/4.9.3/../../../../arm-none-eabi/lib/armv7-m\libcr_c.a(fpprintf.o)
 .ARM.attributes
                0x000003b7       0x33 c:/nxp/lpcxpresso_8.0.0_526/lpcxpresso/tools/bin/../lib/gcc/arm-none-eabi/4.9.3/../../../../arm-none-eabi/lib/armv7-m\libcr_c.a(initio.o)
 .ARM.attributes
                0x000003ea       0x33 c:/nxp/lpcxpresso_8.0.0_526/lpcxpresso/tools/bin/../lib/gcc/arm-none-eabi/4.9.3/../../../../arm-none-eabi/lib/armv7-m\libcr_c.a(printf.o)
 .ARM.attributes
                0x0000041d       0x33 c:/nxp/lpcxpresso_8.0.0_526/lpcxpresso/tools/bin/../lib/gcc/arm-none-eabi/4.9.3/../../../../arm-none-eabi/lib/armv7-m\libcr_c.a(setvbuf.o)
 .ARM.attributes
                0x00000450       0x33 c:/nxp/lpcxpresso_8.0.0_526/lpcxpresso/tools/bin/../lib/gcc/arm-none-eabi/4.9.3/../../../../arm-none-eabi/lib/armv7-m\libcr_c.a(stdio.o)
 .ARM.attributes
                0x00000483       0x33 c:/nxp/lpcxpresso_8.0.0_526/lpcxpresso/tools/bin/../lib/gcc/arm-none-eabi/4.9.3/../../../../arm-none-eabi/lib/armv7-m\libcr_c.a(strlen.o)
 .ARM.attributes
                0x000004b6       0x33 c:/nxp/lpcxpresso_8.0.0_526/lpcxpresso/tools/bin/../lib/gcc/arm-none-eabi/4.9.3/../../../../arm-none-eabi/lib/armv7-m\libcr_c.a(_deferredlazyseek.o)
 .ARM.attributes
                0x000004e9       0x33 c:/nxp/lpcxpresso_8.0.0_526/lpcxpresso/tools/bin/../lib/gcc/arm-none-eabi/4.9.3/../../../../arm-none-eabi/lib/armv7-m\libcr_c.a(_fdopen.o)
 .ARM.attributes
                0x0000051c       0x33 c:/nxp/lpcxpresso_8.0.0_526/lpcxpresso/tools/bin/../lib/gcc/arm-none-eabi/4.9.3/../../../../arm-none-eabi/lib/armv7-m\libcr_c.a(_fflush.o)
 .ARM.attributes
                0x0000054f       0x33 c:/nxp/lpcxpresso_8.0.0_526/lpcxpresso/tools/bin/../lib/gcc/arm-none-eabi/4.9.3/../../../../arm-none-eabi/lib/armv7-m\libcr_c.a(_frexpl.o)
 .ARM.attributes
                0x00000582       0x33 c:/nxp/lpcxpresso_8.0.0_526/lpcxpresso/tools/bin/../lib/gcc/arm-none-eabi/4.9.3/../../../../arm-none-eabi/lib/armv7-m\libcr_c.a(_ldexpl.o)
 .ARM.attributes
                0x000005b5       0x33 c:/nxp/lpcxpresso_8.0.0_526/lpcxpresso/tools/bin/../lib/gcc/arm-none-eabi/4.9.3/../../../../arm-none-eabi/lib/armv7-m\libcr_c.a(_writebuf.o)
 .ARM.attributes
                0x000005e8       0x33 c:/nxp/lpcxpresso_8.0.0_526/lpcxpresso/tools/bin/../lib/gcc/arm-none-eabi/4.9.3/../../../../arm-none-eabi/lib/armv7-m\libcr_c.a(alloc.o)
 .ARM.attributes
                0x0000061b       0x33 c:/nxp/lpcxpresso_8.0.0_526/lpcxpresso/tools/bin/../lib/gcc/arm-none-eabi/4.9.3/../../../../arm-none-eabi/lib/armv7-m\libcr_c.a(errno.o)
 .ARM.attributes
                0x0000064e       0x33 c:/nxp/lpcxpresso_8.0.0_526/lpcxpresso/tools/bin/../lib/gcc/arm-none-eabi/4.9.3/../../../../arm-none-eabi/lib/armv7-m\libcr_c.a(fclose.o)
 .ARM.attributes
                0x00000681       0x33 c:/nxp/lpcxpresso_8.0.0_526/lpcxpresso/tools/bin/../lib/gcc/arm-none-eabi/4.9.3/../../../../arm-none-eabi/lib/armv7-m\libcr_c.a(fflush.o)
 .ARM.attributes
                0x000006b4       0x33 c:/nxp/lpcxpresso_8.0.0_526/lpcxpresso/tools/bin/../lib/gcc/arm-none-eabi/4.9.3/../../../../arm-none-eabi/lib/armv7-m\libcr_c.a(fseek.o)
 .ARM.attributes
                0x000006e7       0x33 c:/nxp/lpcxpresso_8.0.0_526/lpcxpresso/tools/bin/../lib/gcc/arm-none-eabi/4.9.3/../../../../arm-none-eabi/lib/armv7-m\libcr_c.a(ftell.o)
 .ARM.attributes
                0x0000071a       0x33 c:/nxp/lpcxpresso_8.0.0_526/lpcxpresso/tools/bin/../lib/gcc/arm-none-eabi/4.9.3/../../../../arm-none-eabi/lib/armv7-m\libcr_c.a(remove.o)
 .ARM.attributes
                0x0000074d       0x33 c:/nxp/lpcxpresso_8.0.0_526/lpcxpresso/tools/bin/../lib/gcc/arm-none-eabi/4.9.3/../../../../arm-none-eabi/lib/armv7-m\libcr_c.a(__init_alloc.o)
 .ARM.attributes
                0x00000780       0x33 c:/nxp/lpcxpresso_8.0.0_526/lpcxpresso/tools/bin/../lib/gcc/arm-none-eabi/4.9.3/../../../../arm-none-eabi/lib/armv7-m\libcr_c.a(_cr_sbrk.o)
 .ARM.attributes
                0x000007b3       0x33 c:/nxp/lpcxpresso_8.0.0_526/lpcxpresso/tools/bin/../lib/gcc/arm-none-eabi/4.9.3/../../../../arm-none-eabi/lib/armv7-m\libcr_c.a(_do_fflush.o)
 .ARM.attributes
                0x000007e6       0x33 c:/nxp/lpcxpresso_8.0.0_526/lpcxpresso/tools/bin/../lib/gcc/arm-none-eabi/4.9.3/../../../../arm-none-eabi/lib/armv7-m\libcr_c.a(_hugeval.o)
 .ARM.attributes
                0x00000819       0x33 c:/nxp/lpcxpresso_8.0.0_526/lpcxpresso/tools/bin/../lib/gcc/arm-none-eabi/4.9.3/../../../../arm-none-eabi/lib/armv7-m\libcr_c.a(_cr_check_heap.o)
 .ARM.attributes
                0x0000084c       0x33 c:/nxp/lpcxpresso_8.0.0_526/lpcxpresso/tools/bin/../lib/gcc/arm-none-eabi/4.9.3/armv7-m\libcr_eabihelpers.a(double.o)
 .ARM.attributes
                0x0000087f       0x21 c:/nxp/lpcxpresso_8.0.0_526/lpcxpresso/tools/bin/../lib/gcc/arm-none-eabi/4.9.3/armv7-m\libcr_eabihelpers.a(memcpy.o)
 .ARM.attributes
                0x000008a0       0x21 c:/nxp/lpcxpresso_8.0.0_526/lpcxpresso/tools/bin/../lib/gcc/arm-none-eabi/4.9.3/../../../../arm-none-eabi/lib/armv7-m\libcr_semihost.a(__sys_appexit.o)
 .ARM.attributes
                0x000008c1       0x21 c:/nxp/lpcxpresso_8.0.0_526/lpcxpresso/tools/bin/../lib/gcc/arm-none-eabi/4.9.3/../../../../arm-none-eabi/lib/armv7-m\libcr_semihost.a(__sys_close.o)
 .ARM.attributes
                0x000008e2       0x21 c:/nxp/lpcxpresso_8.0.0_526/lpcxpresso/tools/bin/../lib/gcc/arm-none-eabi/4.9.3/../../../../arm-none-eabi/lib/armv7-m\libcr_semihost.a(__sys_flen.o)
 .ARM.attributes
                0x00000903       0x21 c:/nxp/lpcxpresso_8.0.0_526/lpcxpresso/tools/bin/../lib/gcc/arm-none-eabi/4.9.3/../../../../arm-none-eabi/lib/armv7-m\libcr_semihost.a(__sys_istty.o)
 .ARM.attributes
                0x00000924       0x21 c:/nxp/lpcxpresso_8.0.0_526/lpcxpresso/tools/bin/../lib/gcc/arm-none-eabi/4.9.3/../../../../arm-none-eabi/lib/armv7-m\libcr_semihost.a(__sys_remove.o)
 .ARM.attributes
                0x00000945       0x21 c:/nxp/lpcxpresso_8.0.0_526/lpcxpresso/tools/bin/../lib/gcc/arm-none-eabi/4.9.3/../../../../arm-none-eabi/lib/armv7-m\libcr_semihost.a(__sys_seek.o)
 .ARM.attributes
                0x00000966       0x21 c:/nxp/lpcxpresso_8.0.0_526/lpcxpresso/tools/bin/../lib/gcc/arm-none-eabi/4.9.3/../../../../arm-none-eabi/lib/armv7-m\libcr_semihost.a(__sys_tmpnam.o)

.debug_frame    0x00000000     0x1af0
 .debug_frame   0x00000000       0xe0 ./src/Ex3_FreeRtos.o
 .debug_frame   0x000000e0      0x170 ./src/cr_startup_lpc175x_6x.o
 .debug_frame   0x00000250       0x34 ./src/sysinit.o
 .debug_frame   0x00000284      0x58c C:\nxp\workspace2\lpc_board_nxp_lpcxpresso_1769\Debug\liblpc_board_nxp_lpcxpresso_1769.a(board.o)
 .debug_frame   0x00000810       0x8c C:\nxp\workspace2\lpc_board_nxp_lpcxpresso_1769\Debug\liblpc_board_nxp_lpcxpresso_1769.a(board_sysinit.o)
 .debug_frame   0x0000089c       0x58 C:\nxp\workspace2\LibFreeRTOS_8.2.3\Debug\libLibFreeRTOS_8.2.3.a(basic_io.o)
 .debug_frame   0x000008f4       0x34 C:\nxp\workspace2\LibFreeRTOS_8.2.3\Debug\libLibFreeRTOS_8.2.3.a(consoleprint.o)
 .debug_frame   0x00000928      0x7f0 C:\nxp\workspace2\LibFreeRTOS_8.2.3\Debug\libLibFreeRTOS_8.2.3.a(tasks.o)
 .debug_frame   0x00001118       0x9c C:\nxp\workspace2\LibFreeRTOS_8.2.3\Debug\libLibFreeRTOS_8.2.3.a(heap_1.o)
 .debug_frame   0x000011b4      0x198 C:\nxp\workspace2\LibFreeRTOS_8.2.3\Debug\libLibFreeRTOS_8.2.3.a(port.o)
 .debug_frame   0x0000134c       0xd8 C:\nxp\workspace2\LibFreeRTOS_8.2.3\Debug\libLibFreeRTOS_8.2.3.a(list.o)
 .debug_frame   0x00001424       0x88 C:\nxp\workspace2\lpc_chip_175x_6x\Debug\liblpc_chip_175x_6x.a(chip_17xx_40xx.o)
 .debug_frame   0x000014ac      0x490 C:\nxp\workspace2\lpc_chip_175x_6x\Debug\liblpc_chip_175x_6x.a(clock_17xx_40xx.o)
 .debug_frame   0x0000193c       0x88 C:\nxp\workspace2\lpc_chip_175x_6x\Debug\liblpc_chip_175x_6x.a(iocon_17xx_40xx.o)
 .debug_frame   0x000019c4      0x12c C:\nxp\workspace2\lpc_chip_175x_6x\Debug\liblpc_chip_175x_6x.a(sysinit_17xx_40xx.o)
