Archive member included because of file (symbol)

C:\nxp\workspace2\lpc_board_nxp_lpcxpresso_1769\Debug\liblpc_board_nxp_lpcxpresso_1769.a(board.o)
                              ./src/Ex5_FreeRtos.o (Board_LED_Set)
C:\nxp\workspace2\lpc_board_nxp_lpcxpresso_1769\Debug\liblpc_board_nxp_lpcxpresso_1769.a(board_sysinit.o)
                              ./src/sysinit.o (Board_SystemInit)
C:\nxp\workspace2\LibFreeRTOS_8.2.3\Debug\libLibFreeRTOS_8.2.3.a(basic_io.o)
                              ./src/Ex5_FreeRtos.o (vPrintStringAndNumber)
C:\nxp\workspace2\LibFreeRTOS_8.2.3\Debug\libLibFreeRTOS_8.2.3.a(consoleprint.o)
                              C:\nxp\workspace2\LibFreeRTOS_8.2.3\Debug\libLibFreeRTOS_8.2.3.a(basic_io.o) (consoleprint)
C:\nxp\workspace2\LibFreeRTOS_8.2.3\Debug\libLibFreeRTOS_8.2.3.a(tasks.o)
                              ./src/Ex5_FreeRtos.o (xTaskGenericCreate)
C:\nxp\workspace2\LibFreeRTOS_8.2.3\Debug\libLibFreeRTOS_8.2.3.a(heap_1.o)
                              C:\nxp\workspace2\LibFreeRTOS_8.2.3\Debug\libLibFreeRTOS_8.2.3.a(tasks.o) (pvPortMalloc)
C:\nxp\workspace2\LibFreeRTOS_8.2.3\Debug\libLibFreeRTOS_8.2.3.a(port.o)
                              C:\nxp\workspace2\LibFreeRTOS_8.2.3\Debug\libLibFreeRTOS_8.2.3.a(tasks.o) (pxPortInitialiseStack)
C:\nxp\workspace2\LibFreeRTOS_8.2.3\Debug\libLibFreeRTOS_8.2.3.a(list.o)
                              C:\nxp\workspace2\LibFreeRTOS_8.2.3\Debug\libLibFreeRTOS_8.2.3.a(tasks.o) (vListInitialise)
C:\nxp\workspace2\lpc_chip_175x_6x\Debug\liblpc_chip_175x_6x.a(chip_17xx_40xx.o)
                              C:\nxp\workspace2\LibFreeRTOS_8.2.3\Debug\libLibFreeRTOS_8.2.3.a(port.o) (SystemCoreClock)
C:\nxp\workspace2\lpc_chip_175x_6x\Debug\liblpc_chip_175x_6x.a(clock_17xx_40xx.o)
                              C:\nxp\workspace2\lpc_chip_175x_6x\Debug\liblpc_chip_175x_6x.a(chip_17xx_40xx.o) (Chip_Clock_EnablePLL)
C:\nxp\workspace2\lpc_chip_175x_6x\Debug\liblpc_chip_175x_6x.a(i2s_17xx_40xx.o)
                              C:\nxp\workspace2\lpc_board_nxp_lpcxpresso_1769\Debug\liblpc_board_nxp_lpcxpresso_1769.a(board.o) (Chip_I2S_Init)
C:\nxp\workspace2\lpc_chip_175x_6x\Debug\liblpc_chip_175x_6x.a(iocon_17xx_40xx.o)
                              C:\nxp\workspace2\lpc_board_nxp_lpcxpresso_1769\Debug\liblpc_board_nxp_lpcxpresso_1769.a(board.o) (Chip_IOCON_PinMux)
C:\nxp\workspace2\lpc_chip_175x_6x\Debug\liblpc_chip_175x_6x.a(sysinit_17xx_40xx.o)
                              C:\nxp\workspace2\lpc_board_nxp_lpcxpresso_1769\Debug\liblpc_board_nxp_lpcxpresso_1769.a(board_sysinit.o) (Chip_SetupXtalClocking)
C:\nxp\workspace2\lpc_chip_175x_6x\Debug\liblpc_chip_175x_6x.a(uart_17xx_40xx.o)
                              C:\nxp\workspace2\lpc_board_nxp_lpcxpresso_1769\Debug\liblpc_board_nxp_lpcxpresso_1769.a(board.o) (Chip_UART_Init)
C:\nxp\workspace2\lpc_chip_175x_6x\Debug\liblpc_chip_175x_6x.a(ring_buffer.o)
                              C:\nxp\workspace2\lpc_chip_175x_6x\Debug\liblpc_chip_175x_6x.a(uart_17xx_40xx.o) (RingBuffer_Insert)
c:/nxp/lpcxpresso_8.0.0_526/lpcxpresso/tools/bin/../lib/gcc/arm-none-eabi/4.9.3/../../../../arm-none-eabi/lib/armv7-m\libcr_semihost.a(__sys_write.o)
                              C:\nxp\workspace2\LibFreeRTOS_8.2.3\Debug\libLibFreeRTOS_8.2.3.a(consoleprint.o) (__write)
c:/nxp/lpcxpresso_8.0.0_526/lpcxpresso/tools/bin/../lib/gcc/arm-none-eabi/4.9.3/../../../../arm-none-eabi/lib/armv7-m\libcr_semihost.a(_cr__main.o)
                              ./src/cr_startup_lpc175x_6x.o (__main)
c:/nxp/lpcxpresso_8.0.0_526/lpcxpresso/tools/bin/../lib/gcc/arm-none-eabi/4.9.3/../../../../arm-none-eabi/lib/armv7-m\libcr_c.a(memcpy.o)
                              C:\nxp\workspace2\lpc_board_nxp_lpcxpresso_1769\Debug\liblpc_board_nxp_lpcxpresso_1769.a(board.o) (memcpy)
c:/nxp/lpcxpresso_8.0.0_526/lpcxpresso/tools/bin/../lib/gcc/arm-none-eabi/4.9.3/../../../../arm-none-eabi/lib/armv7-m\libcr_c.a(memset.o)
                              C:\nxp\workspace2\LibFreeRTOS_8.2.3\Debug\libLibFreeRTOS_8.2.3.a(tasks.o) (memset)
c:/nxp/lpcxpresso_8.0.0_526/lpcxpresso/tools/bin/../lib/gcc/arm-none-eabi/4.9.3/../../../../arm-none-eabi/lib/armv7-m\libcr_c.a(fpprintf.o)
                              C:\nxp\workspace2\LibFreeRTOS_8.2.3\Debug\libLibFreeRTOS_8.2.3.a(basic_io.o) (sprintf)
c:/nxp/lpcxpresso_8.0.0_526/lpcxpresso/tools/bin/../lib/gcc/arm-none-eabi/4.9.3/../../../../arm-none-eabi/lib/armv7-m\libcr_c.a(initio.o)
                              c:/nxp/lpcxpresso_8.0.0_526/lpcxpresso/tools/bin/../lib/gcc/arm-none-eabi/4.9.3/../../../../arm-none-eabi/lib/armv7-m\libcr_semihost.a(_cr__main.o) (_initio)
c:/nxp/lpcxpresso_8.0.0_526/lpcxpresso/tools/bin/../lib/gcc/arm-none-eabi/4.9.3/../../../../arm-none-eabi/lib/armv7-m\libcr_c.a(printf.o)
                              c:/nxp/lpcxpresso_8.0.0_526/lpcxpresso/tools/bin/../lib/gcc/arm-none-eabi/4.9.3/../../../../arm-none-eabi/lib/armv7-m\libcr_c.a(fpprintf.o) (__vfprintf)
[...]
Memory Configuration

Name             Origin             Length             Attributes
MFlash512        0x00000000         0x00080000         xr
RamLoc32         0x10000000         0x00008000         xrw
RamAHB32         0x2007c000         0x00008000         xrw
*default*        0x00000000         0xffffffff

Linker script and memory map

LOAD ./src/Ex5_FreeRtos.o
LOAD ./src/cr_startup_lpc175x_6x.o
LOAD ./src/crp.o
LOAD ./src/sysinit.o
LOAD C:\nxp\workspace2\lpc_board_nxp_lpcxpresso_1769\Debug\liblpc_board_nxp_lpcxpresso_1769.a
LOAD C:\nxp\workspace2\LibFreeRTOS_8.2.3\Debug\libLibFreeRTOS_8.2.3.a
LOAD C:\nxp\workspace2\lpc_chip_175x_6x\Debug\liblpc_chip_175x_6x.a
START GROUP
LOAD c:/nxp/lpcxpresso_8.0.0_526/lpcxpresso/tools/bin/../lib/gcc/arm-none-eabi/4.9.3/../../../../arm-none-eabi/lib/armv7-m\libcr_semihost.a
LOAD c:/nxp/lpcxpresso_8.0.0_526/lpcxpresso/tools/bin/../lib/gcc/arm-none-eabi/4.9.3/../../../../arm-none-eabi/lib/armv7-m\libcr_c.a
LOAD c:/nxp/lpcxpresso_8.0.0_526/lpcxpresso/tools/bin/../lib/gcc/arm-none-eabi/4.9.3/armv7-m\libcr_eabihelpers.a
END GROUP
                0x00000000                __base_MFlash512 = 0x0
                0x00000000                __base_Flash = 0x0
                0x00080000                __top_MFlash512 = 0x80000
                0x00080000                __top_Flash = 0x80000
                0x10000000                __base_RamLoc32 = 0x10000000
                0x10000000                __base_RAM = 0x10000000
                0x10008000                __top_RamLoc32 = 0x10008000
                0x10008000                __top_RAM = 0x10008000
                0x2007c000                __base_RamAHB32 = 0x2007c000
                0x2007c000                __base_RAM2 = 0x2007c000
                0x20084000                __top_RamAHB32 = 0x20084000
                0x20084000                __top_RAM2 = 0x20084000

.text           0x00000000     0x4028
 FILL mask 0xff
                0x00000000                __vectors_start__ = ABSOLUTE (.)
 *(.isr_vector)
 .isr_vector    0x00000000       0xcc ./src/cr_startup_lpc175x_6x.o
                0x00000000                g_pfnVectors
                0x000000cc                . = ALIGN (0x4)
                0x000000cc                __section_table_start = .
                0x000000cc                __data_section_table = .
                0x000000cc        0x4 LONG 0x4028 LOADADDR (.data)
                0x000000d0        0x4 LONG 0x10000000 ADDR (.data)
                0x000000d4        0x4 LONG 0xc SIZEOF (.data)
                0x000000d8        0x4 LONG 0x4028 LOADADDR (.data_RAM2)
                0x000000dc        0x4 LONG 0x2007c000 ADDR (.data_RAM2)
                0x000000e0        0x4 LONG 0x0 SIZEOF (.data_RAM2)
                0x000000e4                __data_section_table_end = .
                0x000000e4                __bss_section_table = .
                0x000000e4        0x4 LONG 0x1000000c ADDR (.bss)
                0x000000e8        0x4 LONG 0x2ad0 SIZEOF (.bss)
                0x000000ec        0x4 LONG 0x2007c000 ADDR (.bss_RAM2)
                0x000000f0        0x4 LONG 0x0 SIZEOF (.bss_RAM2)
                0x000000f4                __bss_section_table_end = .
                0x000000f4                __section_table_end = .
 *(.after_vectors*)
 .after_vectors
                0x000000f4      0x144 ./src/cr_startup_lpc175x_6x.o
                0x000000f4                data_init
                0x00000138                bss_init
                0x00000170                ResetISR
                0x000001e8                NMI_Handler
                0x000001f0                HardFault_Handler
                0x000001f8                MemManage_Handler
                0x00000200                BusFault_Handler
                0x00000208                UsageFault_Handler
                0x00000218                DebugMon_Handler
                0x00000230                UART1_IRQHandler
                0x00000230                EINT3_IRQHandler
                0x00000230                I2C1_IRQHandler
                0x00000230                TIMER3_IRQHandler
                0x00000230                UART0_IRQHandler
                0x00000230                USBActivity_IRQHandler
                0x00000230                CANActivity_IRQHandler
                0x00000230                EINT2_IRQHandler
                0x00000230                IntDefaultHandler
                0x00000230                PLL0_IRQHandler
                0x00000230                CAN_IRQHandler
                0x00000230                I2C0_IRQHandler
                0x00000230                SSP0_IRQHandler
                0x00000230                I2S_IRQHandler
                0x00000230                I2C2_IRQHandler
                0x00000230                RTC_IRQHandler
                0x00000230                TIMER0_IRQHandler
                0x00000230                SPI_IRQHandler
                0x00000230                RIT_IRQHandler
                0x00000230                EINT1_IRQHandler
                0x00000230                TIMER1_IRQHandler
                0x00000230                UART2_IRQHandler
                0x00000230                ADC_IRQHandler
                0x00000230                SSP1_IRQHandler
                0x00000230                USB_IRQHandler
                0x00000230                BOD_IRQHandler
                0x00000230                PWM1_IRQHandler
                0x00000230                WDT_IRQHandler
                0x00000230                QEI_IRQHandler
                0x00000230                EINT0_IRQHandler
                0x00000230                ETH_IRQHandler
                0x00000230                PLL1_IRQHandler
                0x00000230                DMA_IRQHandler
                0x00000230                TIMER2_IRQHandler
                0x00000230                UART3_IRQHandler
                0x00000230                MCPWM_IRQHandler
 *(.text*)
 .text.prvSetupHardware
                0x00000238       0x18 ./src/Ex5_FreeRtos.o
 .text.main     0x00000250       0x64 ./src/Ex5_FreeRtos.o
                0x00000250                main
 .text.vTaskFunction
                0x000002b4       0x24 ./src/Ex5_FreeRtos.o
                0x000002b4                vTaskFunction
 .text.vApplicationIdleHook
                0x000002d8       0x1c ./src/Ex5_FreeRtos.o
                0x000002d8                vApplicationIdleHook
 .text.SystemInit
                0x000002f4       0x24 ./src/sysinit.o
                0x000002f4                SystemInit
 .text.Chip_IOCON_Init
                0x00000318       0x14 C:\nxp\workspace2\lpc_board_nxp_lpcxpresso_1769\Debug\liblpc_board_nxp_lpcxpresso_1769.a(board.o)
 .text.Chip_GPIO_Init
                0x0000032c       0x14 C:\nxp\workspace2\lpc_board_nxp_lpcxpresso_1769\Debug\liblpc_board_nxp_lpcxpresso_1769.a(board.o)
 .text.Chip_GPIO_SetPinState
                0x00000340       0x68 C:\nxp\workspace2\lpc_board_nxp_lpcxpresso_1769\Debug\liblpc_board_nxp_lpcxpresso_1769.a(board.o)
 .text.Chip_GPIO_WritePortBit
                0x000003a8       0x2c C:\nxp\workspace2\lpc_board_nxp_lpcxpresso_1769\Debug\liblpc_board_nxp_lpcxpresso_1769.a(board.o)
 .text.Chip_GPIO_SetPinDIROutput
                0x000003d4       0x38 C:\nxp\workspace2\lpc_board_nxp_lpcxpresso_1769\Debug\liblpc_board_nxp_lpcxpresso_1769.a(board.o)
 .text.Chip_GPIO_SetPinDIRInput
                0x0000040c       0x3c C:\nxp\workspace2\lpc_board_nxp_lpcxpresso_1769\Debug\liblpc_board_nxp_lpcxpresso_1769.a(board.o)
 .text.Chip_GPIO_SetPinDIR
                0x00000448       0x44 C:\nxp\workspace2\lpc_board_nxp_lpcxpresso_1769\Debug\liblpc_board_nxp_lpcxpresso_1769.a(board.o)
 .text.Chip_GPIO_WriteDirBit
                0x0000048c       0x2c C:\nxp\workspace2\lpc_board_nxp_lpcxpresso_1769\Debug\liblpc_board_nxp_lpcxpresso_1769.a(board.o)
 .text.Board_LED_Init
                0x000004b8       0x18 C:\nxp\workspace2\lpc_board_nxp_lpcxpresso_1769\Debug\liblpc_board_nxp_lpcxpresso_1769.a(board.o)
 .text.Board_LED_Set
                0x000004d0       0x2c C:\nxp\workspace2\lpc_board_nxp_lpcxpresso_1769\Debug\liblpc_board_nxp_lpcxpresso_1769.a(board.o)
                0x000004d0                Board_LED_Set
 .text.Board_Init
                0x000004fc       0x20 C:\nxp\workspace2\lpc_board_nxp_lpcxpresso_1769\Debug\liblpc_board_nxp_lpcxpresso_1769.a(board.o)
                0x000004fc                Board_Init
 .text.Chip_SYSCTL_SetFLASHAccess
                0x0000051c       0x30 C:\nxp\workspace2\lpc_board_nxp_lpcxpresso_1769\Debug\liblpc_board_nxp_lpcxpresso_1769.a(board_sysinit.o)
 .text.Board_SetupMuxing
                0x0000054c       0x18 C:\nxp\workspace2\lpc_board_nxp_lpcxpresso_1769\Debug\liblpc_board_nxp_lpcxpresso_1769.a(board_sysinit.o)
                0x0000054c                Board_SetupMuxing
 .text.Board_SetupClocking
                0x00000564       0x10 C:\nxp\workspace2\lpc_board_nxp_lpcxpresso_1769\Debug\liblpc_board_nxp_lpcxpresso_1769.a(board_sysinit.o)
                0x00000564                Board_SetupClocking
 .text.Board_SystemInit
                0x00000574       0x10 C:\nxp\workspace2\lpc_board_nxp_lpcxpresso_1769\Debug\liblpc_board_nxp_lpcxpresso_1769.a(board_sysinit.o)
                0x00000574                Board_SystemInit
 .text.vPrintStringAndNumber
                0x00000584       0x34 C:\nxp\workspace2\LibFreeRTOS_8.2.3\Debug\libLibFreeRTOS_8.2.3.a(basic_io.o)
                0x00000584                vPrintStringAndNumber
 .text.consoleprint
                0x000005b8       0x28 C:\nxp\workspace2\LibFreeRTOS_8.2.3\Debug\libLibFreeRTOS_8.2.3.a(consoleprint.o)
                0x000005b8                consoleprint
 .text.xTaskGenericCreate
                0x000005e0      0x140 C:\nxp\workspace2\LibFreeRTOS_8.2.3\Debug\libLibFreeRTOS_8.2.3.a(tasks.o)
                0x000005e0                xTaskGenericCreate
 .text.vTaskDelay
                0x00000720       0x74 C:\nxp\workspace2\LibFreeRTOS_8.2.3\Debug\libLibFreeRTOS_8.2.3.a(tasks.o)
                0x00000720                vTaskDelay
 .text.vTaskStartScheduler
                0x00000794       0x60 C:\nxp\workspace2\LibFreeRTOS_8.2.3\Debug\libLibFreeRTOS_8.2.3.a(tasks.o)
                0x00000794                vTaskStartScheduler
 .text.vTaskSuspendAll
                0x000007f4       0x1c C:\nxp\workspace2\LibFreeRTOS_8.2.3\Debug\libLibFreeRTOS_8.2.3.a(tasks.o)
                0x000007f4                vTaskSuspendAll
 .text.xTaskResumeAll
                0x00000810      0x100 C:\nxp\workspace2\LibFreeRTOS_8.2.3\Debug\libLibFreeRTOS_8.2.3.a(tasks.o)
                0x00000810                xTaskResumeAll
 .text.xTaskIncrementTick
                0x00000910      0x160 C:\nxp\workspace2\LibFreeRTOS_8.2.3\Debug\libLibFreeRTOS_8.2.3.a(tasks.o)
                0x00000910                xTaskIncrementTick
 .text.vTaskSwitchContext
                0x00000a70       0x8c C:\nxp\workspace2\LibFreeRTOS_8.2.3\Debug\libLibFreeRTOS_8.2.3.a(tasks.o)
                0x00000a70                vTaskSwitchContext
 .text.prvIdleTask
                0x00000afc       0x24 C:\nxp\workspace2\LibFreeRTOS_8.2.3\Debug\libLibFreeRTOS_8.2.3.a(tasks.o)
 .text.prvInitialiseTCBVariables
                0x00000b20       0xa4 C:\nxp\workspace2\LibFreeRTOS_8.2.3\Debug\libLibFreeRTOS_8.2.3.a(tasks.o)
 .text.prvInitialiseTaskLists
                0x00000bc4       0x7c C:\nxp\workspace2\LibFreeRTOS_8.2.3\Debug\libLibFreeRTOS_8.2.3.a(tasks.o)
 .text.prvCheckTasksWaitingTermination
                0x00000c40       0x74 C:\nxp\workspace2\LibFreeRTOS_8.2.3\Debug\libLibFreeRTOS_8.2.3.a(tasks.o)
 .text.prvAddCurrentTaskToDelayedList
                0x00000cb4       0x6c C:\nxp\workspace2\LibFreeRTOS_8.2.3\Debug\libLibFreeRTOS_8.2.3.a(tasks.o)
 .text.prvAllocateTCBAndStack
                0x00000d20       0x70 C:\nxp\workspace2\LibFreeRTOS_8.2.3\Debug\libLibFreeRTOS_8.2.3.a(tasks.o)
 .text.prvDeleteTCB
                0x00000d90       0x20 C:\nxp\workspace2\LibFreeRTOS_8.2.3\Debug\libLibFreeRTOS_8.2.3.a(tasks.o)
 .text.prvResetNextTaskUnblockTime
                0x00000db0       0x48 C:\nxp\workspace2\LibFreeRTOS_8.2.3\Debug\libLibFreeRTOS_8.2.3.a(tasks.o)
 .text.pvPortMalloc
                0x00000df8       0x8c C:\nxp\workspace2\LibFreeRTOS_8.2.3\Debug\libLibFreeRTOS_8.2.3.a(heap_1.o)
                0x00000df8                pvPortMalloc
 .text.vPortFree
                0x00000e84       0x14 C:\nxp\workspace2\LibFreeRTOS_8.2.3\Debug\libLibFreeRTOS_8.2.3.a(heap_1.o)
                0x00000e84                vPortFree
 .text.pxPortInitialiseStack
                0x00000e98       0x58 C:\nxp\workspace2\LibFreeRTOS_8.2.3\Debug\libLibFreeRTOS_8.2.3.a(port.o)
                0x00000e98                pxPortInitialiseStack
 .text.prvTaskExitError
                0x00000ef0        0xc C:\nxp\workspace2\LibFreeRTOS_8.2.3\Debug\libLibFreeRTOS_8.2.3.a(port.o)
 .text.SVC_Handler
                0x00000efc       0x24 C:\nxp\workspace2\LibFreeRTOS_8.2.3\Debug\libLibFreeRTOS_8.2.3.a(port.o)
                0x00000efc                SVC_Handler
 .text.prvPortStartFirstTask
                0x00000f20       0x20 C:\nxp\workspace2\LibFreeRTOS_8.2.3\Debug\libLibFreeRTOS_8.2.3.a(port.o)
 .text.xPortStartScheduler
                0x00000f40       0x3c C:\nxp\workspace2\LibFreeRTOS_8.2.3\Debug\libLibFreeRTOS_8.2.3.a(port.o)
                0x00000f40                xPortStartScheduler
 .text.vPortYield
                0x00000f7c       0x20 C:\nxp\workspace2\LibFreeRTOS_8.2.3\Debug\libLibFreeRTOS_8.2.3.a(port.o)
                0x00000f7c                vPortYield
 .text.vPortEnterCritical
                0x00000f9c       0x20 C:\nxp\workspace2\LibFreeRTOS_8.2.3\Debug\libLibFreeRTOS_8.2.3.a(port.o)
                0x00000f9c                vPortEnterCritical
 .text.vPortExitCritical
                0x00000fbc       0x24 C:\nxp\workspace2\LibFreeRTOS_8.2.3\Debug\libLibFreeRTOS_8.2.3.a(port.o)
                0x00000fbc                vPortExitCritical
 .text.ulPortSetInterruptMask
                0x00000fe0       0x14 C:\nxp\workspace2\LibFreeRTOS_8.2.3\Debug\libLibFreeRTOS_8.2.3.a(port.o)
                0x00000fe0                ulPortSetInterruptMask
 .text.vPortClearInterruptMask
                0x00000ff4        0x8 C:\nxp\workspace2\LibFreeRTOS_8.2.3\Debug\libLibFreeRTOS_8.2.3.a(port.o)
                0x00000ff4                vPortClearInterruptMask
 .text.PendSV_Handler
                0x00000ffc       0x44 C:\nxp\workspace2\LibFreeRTOS_8.2.3\Debug\libLibFreeRTOS_8.2.3.a(port.o)
                0x00000ffc                PendSV_Handler
 .text.SysTick_Handler
                0x00001040       0x28 C:\nxp\workspace2\LibFreeRTOS_8.2.3\Debug\libLibFreeRTOS_8.2.3.a(port.o)
                0x00001040                SysTick_Handler
 .text.vPortSetupTimerInterrupt
                0x00001068       0x34 C:\nxp\workspace2\LibFreeRTOS_8.2.3\Debug\libLibFreeRTOS_8.2.3.a(port.o)
                0x00001068                vPortSetupTimerInterrupt
 .text.vListInitialise
                0x0000109c       0x40 C:\nxp\workspace2\LibFreeRTOS_8.2.3\Debug\libLibFreeRTOS_8.2.3.a(list.o)
                0x0000109c                vListInitialise
 .text.vListInitialiseItem
                0x000010dc       0x18 C:\nxp\workspace2\LibFreeRTOS_8.2.3\Debug\libLibFreeRTOS_8.2.3.a(list.o)
                0x000010dc                vListInitialiseItem
 .text.vListInsertEnd
                0x000010f4       0x48 C:\nxp\workspace2\LibFreeRTOS_8.2.3\Debug\libLibFreeRTOS_8.2.3.a(list.o)
                0x000010f4                vListInsertEnd
 .text.vListInsert
                0x0000113c       0x70 C:\nxp\workspace2\LibFreeRTOS_8.2.3\Debug\libLibFreeRTOS_8.2.3.a(list.o)
                0x0000113c                vListInsert
 .text.uxListRemove
                0x000011ac       0x54 C:\nxp\workspace2\LibFreeRTOS_8.2.3\Debug\libLibFreeRTOS_8.2.3.a(list.o)
                0x000011ac                uxListRemove
 .text.SystemCoreClockUpdate
                0x00001200       0x14 C:\nxp\workspace2\lpc_chip_175x_6x\Debug\liblpc_chip_175x_6x.a(chip_17xx_40xx.o)
                0x00001200                SystemCoreClockUpdate
 .text.Chip_Clock_IsMainPLLEnabled
                0x00001214       0x28 C:\nxp\workspace2\lpc_chip_175x_6x\Debug\liblpc_chip_175x_6x.a(clock_17xx_40xx.o)
 .text.Chip_Clock_IsMainPLLConnected
                0x0000123c       0x28 C:\nxp\workspace2\lpc_chip_175x_6x\Debug\liblpc_chip_175x_6x.a(clock_17xx_40xx.o)
 .text.Chip_Clock_FeedPLL
                0x00001264       0x34 C:\nxp\workspace2\lpc_chip_175x_6x\Debug\liblpc_chip_175x_6x.a(clock_17xx_40xx.o)
 .text.Chip_Clock_GetMainPLLSource
                0x00001298       0x20 C:\nxp\workspace2\lpc_chip_175x_6x\Debug\liblpc_chip_175x_6x.a(clock_17xx_40xx.o)
 .text.Chip_Clock_GetMainOscRate
                0x000012b8       0x18 C:\nxp\workspace2\lpc_chip_175x_6x\Debug\liblpc_chip_175x_6x.a(clock_17xx_40xx.o)
 .text.Chip_Clock_GetIntOscRate
                0x000012d0       0x14 C:\nxp\workspace2\lpc_chip_175x_6x\Debug\liblpc_chip_175x_6x.a(clock_17xx_40xx.o)
 .text.Chip_Clock_GetRTCOscRate
                0x000012e4       0x18 C:\nxp\workspace2\lpc_chip_175x_6x\Debug\liblpc_chip_175x_6x.a(clock_17xx_40xx.o)
 .text.Chip_Clock_GetMainPLLInClockRate
                0x000012fc       0x10 C:\nxp\workspace2\lpc_chip_175x_6x\Debug\liblpc_chip_175x_6x.a(clock_17xx_40xx.o)
 .text.Chip_Clock_EnablePLL
                0x0000130c       0x44 C:\nxp\workspace2\lpc_chip_175x_6x\Debug\liblpc_chip_175x_6x.a(clock_17xx_40xx.o)
                0x0000130c                Chip_Clock_EnablePLL
 .text.Chip_Clock_DisablePLL
                0x00001350       0x44 C:\nxp\workspace2\lpc_chip_175x_6x\Debug\liblpc_chip_175x_6x.a(clock_17xx_40xx.o)
                0x00001350                Chip_Clock_DisablePLL
 .text.Chip_Clock_SetupPLL
                0x00001394       0x58 C:\nxp\workspace2\lpc_chip_175x_6x\Debug\liblpc_chip_175x_6x.a(clock_17xx_40xx.o)
                0x00001394                Chip_Clock_SetupPLL
 .text.Chip_Clock_EnablePeriphClock
                0x000013ec       0x34 C:\nxp\workspace2\lpc_chip_175x_6x\Debug\liblpc_chip_175x_6x.a(clock_17xx_40xx.o)
                0x000013ec                Chip_Clock_EnablePeriphClock
 .text.Chip_Clock_GetCPUClockSource
                0x00001420       0x24 C:\nxp\workspace2\lpc_chip_175x_6x\Debug\liblpc_chip_175x_6x.a(clock_17xx_40xx.o)
                0x00001420                Chip_Clock_GetCPUClockSource
 .text.Chip_Clock_SetCPUClockDiv
                0x00001444       0x20 C:\nxp\workspace2\lpc_chip_175x_6x\Debug\liblpc_chip_175x_6x.a(clock_17xx_40xx.o)
                0x00001444                Chip_Clock_SetCPUClockDiv
 .text.Chip_Clock_GetCPUClockDiv
                0x00001464       0x1c C:\nxp\workspace2\lpc_chip_175x_6x\Debug\liblpc_chip_175x_6x.a(clock_17xx_40xx.o)
                0x00001464                Chip_Clock_GetCPUClockDiv
 .text.Chip_Clock_GetSYSCLKRate
                0x00001480       0x34 C:\nxp\workspace2\lpc_chip_175x_6x\Debug\liblpc_chip_175x_6x.a(clock_17xx_40xx.o)
                0x00001480                Chip_Clock_GetSYSCLKRate
 .text.Chip_Clock_GetMainPLLOutClockRate
                0x000014b4       0x54 C:\nxp\workspace2\lpc_chip_175x_6x\Debug\liblpc_chip_175x_6x.a(clock_17xx_40xx.o)
                0x000014b4                Chip_Clock_GetMainPLLOutClockRate
 .text.Chip_Clock_GetMainClockRate
                0x00001508       0x28 C:\nxp\workspace2\lpc_chip_175x_6x\Debug\liblpc_chip_175x_6x.a(clock_17xx_40xx.o)
                0x00001508                Chip_Clock_GetMainClockRate
 .text.Chip_Clock_GetSystemClockRate
                0x00001530       0x18 C:\nxp\workspace2\lpc_chip_175x_6x\Debug\liblpc_chip_175x_6x.a(clock_17xx_40xx.o)
                0x00001530                Chip_Clock_GetSystemClockRate
 .text.Chip_IOCON_PinMuxSet
                0x00001548       0x34 C:\nxp\workspace2\lpc_chip_175x_6x\Debug\liblpc_chip_175x_6x.a(iocon_17xx_40xx.o)
                0x00001548                Chip_IOCON_PinMuxSet
 .text.Chip_IOCON_PinMux
                0x0000157c       0x94 C:\nxp\workspace2\lpc_chip_175x_6x\Debug\liblpc_chip_175x_6x.a(iocon_17xx_40xx.o)
                0x0000157c                Chip_IOCON_PinMux
 .text.Chip_IOCON_SetPinMuxing
                0x00001610       0x60 C:\nxp\workspace2\lpc_chip_175x_6x\Debug\liblpc_chip_175x_6x.a(iocon_17xx_40xx.o)
                0x00001610                Chip_IOCON_SetPinMuxing
 .text.Chip_Clock_IsMainPLLEnabled
                0x00001670       0x28 C:\nxp\workspace2\lpc_chip_175x_6x\Debug\liblpc_chip_175x_6x.a(sysinit_17xx_40xx.o)
 .text.Chip_Clock_IsMainPLLLocked
                0x00001698       0x28 C:\nxp\workspace2\lpc_chip_175x_6x\Debug\liblpc_chip_175x_6x.a(sysinit_17xx_40xx.o)
 .text.Chip_Clock_IsMainPLLConnected
                0x000016c0       0x28 C:\nxp\workspace2\lpc_chip_175x_6x\Debug\liblpc_chip_175x_6x.a(sysinit_17xx_40xx.o)
 .text.Chip_Clock_EnableCrystal
                0x000016e8       0x20 C:\nxp\workspace2\lpc_chip_175x_6x\Debug\liblpc_chip_175x_6x.a(sysinit_17xx_40xx.o)
 .text.Chip_Clock_IsCrystalEnabled
                0x00001708       0x28 C:\nxp\workspace2\lpc_chip_175x_6x\Debug\liblpc_chip_175x_6x.a(sysinit_17xx_40xx.o)
 .text.Chip_Clock_SetMainPLLSource
                0x00001730       0x20 C:\nxp\workspace2\lpc_chip_175x_6x\Debug\liblpc_chip_175x_6x.a(sysinit_17xx_40xx.o)
 .text.Chip_SetupXtalClocking
                0x00001750       0x90 C:\nxp\workspace2\lpc_chip_175x_6x\Debug\liblpc_chip_175x_6x.a(sysinit_17xx_40xx.o)
                0x00001750                Chip_SetupXtalClocking
 .text.__sys_write
                0x000017e0        0xc c:/nxp/lpcxpresso_8.0.0_526/lpcxpresso/tools/bin/../lib/gcc/arm-none-eabi/4.9.3/../../../../arm-none-eabi/lib/armv7-m\libcr_semihost.a(__sys_write.o)
                0x000017e0                __sys_write
                0x000017e0                __write
 .text.__main   0x000017ec       0x14 c:/nxp/lpcxpresso_8.0.0_526/lpcxpresso/tools/bin/../lib/gcc/arm-none-eabi/4.9.3/../../../../arm-none-eabi/lib/armv7-m\libcr_semihost.a(_cr__main.o)
                0x000017ec                __CR_SEMIHOST
                0x000017ec                __main
 .text.memset   0x00001800        0x4 c:/nxp/lpcxpresso_8.0.0_526/lpcxpresso/tools/bin/../lib/gcc/arm-none-eabi/4.9.3/../../../../arm-none-eabi/lib/armv7-m\libcr_c.a(memset.o)
                0x00001800                memset
 .text.fp_round
                0x00001804       0x4a c:/nxp/lpcxpresso_8.0.0_526/lpcxpresso/tools/bin/../lib/gcc/arm-none-eabi/4.9.3/../../../../arm-none-eabi/lib/armv7-m\libcr_c.a(fpprintf.o)
 .text.pr_dec.constprop.1
                0x0000184e       0x26 c:/nxp/lpcxpresso_8.0.0_526/lpcxpresso/tools/bin/../lib/gcc/arm-none-eabi/4.9.3/../../../../arm-none-eabi/lib/armv7-m\libcr_c.a(fpprintf.o)
 .text.sprintf  0x00001874       0x6c c:/nxp/lpcxpresso_8.0.0_526/lpcxpresso/tools/bin/../lib/gcc/arm-none-eabi/4.9.3/../../../../arm-none-eabi/lib/armv7-m\libcr_c.a(fpprintf.o)
                0x00001874                sprintf
 .text.fp_display
                0x000018e0      0x900 c:/nxp/lpcxpresso_8.0.0_526/lpcxpresso/tools/bin/../lib/gcc/arm-none-eabi/4.9.3/../../../../arm-none-eabi/lib/armv7-m\libcr_c.a(fpprintf.o)
 .text._initio  0x000021e0       0xa4 c:/nxp/lpcxpresso_8.0.0_526/lpcxpresso/tools/bin/../lib/gcc/arm-none-eabi/4.9.3/../../../../arm-none-eabi/lib/armv7-m\libcr_c.a(initio.o)
                0x000021e0                _initio
 .text.__vfprintf
                0x00002284      0xcc0 c:/nxp/lpcxpresso_8.0.0_526/lpcxpresso/tools/bin/../lib/gcc/arm-none-eabi/4.9.3/../../../../arm-none-eabi/lib/armv7-m\libcr_c.a(printf.o)
                0x00002284                __vfprintf
 .text.setvbuf  0x00002f44       0x40 c:/nxp/lpcxpresso_8.0.0_526/lpcxpresso/tools/bin/../lib/gcc/arm-none-eabi/4.9.3/../../../../arm-none-eabi/lib/armv7-m\libcr_c.a(setvbuf.o)
                0x00002f44                setvbuf
 .text.strlen   0x00002f84       0x4a c:/nxp/lpcxpresso_8.0.0_526/lpcxpresso/tools/bin/../lib/gcc/arm-none-eabi/4.9.3/../../../../arm-none-eabi/lib/armv7-m\libcr_c.a(strlen.o)
                0x00002f84                strlen
 .text._deferredlazyseek
                0x00002fce       0x44 c:/nxp/lpcxpresso_8.0.0_526/lpcxpresso/tools/bin/../lib/gcc/arm-none-eabi/4.9.3/../../../../arm-none-eabi/lib/armv7-m\libcr_c.a(_deferredlazyseek.o)
                0x00002fce                _deferredlazyseek
 .text.__flsbuf
                0x00003012      0x142 c:/nxp/lpcxpresso_8.0.0_526/lpcxpresso/tools/bin/../lib/gcc/arm-none-eabi/4.9.3/../../../../arm-none-eabi/lib/armv7-m\libcr_c.a(_deferredlazyseek.o)
                0x00003012                __flsbuf
 .text._fdopen  0x00003154       0x6a c:/nxp/lpcxpresso_8.0.0_526/lpcxpresso/tools/bin/../lib/gcc/arm-none-eabi/4.9.3/../../../../arm-none-eabi/lib/armv7-m\libcr_c.a(_fdopen.o)
                0x00003154                _fdopen
 .text._fflush  0x000031be       0x58 c:/nxp/lpcxpresso_8.0.0_526/lpcxpresso/tools/bin/../lib/gcc/arm-none-eabi/4.9.3/../../../../arm-none-eabi/lib/armv7-m\libcr_c.a(_fflush.o)
                0x000031be                _fflush
 .text._frexpl  0x00003216       0x5a c:/nxp/lpcxpresso_8.0.0_526/lpcxpresso/tools/bin/../lib/gcc/arm-none-eabi/4.9.3/../../../../arm-none-eabi/lib/armv7-m\libcr_c.a(_frexpl.o)
                0x00003216                _frexpl
 .text._ldexpl  0x00003270       0x4c c:/nxp/lpcxpresso_8.0.0_526/lpcxpresso/tools/bin/../lib/gcc/arm-none-eabi/4.9.3/../../../../arm-none-eabi/lib/armv7-m\libcr_c.a(_ldexpl.o)
                0x00003270                _ldexpl
 .text._Cwritebuf
                0x000032bc       0x68 c:/nxp/lpcxpresso_8.0.0_526/lpcxpresso/tools/bin/../lib/gcc/arm-none-eabi/4.9.3/../../../../arm-none-eabi/lib/armv7-m\libcr_c.a(_writebuf.o)
                0x000032bc                _Cwritebuf
 .text.malloc   0x00003324       0xcc c:/nxp/lpcxpresso_8.0.0_526/lpcxpresso/tools/bin/../lib/gcc/arm-none-eabi/4.9.3/../../../../arm-none-eabi/lib/armv7-m\libcr_c.a(alloc.o)
                0x00003324                malloc
 .text.free     0x000033f0       0x30 c:/nxp/lpcxpresso_8.0.0_526/lpcxpresso/tools/bin/../lib/gcc/arm-none-eabi/4.9.3/../../../../arm-none-eabi/lib/armv7-m\libcr_c.a(alloc.o)
                0x000033f0                free
 .text._Csys_alloc
                0x00003420       0x20 c:/nxp/lpcxpresso_8.0.0_526/lpcxpresso/tools/bin/../lib/gcc/arm-none-eabi/4.9.3/../../../../arm-none-eabi/lib/armv7-m\libcr_c.a(alloc.o)
                0x00003420                _Csys_alloc
 .text.fclose   0x00003440       0x6c c:/nxp/lpcxpresso_8.0.0_526/lpcxpresso/tools/bin/../lib/gcc/arm-none-eabi/4.9.3/../../../../arm-none-eabi/lib/armv7-m\libcr_c.a(fclose.o)
                0x00003440                fclose
 .text.fflush   0x000034ac       0x30 c:/nxp/lpcxpresso_8.0.0_526/lpcxpresso/tools/bin/../lib/gcc/arm-none-eabi/4.9.3/../../../../arm-none-eabi/lib/armv7-m\libcr_c.a(fflush.o)
                0x000034ac                fflush
 .text.fseek    0x000034dc      0x110 c:/nxp/lpcxpresso_8.0.0_526/lpcxpresso/tools/bin/../lib/gcc/arm-none-eabi/4.9.3/../../../../arm-none-eabi/lib/armv7-m\libcr_c.a(fseek.o)
                0x000034dc                fseek
 .text.ftell    0x000035ec       0x4c c:/nxp/lpcxpresso_8.0.0_526/lpcxpresso/tools/bin/../lib/gcc/arm-none-eabi/4.9.3/../../../../arm-none-eabi/lib/armv7-m\libcr_c.a(ftell.o)
                0x000035ec                ftell
 .text.remove   0x00003638       0x14 c:/nxp/lpcxpresso_8.0.0_526/lpcxpresso/tools/bin/../lib/gcc/arm-none-eabi/4.9.3/../../../../arm-none-eabi/lib/armv7-m\libcr_c.a(remove.o)
                0x00003638                remove
 .text._sbrk    0x0000364c       0x40 c:/nxp/lpcxpresso_8.0.0_526/lpcxpresso/tools/bin/../lib/gcc/arm-none-eabi/4.9.3/../../../../arm-none-eabi/lib/armv7-m\libcr_c.a(_cr_sbrk.o)
                0x0000364c                _sbrk
 .text._do_fflush
                0x0000368c       0x44 c:/nxp/lpcxpresso_8.0.0_526/lpcxpresso/tools/bin/../lib/gcc/arm-none-eabi/4.9.3/../../../../arm-none-eabi/lib/armv7-m\libcr_c.a(_do_fflush.o)
                0x0000368c                _do_fflush
 .text.__check_heap_overflow
                0x000036d0       0x18 c:/nxp/lpcxpresso_8.0.0_526/lpcxpresso/tools/bin/../lib/gcc/arm-none-eabi/4.9.3/../../../../arm-none-eabi/lib/armv7-m\libcr_c.a(_cr_check_heap.o)
                0x000036d0                __check_heap_overflow
 .text.__aeabi_dmul
                0x000036e8      0x120 c:/nxp/lpcxpresso_8.0.0_526/lpcxpresso/tools/bin/../lib/gcc/arm-none-eabi/4.9.3/armv7-m\libcr_eabihelpers.a(double.o)
                0x000036e8                __aeabi_dmul
 .text.__aeabi_ddiv
                0x00003808      0x150 c:/nxp/lpcxpresso_8.0.0_526/lpcxpresso/tools/bin/../lib/gcc/arm-none-eabi/4.9.3/armv7-m\libcr_eabihelpers.a(double.o)
                0x00003808                __aeabi_ddiv
 .text.__aeabi_dsub
                0x00003958      0x1d8 c:/nxp/lpcxpresso_8.0.0_526/lpcxpresso/tools/bin/../lib/gcc/arm-none-eabi/4.9.3/armv7-m\libcr_eabihelpers.a(double.o)
                0x00003958                __aeabi_dsub
 .text.__aeabi_dadd
                0x00003b30      0x134 c:/nxp/lpcxpresso_8.0.0_526/lpcxpresso/tools/bin/../lib/gcc/arm-none-eabi/4.9.3/armv7-m\libcr_eabihelpers.a(double.o)
                0x00003b30                __aeabi_dadd
 .text.__aeabi_d2iz
                0x00003c64       0x40 c:/nxp/lpcxpresso_8.0.0_526/lpcxpresso/tools/bin/../lib/gcc/arm-none-eabi/4.9.3/armv7-m\libcr_eabihelpers.a(double.o)
                0x00003c64                __aeabi_d2iz
 .text.__bhs_ui2d
                0x00003ca4       0x48 c:/nxp/lpcxpresso_8.0.0_526/lpcxpresso/tools/bin/../lib/gcc/arm-none-eabi/4.9.3/armv7-m\libcr_eabihelpers.a(double.o)
                0x00003ca4                __bhs_ui2d
 .text.__aeabi_i2d
                0x00003cec       0x14 c:/nxp/lpcxpresso_8.0.0_526/lpcxpresso/tools/bin/../lib/gcc/arm-none-eabi/4.9.3/armv7-m\libcr_eabihelpers.a(double.o)
                0x00003cec                __aeabi_i2d
 .text.__aeabi_dcmpeq
                0x00003d00       0x2c c:/nxp/lpcxpresso_8.0.0_526/lpcxpresso/tools/bin/../lib/gcc/arm-none-eabi/4.9.3/armv7-m\libcr_eabihelpers.a(double.o)
                0x00003d00                __aeabi_dcmpeq
 .text.__aeabi_dcmplt
                0x00003d2c       0x5c c:/nxp/lpcxpresso_8.0.0_526/lpcxpresso/tools/bin/../lib/gcc/arm-none-eabi/4.9.3/armv7-m\libcr_eabihelpers.a(double.o)
                0x00003d2c                __aeabi_dcmplt
 .text.__aeabi_dcmple
                0x00003d88       0x5c c:/nxp/lpcxpresso_8.0.0_526/lpcxpresso/tools/bin/../lib/gcc/arm-none-eabi/4.9.3/armv7-m\libcr_eabihelpers.a(double.o)
                0x00003d88                __aeabi_dcmple
 .text.__aeabi_dcmpge
                0x00003de4       0x5c c:/nxp/lpcxpresso_8.0.0_526/lpcxpresso/tools/bin/../lib/gcc/arm-none-eabi/4.9.3/armv7-m\libcr_eabihelpers.a(double.o)
                0x00003de4                __aeabi_dcmpge
 .text.__aeabi_memset_lowlevel
                0x00003e40       0x32 c:/nxp/lpcxpresso_8.0.0_526/lpcxpresso/tools/bin/../lib/gcc/arm-none-eabi/4.9.3/armv7-m\libcr_eabihelpers.a(memcpy.o)
                0x00003e40                __aeabi_lowlevel_memset
 *fill*         0x00003e72        0x2 
 .text.__sys_appexit
                0x00003e74        0xc c:/nxp/lpcxpresso_8.0.0_526/lpcxpresso/tools/bin/../lib/gcc/arm-none-eabi/4.9.3/../../../../arm-none-eabi/lib/armv7-m\libcr_semihost.a(__sys_appexit.o)
                0x00003e74                __sys_appexit
                0x00003e74                __exit
 .text.__sys_close
                0x00003e80        0xc c:/nxp/lpcxpresso_8.0.0_526/lpcxpresso/tools/bin/../lib/gcc/arm-none-eabi/4.9.3/../../../../arm-none-eabi/lib/armv7-m\libcr_semihost.a(__sys_close.o)
                0x00003e80                __sys_close
 .text.__sys_flen
                0x00003e8c        0xc c:/nxp/lpcxpresso_8.0.0_526/lpcxpresso/tools/bin/../lib/gcc/arm-none-eabi/4.9.3/../../../../arm-none-eabi/lib/armv7-m\libcr_semihost.a(__sys_flen.o)
                0x00003e8c                __sys_flen
 .text.__sys_istty
                0x00003e98        0xc c:/nxp/lpcxpresso_8.0.0_526/lpcxpresso/tools/bin/../lib/gcc/arm-none-eabi/4.9.3/../../../../arm-none-eabi/lib/armv7-m\libcr_semihost.a(__sys_istty.o)
                0x00003e98                __sys_istty
 .text.__sys_remove
                0x00003ea4        0xc c:/nxp/lpcxpresso_8.0.0_526/lpcxpresso/tools/bin/../lib/gcc/arm-none-eabi/4.9.3/../../../../arm-none-eabi/lib/armv7-m\libcr_semihost.a(__sys_remove.o)
                0x00003ea4                __sys_remove
 .text.__sys_seek
                0x00003eb0        0xc c:/nxp/lpcxpresso_8.0.0_526/lpcxpresso/tools/bin/../lib/gcc/arm-none-eabi/4.9.3/../../../../arm-none-eabi/lib/armv7-m\libcr_semihost.a(__sys_seek.o)
                0x00003eb0                __sys_seek
 .text.__sys_tmpnam
                0x00003ebc        0xc c:/nxp/lpcxpresso_8.0.0_526/lpcxpresso/tools/bin/../lib/gcc/arm-none-eabi/4.9.3/../../../../arm-none-eabi/lib/armv7-m\libcr_semihost.a(__sys_tmpnam.o)
                0x00003ebc                __sys_tmpnam
 *(.rodata .rodata.* .constdata .constdata.*)
 .rodata        0x00003ec8       0x5f ./src/Ex5_FreeRtos.o
 *fill*         0x00003f27        0x1 
 .rodata.OscRateIn
                0x00003f28        0x4 C:\nxp\workspace2\lpc_board_nxp_lpcxpresso_1769\Debug\liblpc_board_nxp_lpcxpresso_1769.a(board.o)
                0x00003f28                OscRateIn
 .rodata.RTCOscRateIn
                0x00003f2c        0x4 C:\nxp\workspace2\lpc_board_nxp_lpcxpresso_1769\Debug\liblpc_board_nxp_lpcxpresso_1769.a(board.o)
                0x00003f2c                RTCOscRateIn
 .rodata.pinmuxing
                0x00003f30       0x5c C:\nxp\workspace2\lpc_board_nxp_lpcxpresso_1769\Debug\liblpc_board_nxp_lpcxpresso_1769.a(board_sysinit.o)
 .rodata        0x00003f8c        0xc C:\nxp\workspace2\LibFreeRTOS_8.2.3\Debug\libLibFreeRTOS_8.2.3.a(basic_io.o)
 .rodata        0x00003f98        0x5 C:\nxp\workspace2\LibFreeRTOS_8.2.3\Debug\libLibFreeRTOS_8.2.3.a(tasks.o)
 .rodata.str1.1
                0x00003f9d       0x34 c:/nxp/lpcxpresso_8.0.0_526/lpcxpresso/tools/bin/../lib/gcc/arm-none-eabi/4.9.3/../../../../arm-none-eabi/lib/armv7-m\libcr_c.a(fpprintf.o)
                                 0x35 (size before relaxing)
 .rodata.str1.1
                0x00003fd1        0x4 c:/nxp/lpcxpresso_8.0.0_526/lpcxpresso/tools/bin/../lib/gcc/arm-none-eabi/4.9.3/../../../../arm-none-eabi/lib/armv7-m\libcr_c.a(initio.o)
 .rodata.str1.1
                0x00003fd5       0x31 c:/nxp/lpcxpresso_8.0.0_526/lpcxpresso/tools/bin/../lib/gcc/arm-none-eabi/4.9.3/../../../../arm-none-eabi/lib/armv7-m\libcr_c.a(printf.o)
                                 0x38 (size before relaxing)
 .rodata.str1.1
                0x00004006       0x18 c:/nxp/lpcxpresso_8.0.0_526/lpcxpresso/tools/bin/../lib/gcc/arm-none-eabi/4.9.3/../../../../arm-none-eabi/lib/armv7-m\libcr_c.a(alloc.o)
 *fill*         0x0000401e        0x2 
 .rodata.__huge_vall
                0x00004020        0x8 c:/nxp/lpcxpresso_8.0.0_526/lpcxpresso/tools/bin/../lib/gcc/arm-none-eabi/4.9.3/../../../../arm-none-eabi/lib/armv7-m\libcr_c.a(_hugeval.o)
                0x00004020                __huge_vall
                0x00004028                . = ALIGN (0x4)

.glue_7         0x00004028        0x0
 .glue_7        0x00000000        0x0 linker stubs

.glue_7t        0x00004028        0x0
 .glue_7t       0x00000000        0x0 linker stubs

.vfp11_veneer   0x00004028        0x0
 .vfp11_veneer  0x00000000        0x0 linker stubs

.v4_bx          0x00004028        0x0
 .v4_bx         0x00000000        0x0 linker stubs

.iplt           0x00004028        0x0
 .iplt          0x00000000        0x0 ./src/Ex5_FreeRtos.o

.rel.dyn        0x00004028        0x0
 .rel.iplt      0x00000000        0x0 ./src/Ex5_FreeRtos.o

.ARM.extab
 *(.ARM.extab* .gnu.linkonce.armextab.*)
                0x00004028                __exidx_start = .

.ARM.exidx
 *(.ARM.exidx* .gnu.linkonce.armexidx.*)
                0x00004028                __exidx_end = .
                0x00004028                _etext = .

.data_RAM2      0x2007c000        0x0 load address 0x00004028
 FILL mask 0xff
                0x2007c000                PROVIDE (__start_data_RAM2, .)
 *(.ramfunc.$RAM2)
 *(.ramfunc.$RamAHB32)
 *(.data.$RAM2*)
 *(.data.$RamAHB32*)
                0x2007c000                . = ALIGN (0x4)
                0x2007c000                PROVIDE (__end_data_RAM2, .)

.uninit_RESERVED
                0x10000000        0x0
 *(.bss.$RESERVED*)
                0x10000000                . = ALIGN (0x4)
                0x10000000                _end_uninit_RESERVED = .

.data           0x10000000        0xc load address 0x00004028
 FILL mask 0xff
                0x10000000                _data = .
 *(vtable)
 *(.ramfunc*)
 *(.data*)
 .data.pcTextForTask1
                0x10000000        0x4 ./src/Ex5_FreeRtos.o
                0x10000000                pcTextForTask1
 .data.pcTextForTask2
                0x10000004        0x4 ./src/Ex5_FreeRtos.o
                0x10000004                pcTextForTask2
 .data.uxCriticalNesting
                0x10000008        0x4 C:\nxp\workspace2\LibFreeRTOS_8.2.3\Debug\libLibFreeRTOS_8.2.3.a(port.o)
                0x1000000c                . = ALIGN (0x4)
                0x1000000c                _edata = .

.igot.plt       0x1000000c        0x0 load address 0x00004034
 .igot.plt      0x00000000        0x0 ./src/Ex5_FreeRtos.o

.bss_RAM2       0x2007c000        0x0
                0x2007c000                PROVIDE (__start_bss_RAM2, .)
 *(.bss.$RAM2*)
 *(.bss.$RamAHB32*)
                0x2007c000                . = ALIGN ((. != 0x0)?0x4:0x1)
                0x2007c000                PROVIDE (__end_bss_RAM2, .)

.bss            0x1000000c     0x2ad0
                0x1000000c                _bss = .
 *(.bss*)
 .bss.ulIdleCycleCount
                0x1000000c        0x4 ./src/Ex5_FreeRtos.o
 .bss.cBuffer   0x10000010       0x32 C:\nxp\workspace2\LibFreeRTOS_8.2.3\Debug\libLibFreeRTOS_8.2.3.a(basic_io.o)
 *fill*         0x10000042        0x2 
 .bss.pxCurrentTCB
                0x10000044        0x4 C:\nxp\workspace2\LibFreeRTOS_8.2.3\Debug\libLibFreeRTOS_8.2.3.a(tasks.o)
                0x10000044                pxCurrentTCB
 .bss.pxReadyTasksLists
                0x10000048       0xa0 C:\nxp\workspace2\LibFreeRTOS_8.2.3\Debug\libLibFreeRTOS_8.2.3.a(tasks.o)
 .bss.xDelayedTaskList1
                0x100000e8       0x14 C:\nxp\workspace2\LibFreeRTOS_8.2.3\Debug\libLibFreeRTOS_8.2.3.a(tasks.o)
 .bss.xDelayedTaskList2
                0x100000fc       0x14 C:\nxp\workspace2\LibFreeRTOS_8.2.3\Debug\libLibFreeRTOS_8.2.3.a(tasks.o)
 .bss.pxDelayedTaskList
                0x10000110        0x4 C:\nxp\workspace2\LibFreeRTOS_8.2.3\Debug\libLibFreeRTOS_8.2.3.a(tasks.o)
 .bss.pxOverflowDelayedTaskList
                0x10000114        0x4 C:\nxp\workspace2\LibFreeRTOS_8.2.3\Debug\libLibFreeRTOS_8.2.3.a(tasks.o)
 .bss.xPendingReadyList
                0x10000118       0x14 C:\nxp\workspace2\LibFreeRTOS_8.2.3\Debug\libLibFreeRTOS_8.2.3.a(tasks.o)
 .bss.xTasksWaitingTermination
                0x1000012c       0x14 C:\nxp\workspace2\LibFreeRTOS_8.2.3\Debug\libLibFreeRTOS_8.2.3.a(tasks.o)
 .bss.uxTasksDeleted
                0x10000140        0x4 C:\nxp\workspace2\LibFreeRTOS_8.2.3\Debug\libLibFreeRTOS_8.2.3.a(tasks.o)
 .bss.xSuspendedTaskList
                0x10000144       0x14 C:\nxp\workspace2\LibFreeRTOS_8.2.3\Debug\libLibFreeRTOS_8.2.3.a(tasks.o)
 .bss.uxCurrentNumberOfTasks
                0x10000158        0x4 C:\nxp\workspace2\LibFreeRTOS_8.2.3\Debug\libLibFreeRTOS_8.2.3.a(tasks.o)
 .bss.xTickCount
                0x1000015c        0x4 C:\nxp\workspace2\LibFreeRTOS_8.2.3\Debug\libLibFreeRTOS_8.2.3.a(tasks.o)
 .bss.uxTopReadyPriority
                0x10000160        0x4 C:\nxp\workspace2\LibFreeRTOS_8.2.3\Debug\libLibFreeRTOS_8.2.3.a(tasks.o)
 .bss.xSchedulerRunning
                0x10000164        0x4 C:\nxp\workspace2\LibFreeRTOS_8.2.3\Debug\libLibFreeRTOS_8.2.3.a(tasks.o)
 .bss.uxPendedTicks
                0x10000168        0x4 C:\nxp\workspace2\LibFreeRTOS_8.2.3\Debug\libLibFreeRTOS_8.2.3.a(tasks.o)
 .bss.xYieldPending
                0x1000016c        0x4 C:\nxp\workspace2\LibFreeRTOS_8.2.3\Debug\libLibFreeRTOS_8.2.3.a(tasks.o)
 .bss.xNumOfOverflows
                0x10000170        0x4 C:\nxp\workspace2\LibFreeRTOS_8.2.3\Debug\libLibFreeRTOS_8.2.3.a(tasks.o)
 .bss.uxTaskNumber
                0x10000174        0x4 C:\nxp\workspace2\LibFreeRTOS_8.2.3\Debug\libLibFreeRTOS_8.2.3.a(tasks.o)
 .bss.xNextTaskUnblockTime
                0x10000178        0x4 C:\nxp\workspace2\LibFreeRTOS_8.2.3\Debug\libLibFreeRTOS_8.2.3.a(tasks.o)
 .bss.uxSchedulerSuspended
                0x1000017c        0x4 C:\nxp\workspace2\LibFreeRTOS_8.2.3\Debug\libLibFreeRTOS_8.2.3.a(tasks.o)
 .bss.ucHeap    0x10000180     0x2800 C:\nxp\workspace2\LibFreeRTOS_8.2.3\Debug\libLibFreeRTOS_8.2.3.a(heap_1.o)
 .bss.xNextFreeByte
                0x10002980        0x4 C:\nxp\workspace2\LibFreeRTOS_8.2.3\Debug\libLibFreeRTOS_8.2.3.a(heap_1.o)
 .bss.pucAlignedHeap.7656
                0x10002984        0x4 C:\nxp\workspace2\LibFreeRTOS_8.2.3\Debug\libLibFreeRTOS_8.2.3.a(heap_1.o)
 .bss.errno     0x10002988        0x4 c:/nxp/lpcxpresso_8.0.0_526/lpcxpresso/tools/bin/../lib/gcc/arm-none-eabi/4.9.3/../../../../arm-none-eabi/lib/armv7-m\libcr_c.a(errno.o)
                0x10002988                errno
 *(COMMON)
 COMMON         0x1000298c        0x4 C:\nxp\workspace2\lpc_chip_175x_6x\Debug\liblpc_chip_175x_6x.a(chip_17xx_40xx.o)
                0x1000298c                SystemCoreClock
 COMMON         0x10002990        0x4 c:/nxp/lpcxpresso_8.0.0_526/lpcxpresso/tools/bin/../lib/gcc/arm-none-eabi/4.9.3/../../../../arm-none-eabi/lib/armv7-m\libcr_c.a(initio.o)
                0x10002990                _extra
 COMMON         0x10002994      0x140 c:/nxp/lpcxpresso_8.0.0_526/lpcxpresso/tools/bin/../lib/gcc/arm-none-eabi/4.9.3/../../../../arm-none-eabi/lib/armv7-m\libcr_c.a(stdio.o)
                0x10002994                __Ciob
 COMMON         0x10002ad4        0x8 c:/nxp/lpcxpresso_8.0.0_526/lpcxpresso/tools/bin/../lib/gcc/arm-none-eabi/4.9.3/../../../../arm-none-eabi/lib/armv7-m\libcr_c.a(__init_alloc.o)
                0x10002ad4                __heaps
                0x10002ad8                __end_of_heap
                0x10002adc                . = ALIGN (0x4)
                0x10002adc                _ebss = .
                0x10002adc                PROVIDE (end, .)

.noinit_RAM2    0x2007c000        0x0
 *(.noinit.$RAM2*)
 *(.noinit.$RamAHB32*)
                0x2007c000                . = ALIGN (0x4)

.noinit         0x10002adc        0x0
                0x10002adc                _noinit = .
 *(.noinit*)
                0x10002adc                . = ALIGN (0x4)
                0x10002adc                _end_noinit = .
                0x10002adc                PROVIDE (_pvHeapStart, DEFINED (__user_heap_base)?__user_heap_base:.)
                0x10008000                PROVIDE (_vStackTop, DEFINED (__user_stack_top)?__user_stack_top:(__top_RamLoc32 - 0x0))
                0xefff74b2                PROVIDE (__valid_user_code_checksum, (0x0 - ((((((_vStackTop + (ResetISR + 0x1)) + (NMI_Handler + 0x1)) + (HardFault_Handler + 0x1)) + (DEFINED (MemManage_Handler)?MemManage_Handler:0x0 + 0x1)) + (DEFINED (BusFault_Handler)?BusFault_Handler:0x0 + 0x1)) + (DEFINED (UsageFault_Handler)?UsageFault_Handler:0x0 + 0x1))))
OUTPUT(Ex5_FreeRtos.axf elf32-littlearm)

.debug_info     0x00000000     0x5755
 .debug_info    0x00000000      0x2b8 ./src/Ex5_FreeRtos.o
 .debug_info    0x000002b8      0x24e ./src/cr_startup_lpc175x_6x.o
 .debug_info    0x00000506      0x110 ./src/sysinit.o
 .debug_info    0x00000616     0x131c C:\nxp\workspace2\lpc_board_nxp_lpcxpresso_1769\Debug\liblpc_board_nxp_lpcxpresso_1769.a(board.o)
 .debug_info    0x00001932      0x558 C:\nxp\workspace2\lpc_board_nxp_lpcxpresso_1769\Debug\liblpc_board_nxp_lpcxpresso_1769.a(board_sysinit.o)
 .debug_info    0x00001e8a      0x1ec C:\nxp\workspace2\LibFreeRTOS_8.2.3\Debug\libLibFreeRTOS_8.2.3.a(basic_io.o)
 .debug_info    0x00002076       0xa5 C:\nxp\workspace2\LibFreeRTOS_8.2.3\Debug\libLibFreeRTOS_8.2.3.a(consoleprint.o)
 .debug_info    0x0000211b     0x1699 C:\nxp\workspace2\LibFreeRTOS_8.2.3\Debug\libLibFreeRTOS_8.2.3.a(tasks.o)
 .debug_info    0x000037b4      0x24b C:\nxp\workspace2\LibFreeRTOS_8.2.3\Debug\libLibFreeRTOS_8.2.3.a(heap_1.o)
 .debug_info    0x000039ff      0x31d C:\nxp\workspace2\LibFreeRTOS_8.2.3\Debug\libLibFreeRTOS_8.2.3.a(port.o)
 .debug_info    0x00003d1c      0x2df C:\nxp\workspace2\LibFreeRTOS_8.2.3\Debug\libLibFreeRTOS_8.2.3.a(list.o)
 .debug_info    0x00003ffb      0x50a C:\nxp\workspace2\lpc_chip_175x_6x\Debug\liblpc_chip_175x_6x.a(chip_17xx_40xx.o)
 .debug_info    0x00004505      0xb46 C:\nxp\workspace2\lpc_chip_175x_6x\Debug\liblpc_chip_175x_6x.a(clock_17xx_40xx.o)
 .debug_info    0x0000504b      0x2d9 C:\nxp\workspace2\lpc_chip_175x_6x\Debug\liblpc_chip_175x_6x.a(iocon_17xx_40xx.o)
 .debug_info    0x00005324      0x431 C:\nxp\workspace2\lpc_chip_175x_6x\Debug\liblpc_chip_175x_6x.a(sysinit_17xx_40xx.o)

.debug_abbrev   0x00000000     0x163e
 .debug_abbrev  0x00000000      0x169 ./src/Ex5_FreeRtos.o
 .debug_abbrev  0x00000169       0xf5 ./src/cr_startup_lpc175x_6x.o
 .debug_abbrev  0x0000025e       0xa3 ./src/sysinit.o
 .debug_abbrev  0x00000301      0x364 C:\nxp\workspace2\lpc_board_nxp_lpcxpresso_1769\Debug\liblpc_board_nxp_lpcxpresso_1769.a(board.o)
 .debug_abbrev  0x00000665      0x15a C:\nxp\workspace2\lpc_board_nxp_lpcxpresso_1769\Debug\liblpc_board_nxp_lpcxpresso_1769.a(board_sysinit.o)
 .debug_abbrev  0x000007bf       0xd3 C:\nxp\workspace2\LibFreeRTOS_8.2.3\Debug\libLibFreeRTOS_8.2.3.a(basic_io.o)
 .debug_abbrev  0x00000892       0x7f C:\nxp\workspace2\LibFreeRTOS_8.2.3\Debug\libLibFreeRTOS_8.2.3.a(consoleprint.o)
 .debug_abbrev  0x00000911      0x2ac C:\nxp\workspace2\LibFreeRTOS_8.2.3\Debug\libLibFreeRTOS_8.2.3.a(tasks.o)
 .debug_abbrev  0x00000bbd      0x137 C:\nxp\workspace2\LibFreeRTOS_8.2.3\Debug\libLibFreeRTOS_8.2.3.a(heap_1.o)
 .debug_abbrev  0x00000cf4      0x1ab C:\nxp\workspace2\LibFreeRTOS_8.2.3\Debug\libLibFreeRTOS_8.2.3.a(port.o)
 .debug_abbrev  0x00000e9f       0xec C:\nxp\workspace2\LibFreeRTOS_8.2.3\Debug\libLibFreeRTOS_8.2.3.a(list.o)
 .debug_abbrev  0x00000f8b      0x138 C:\nxp\workspace2\lpc_chip_175x_6x\Debug\liblpc_chip_175x_6x.a(chip_17xx_40xx.o)
 .debug_abbrev  0x000010c3      0x2e4 C:\nxp\workspace2\lpc_chip_175x_6x\Debug\liblpc_chip_175x_6x.a(clock_17xx_40xx.o)
 .debug_abbrev  0x000013a7      0x126 C:\nxp\workspace2\lpc_chip_175x_6x\Debug\liblpc_chip_175x_6x.a(iocon_17xx_40xx.o)
 .debug_abbrev  0x000014cd      0x171 C:\nxp\workspace2\lpc_chip_175x_6x\Debug\liblpc_chip_175x_6x.a(sysinit_17xx_40xx.o)

.debug_aranges  0x00000000      0x760
 .debug_aranges
                0x00000000       0x50 ./src/Ex5_FreeRtos.o
 .debug_aranges
                0x00000050       0x80 ./src/cr_startup_lpc175x_6x.o
 .debug_aranges
                0x000000d0       0x20 ./src/sysinit.o
 .debug_aranges
                0x000000f0      0x150 C:\nxp\workspace2\lpc_board_nxp_lpcxpresso_1769\Debug\liblpc_board_nxp_lpcxpresso_1769.a(board.o)
 .debug_aranges
                0x00000240       0x38 C:\nxp\workspace2\lpc_board_nxp_lpcxpresso_1769\Debug\liblpc_board_nxp_lpcxpresso_1769.a(board_sysinit.o)
 .debug_aranges
                0x00000278       0x28 C:\nxp\workspace2\LibFreeRTOS_8.2.3\Debug\libLibFreeRTOS_8.2.3.a(basic_io.o)
 .debug_aranges
                0x000002a0       0x20 C:\nxp\workspace2\LibFreeRTOS_8.2.3\Debug\libLibFreeRTOS_8.2.3.a(consoleprint.o)
 .debug_aranges
                0x000002c0      0x1b8 C:\nxp\workspace2\LibFreeRTOS_8.2.3\Debug\libLibFreeRTOS_8.2.3.a(tasks.o)
 .debug_aranges
                0x00000478       0x38 C:\nxp\workspace2\LibFreeRTOS_8.2.3\Debug\libLibFreeRTOS_8.2.3.a(heap_1.o)
 .debug_aranges
                0x000004b0       0x88 C:\nxp\workspace2\LibFreeRTOS_8.2.3\Debug\libLibFreeRTOS_8.2.3.a(port.o)
 .debug_aranges
                0x00000538       0x40 C:\nxp\workspace2\LibFreeRTOS_8.2.3\Debug\libLibFreeRTOS_8.2.3.a(list.o)
 .debug_aranges
                0x00000578       0x38 C:\nxp\workspace2\lpc_chip_175x_6x\Debug\liblpc_chip_175x_6x.a(chip_17xx_40xx.o)
 .debug_aranges
                0x000005b0      0x120 C:\nxp\workspace2\lpc_chip_175x_6x\Debug\liblpc_chip_175x_6x.a(clock_17xx_40xx.o)
 .debug_aranges
                0x000006d0       0x30 C:\nxp\workspace2\lpc_chip_175x_6x\Debug\liblpc_chip_175x_6x.a(iocon_17xx_40xx.o)
 .debug_aranges
                0x00000700       0x60 C:\nxp\workspace2\lpc_chip_175x_6x\Debug\liblpc_chip_175x_6x.a(sysinit_17xx_40xx.o)

.debug_ranges   0x00000000      0x670
 .debug_ranges  0x00000000       0x40 ./src/Ex5_FreeRtos.o
 .debug_ranges  0x00000040       0x70 ./src/cr_startup_lpc175x_6x.o
 .debug_ranges  0x000000b0       0x10 ./src/sysinit.o
 .debug_ranges  0x000000c0      0x140 C:\nxp\workspace2\lpc_board_nxp_lpcxpresso_1769\Debug\liblpc_board_nxp_lpcxpresso_1769.a(board.o)
 .debug_ranges  0x00000200       0x28 C:\nxp\workspace2\lpc_board_nxp_lpcxpresso_1769\Debug\liblpc_board_nxp_lpcxpresso_1769.a(board_sysinit.o)
 .debug_ranges  0x00000228       0x18 C:\nxp\workspace2\LibFreeRTOS_8.2.3\Debug\libLibFreeRTOS_8.2.3.a(basic_io.o)
 .debug_ranges  0x00000240       0x10 C:\nxp\workspace2\LibFreeRTOS_8.2.3\Debug\libLibFreeRTOS_8.2.3.a(consoleprint.o)
 .debug_ranges  0x00000250      0x1a8 C:\nxp\workspace2\LibFreeRTOS_8.2.3\Debug\libLibFreeRTOS_8.2.3.a(tasks.o)
 .debug_ranges  0x000003f8       0x28 C:\nxp\workspace2\LibFreeRTOS_8.2.3\Debug\libLibFreeRTOS_8.2.3.a(heap_1.o)
 .debug_ranges  0x00000420       0x78 C:\nxp\workspace2\LibFreeRTOS_8.2.3\Debug\libLibFreeRTOS_8.2.3.a(port.o)
 .debug_ranges  0x00000498       0x30 C:\nxp\workspace2\LibFreeRTOS_8.2.3\Debug\libLibFreeRTOS_8.2.3.a(list.o)
 .debug_ranges  0x000004c8       0x28 C:\nxp\workspace2\lpc_chip_175x_6x\Debug\liblpc_chip_175x_6x.a(chip_17xx_40xx.o)
 .debug_ranges  0x000004f0      0x110 C:\nxp\workspace2\lpc_chip_175x_6x\Debug\liblpc_chip_175x_6x.a(clock_17xx_40xx.o)
 .debug_ranges  0x00000600       0x20 C:\nxp\workspace2\lpc_chip_175x_6x\Debug\liblpc_chip_175x_6x.a(iocon_17xx_40xx.o)
 .debug_ranges  0x00000620       0x50 C:\nxp\workspace2\lpc_chip_175x_6x\Debug\liblpc_chip_175x_6x.a(sysinit_17xx_40xx.o)

.debug_macro    0x00000000     0x73dc
 .debug_macro   0x00000000      0x2a4 ./src/Ex5_FreeRtos.o
 .debug_macro   0x000002a4      0x87a ./src/Ex5_FreeRtos.o
 .debug_macro   0x00000b1e       0x10 ./src/Ex5_FreeRtos.o
 .debug_macro   0x00000b2e      0x12d ./src/Ex5_FreeRtos.o
 .debug_macro   0x00000c5b       0x16 ./src/Ex5_FreeRtos.o
 .debug_macro   0x00000c71      0x5b2 ./src/Ex5_FreeRtos.o
 .debug_macro   0x00001223       0x22 ./src/Ex5_FreeRtos.o
 .debug_macro   0x00001245       0x74 ./src/Ex5_FreeRtos.o
 .debug_macro   0x000012b9       0x10 ./src/Ex5_FreeRtos.o
 .debug_macro   0x000012c9       0x2d ./src/Ex5_FreeRtos.o
 .debug_macro   0x000012f6       0x3a ./src/Ex5_FreeRtos.o
 .debug_macro   0x00001330       0x2d ./src/Ex5_FreeRtos.o
 .debug_macro   0x0000135d      0xbb1 ./src/Ex5_FreeRtos.o
 .debug_macro   0x00001f0e      0x22c ./src/Ex5_FreeRtos.o
 .debug_macro   0x0000213a       0x42 ./src/Ex5_FreeRtos.o
 .debug_macro   0x0000217c       0x52 ./src/Ex5_FreeRtos.o
 .debug_macro   0x000021ce       0x78 ./src/Ex5_FreeRtos.o
 .debug_macro   0x00002246       0x82 ./src/Ex5_FreeRtos.o
 .debug_macro   0x000022c8      0x48c ./src/Ex5_FreeRtos.o
 .debug_macro   0x00002754       0x34 ./src/Ex5_FreeRtos.o
 .debug_macro   0x00002788      0x4c5 ./src/Ex5_FreeRtos.o
 .debug_macro   0x00002c4d      0x1b7 ./src/Ex5_FreeRtos.o
 .debug_macro   0x00002e04       0x10 ./src/Ex5_FreeRtos.o
 .debug_macro   0x00002e14      0x21b ./src/Ex5_FreeRtos.o
 .debug_macro   0x0000302f      0x1b9 ./src/Ex5_FreeRtos.o
 .debug_macro   0x000031e8       0x40 ./src/Ex5_FreeRtos.o
 .debug_macro   0x00003228       0x22 ./src/Ex5_FreeRtos.o
 .debug_macro   0x0000324a      0x162 ./src/Ex5_FreeRtos.o
 .debug_macro   0x000033ac       0x94 ./src/Ex5_FreeRtos.o
 .debug_macro   0x00003440       0xb8 ./src/Ex5_FreeRtos.o
 .debug_macro   0x000034f8       0x4c ./src/Ex5_FreeRtos.o
 .debug_macro   0x00003544       0x16 ./src/Ex5_FreeRtos.o
 .debug_macro   0x0000355a      0x328 ./src/Ex5_FreeRtos.o
 .debug_macro   0x00003882       0x49 ./src/Ex5_FreeRtos.o
 .debug_macro   0x000038cb       0x16 ./src/Ex5_FreeRtos.o
 .debug_macro   0x000038e1       0xca ./src/Ex5_FreeRtos.o
 .debug_macro   0x000039ab       0x11 ./src/Ex5_FreeRtos.o
 .debug_macro   0x000039bc       0x76 ./src/Ex5_FreeRtos.o
 .debug_macro   0x00003a32       0x9a ./src/Ex5_FreeRtos.o
 .debug_macro   0x00003acc       0x20 ./src/Ex5_FreeRtos.o
 .debug_macro   0x00003aec       0x28 ./src/Ex5_FreeRtos.o
 .debug_macro   0x00003b14       0xe8 ./src/Ex5_FreeRtos.o
 .debug_macro   0x00003bfc      0x15d ./src/Ex5_FreeRtos.o
 .debug_macro   0x00003d59       0xd2 ./src/Ex5_FreeRtos.o
 .debug_macro   0x00003e2b       0x10 ./src/Ex5_FreeRtos.o
 .debug_macro   0x00003e3b       0x1f ./src/Ex5_FreeRtos.o
 .debug_macro   0x00003e5a      0x3d1 ./src/Ex5_FreeRtos.o
 .debug_macro   0x0000422b       0xc0 ./src/Ex5_FreeRtos.o
 .debug_macro   0x000042eb       0x9a ./src/Ex5_FreeRtos.o
 .debug_macro   0x00004385       0x82 ./src/Ex5_FreeRtos.o
 .debug_macro   0x00004407       0x1d ./src/cr_startup_lpc175x_6x.o
 .debug_macro   0x00004424      0x217 ./src/sysinit.o
 .debug_macro   0x0000463b       0x7b ./src/sysinit.o
 .debug_macro   0x000046b6       0x18 ./src/sysinit.o
 .debug_macro   0x000046ce      0x289 C:\nxp\workspace2\lpc_board_nxp_lpcxpresso_1769\Debug\liblpc_board_nxp_lpcxpresso_1769.a(board.o)
 .debug_macro   0x00004957      0x874 C:\nxp\workspace2\lpc_board_nxp_lpcxpresso_1769\Debug\liblpc_board_nxp_lpcxpresso_1769.a(board.o)
 .debug_macro   0x000051cb       0x12 C:\nxp\workspace2\lpc_board_nxp_lpcxpresso_1769\Debug\liblpc_board_nxp_lpcxpresso_1769.a(board.o)
 .debug_macro   0x000051dd      0x217 C:\nxp\workspace2\lpc_board_nxp_lpcxpresso_1769\Debug\liblpc_board_nxp_lpcxpresso_1769.a(board_sysinit.o)
 .debug_macro   0x000053f4      0x2a5 C:\nxp\workspace2\LibFreeRTOS_8.2.3\Debug\libLibFreeRTOS_8.2.3.a(basic_io.o)
 .debug_macro   0x00005699      0x874 C:\nxp\workspace2\LibFreeRTOS_8.2.3\Debug\libLibFreeRTOS_8.2.3.a(basic_io.o)
 .debug_macro   0x00005f0d       0xa0 C:\nxp\workspace2\LibFreeRTOS_8.2.3\Debug\libLibFreeRTOS_8.2.3.a(basic_io.o)
 .debug_macro   0x00005fad       0x10 C:\nxp\workspace2\LibFreeRTOS_8.2.3\Debug\libLibFreeRTOS_8.2.3.a(basic_io.o)
 .debug_macro   0x00005fbd       0x5a C:\nxp\workspace2\LibFreeRTOS_8.2.3\Debug\libLibFreeRTOS_8.2.3.a(consoleprint.o)
 .debug_macro   0x00006017      0x33f C:\nxp\workspace2\LibFreeRTOS_8.2.3\Debug\libLibFreeRTOS_8.2.3.a(tasks.o)
 .debug_macro   0x00006356       0x28 C:\nxp\workspace2\LibFreeRTOS_8.2.3\Debug\libLibFreeRTOS_8.2.3.a(tasks.o)
 .debug_macro   0x0000637e       0x91 C:\nxp\workspace2\LibFreeRTOS_8.2.3\Debug\libLibFreeRTOS_8.2.3.a(tasks.o)
 .debug_macro   0x0000640f       0x11 C:\nxp\workspace2\LibFreeRTOS_8.2.3\Debug\libLibFreeRTOS_8.2.3.a(tasks.o)
 .debug_macro   0x00006420      0x2bb C:\nxp\workspace2\LibFreeRTOS_8.2.3\Debug\libLibFreeRTOS_8.2.3.a(heap_1.o)
 .debug_macro   0x000066db      0x333 C:\nxp\workspace2\LibFreeRTOS_8.2.3\Debug\libLibFreeRTOS_8.2.3.a(port.o)
 .debug_macro   0x00006a0e      0x29a C:\nxp\workspace2\LibFreeRTOS_8.2.3\Debug\libLibFreeRTOS_8.2.3.a(list.o)
 .debug_macro   0x00006ca8      0x1cd C:\nxp\workspace2\lpc_chip_175x_6x\Debug\liblpc_chip_175x_6x.a(chip_17xx_40xx.o)
 .debug_macro   0x00006e75      0x1cd C:\nxp\workspace2\lpc_chip_175x_6x\Debug\liblpc_chip_175x_6x.a(clock_17xx_40xx.o)
 .debug_macro   0x00007042      0x1cd C:\nxp\workspace2\lpc_chip_175x_6x\Debug\liblpc_chip_175x_6x.a(iocon_17xx_40xx.o)
 .debug_macro   0x0000720f      0x1cd C:\nxp\workspace2\lpc_chip_175x_6x\Debug\liblpc_chip_175x_6x.a(sysinit_17xx_40xx.o)

.debug_line     0x00000000     0x513f
 .debug_line    0x00000000      0x624 ./src/Ex5_FreeRtos.o
 .debug_line    0x00000624       0xd5 ./src/cr_startup_lpc175x_6x.o
 .debug_line    0x000006f9      0x449 ./src/sysinit.o
 .debug_line    0x00000b42      0x7c0 C:\nxp\workspace2\lpc_board_nxp_lpcxpresso_1769\Debug\liblpc_board_nxp_lpcxpresso_1769.a(board.o)
 .debug_line    0x00001302      0x489 C:\nxp\workspace2\lpc_board_nxp_lpcxpresso_1769\Debug\liblpc_board_nxp_lpcxpresso_1769.a(board_sysinit.o)
 .debug_line    0x0000178b      0x577 C:\nxp\workspace2\LibFreeRTOS_8.2.3\Debug\libLibFreeRTOS_8.2.3.a(basic_io.o)
 .debug_line    0x00001d02      0x12e C:\nxp\workspace2\LibFreeRTOS_8.2.3\Debug\libLibFreeRTOS_8.2.3.a(consoleprint.o)
 .debug_line    0x00001e30      0xda2 C:\nxp\workspace2\LibFreeRTOS_8.2.3\Debug\libLibFreeRTOS_8.2.3.a(tasks.o)
 .debug_line    0x00002bd2      0x5ab C:\nxp\workspace2\LibFreeRTOS_8.2.3\Debug\libLibFreeRTOS_8.2.3.a(heap_1.o)
 .debug_line    0x0000317d      0x666 C:\nxp\workspace2\LibFreeRTOS_8.2.3\Debug\libLibFreeRTOS_8.2.3.a(port.o)
 .debug_line    0x000037e3      0x5b7 C:\nxp\workspace2\LibFreeRTOS_8.2.3\Debug\libLibFreeRTOS_8.2.3.a(list.o)
 .debug_line    0x00003d9a      0x433 C:\nxp\workspace2\lpc_chip_175x_6x\Debug\liblpc_chip_175x_6x.a(chip_17xx_40xx.o)
 .debug_line    0x000041cd      0x6aa C:\nxp\workspace2\lpc_chip_175x_6x\Debug\liblpc_chip_175x_6x.a(clock_17xx_40xx.o)
 .debug_line    0x00004877      0x41f C:\nxp\workspace2\lpc_chip_175x_6x\Debug\liblpc_chip_175x_6x.a(iocon_17xx_40xx.o)
 .debug_line    0x00004c96      0x4a9 C:\nxp\workspace2\lpc_chip_175x_6x\Debug\liblpc_chip_175x_6x.a(sysinit_17xx_40xx.o)

.debug_str      0x00000000    0x18452
 .debug_str     0x00000000    0x1461c ./src/Ex5_FreeRtos.o
                              0x14720 (size before relaxing)
 .debug_str     0x0001461c      0x1bc ./src/cr_startup_lpc175x_6x.o
                               0x2630 (size before relaxing)
 .debug_str     0x000147d8       0x51 ./src/sysinit.o
                              0x109d0 (size before relaxing)
 .debug_str     0x00014829      0xcf8 C:\nxp\workspace2\lpc_board_nxp_lpcxpresso_1769\Debug\liblpc_board_nxp_lpcxpresso_1769.a(board.o)
                              0x1186c (size before relaxing)
 .debug_str     0x00015521      0x22d C:\nxp\workspace2\lpc_board_nxp_lpcxpresso_1769\Debug\liblpc_board_nxp_lpcxpresso_1769.a(board_sysinit.o)
                              0x10ddb (size before relaxing)
 .debug_str     0x0001574e       0x92 C:\nxp\workspace2\LibFreeRTOS_8.2.3\Debug\libLibFreeRTOS_8.2.3.a(basic_io.o)
                              0x1420e (size before relaxing)
 .debug_str     0x000157e0       0x55 C:\nxp\workspace2\LibFreeRTOS_8.2.3\Debug\libLibFreeRTOS_8.2.3.a(consoleprint.o)
                               0x2c83 (size before relaxing)
 .debug_str     0x00015835     0x1a57 C:\nxp\workspace2\LibFreeRTOS_8.2.3\Debug\libLibFreeRTOS_8.2.3.a(tasks.o)
                              0x15cf2 (size before relaxing)
 .debug_str     0x0001728c       0xe4 C:\nxp\workspace2\LibFreeRTOS_8.2.3\Debug\libLibFreeRTOS_8.2.3.a(heap_1.o)
                              0x1433a (size before relaxing)
 .debug_str     0x00017370      0x617 C:\nxp\workspace2\LibFreeRTOS_8.2.3\Debug\libLibFreeRTOS_8.2.3.a(port.o)
                              0x1483a (size before relaxing)
 .debug_str     0x00017987       0x9b C:\nxp\workspace2\LibFreeRTOS_8.2.3\Debug\libLibFreeRTOS_8.2.3.a(list.o)
                              0x13a4b (size before relaxing)
 .debug_str     0x00017a22       0x9c C:\nxp\workspace2\lpc_chip_175x_6x\Debug\liblpc_chip_175x_6x.a(chip_17xx_40xx.o)
                              0x10ae5 (size before relaxing)
 .debug_str     0x00017abe      0x857 C:\nxp\workspace2\lpc_chip_175x_6x\Debug\liblpc_chip_175x_6x.a(clock_17xx_40xx.o)
                              0x11153 (size before relaxing)
 .debug_str     0x00018315       0x79 C:\nxp\workspace2\lpc_chip_175x_6x\Debug\liblpc_chip_175x_6x.a(iocon_17xx_40xx.o)
                              0x105d0 (size before relaxing)
 .debug_str     0x0001838e       0xc4 C:\nxp\workspace2\lpc_chip_175x_6x\Debug\liblpc_chip_175x_6x.a(sysinit_17xx_40xx.o)
                              0x107b8 (size before relaxing)

.comment        0x00000000       0xe0
 .comment       0x00000000       0x70 ./src/Ex5_FreeRtos.o
                                 0x71 (size before relaxing)
 .comment       0x00000000       0x71 ./src/cr_startup_lpc175x_6x.o
 .comment       0x00000000       0x71 ./src/sysinit.o
 .comment       0x00000000       0x71 C:\nxp\workspace2\lpc_board_nxp_lpcxpresso_1769\Debug\liblpc_board_nxp_lpcxpresso_1769.a(board.o)
 .comment       0x00000000       0x71 C:\nxp\workspace2\lpc_board_nxp_lpcxpresso_1769\Debug\liblpc_board_nxp_lpcxpresso_1769.a(board_sysinit.o)
 .comment       0x00000000       0x71 C:\nxp\workspace2\LibFreeRTOS_8.2.3\Debug\libLibFreeRTOS_8.2.3.a(basic_io.o)
 .comment       0x00000000       0x71 C:\nxp\workspace2\LibFreeRTOS_8.2.3\Debug\libLibFreeRTOS_8.2.3.a(consoleprint.o)
 .comment       0x00000000       0x71 C:\nxp\workspace2\LibFreeRTOS_8.2.3\Debug\libLibFreeRTOS_8.2.3.a(tasks.o)
 .comment       0x00000000       0x71 C:\nxp\workspace2\LibFreeRTOS_8.2.3\Debug\libLibFreeRTOS_8.2.3.a(heap_1.o)
 .comment       0x00000000       0x71 C:\nxp\workspace2\LibFreeRTOS_8.2.3\Debug\libLibFreeRTOS_8.2.3.a(port.o)
 .comment       0x00000000       0x71 C:\nxp\workspace2\LibFreeRTOS_8.2.3\Debug\libLibFreeRTOS_8.2.3.a(list.o)
 .comment       0x00000000       0x71 C:\nxp\workspace2\lpc_chip_175x_6x\Debug\liblpc_chip_175x_6x.a(chip_17xx_40xx.o)
 .comment       0x00000000       0x71 C:\nxp\workspace2\lpc_chip_175x_6x\Debug\liblpc_chip_175x_6x.a(clock_17xx_40xx.o)
 .comment       0x00000000       0x71 C:\nxp\workspace2\lpc_chip_175x_6x\Debug\liblpc_chip_175x_6x.a(iocon_17xx_40xx.o)
 .comment       0x00000000       0x71 C:\nxp\workspace2\lpc_chip_175x_6x\Debug\liblpc_chip_175x_6x.a(sysinit_17xx_40xx.o)
 .comment       0x00000070       0x70 c:/nxp/lpcxpresso_8.0.0_526/lpcxpresso/tools/bin/../lib/gcc/arm-none-eabi/4.9.3/../../../../arm-none-eabi/lib/armv7-m\libcr_semihost.a(_cr__main.o)
                                 0x71 (size before relaxing)
 .comment       0x00000000       0x71 c:/nxp/lpcxpresso_8.0.0_526/lpcxpresso/tools/bin/../lib/gcc/arm-none-eabi/4.9.3/../../../../arm-none-eabi/lib/armv7-m\libcr_c.a(memset.o)
 .comment       0x00000000       0x71 c:/nxp/lpcxpresso_8.0.0_526/lpcxpresso/tools/bin/../lib/gcc/arm-none-eabi/4.9.3/../../../../arm-none-eabi/lib/armv7-m\libcr_c.a(fpprintf.o)
 .comment       0x00000000       0x71 c:/nxp/lpcxpresso_8.0.0_526/lpcxpresso/tools/bin/../lib/gcc/arm-none-eabi/4.9.3/../../../../arm-none-eabi/lib/armv7-m\libcr_c.a(initio.o)
 .comment       0x00000000       0x71 c:/nxp/lpcxpresso_8.0.0_526/lpcxpresso/tools/bin/../lib/gcc/arm-none-eabi/4.9.3/../../../../arm-none-eabi/lib/armv7-m\libcr_c.a(printf.o)
 .comment       0x00000000       0x71 c:/nxp/lpcxpresso_8.0.0_526/lpcxpresso/tools/bin/../lib/gcc/arm-none-eabi/4.9.3/../../../../arm-none-eabi/lib/armv7-m\libcr_c.a(setvbuf.o)
 .comment       0x00000000       0x71 c:/nxp/lpcxpresso_8.0.0_526/lpcxpresso/tools/bin/../lib/gcc/arm-none-eabi/4.9.3/../../../../arm-none-eabi/lib/armv7-m\libcr_c.a(stdio.o)
 .comment       0x00000000       0x71 c:/nxp/lpcxpresso_8.0.0_526/lpcxpresso/tools/bin/../lib/gcc/arm-none-eabi/4.9.3/../../../../arm-none-eabi/lib/armv7-m\libcr_c.a(strlen.o)
 .comment       0x00000000       0x71 c:/nxp/lpcxpresso_8.0.0_526/lpcxpresso/tools/bin/../lib/gcc/arm-none-eabi/4.9.3/../../../../arm-none-eabi/lib/armv7-m\libcr_c.a(_deferredlazyseek.o)
 .comment       0x00000000       0x71 c:/nxp/lpcxpresso_8.0.0_526/lpcxpresso/tools/bin/../lib/gcc/arm-none-eabi/4.9.3/../../../../arm-none-eabi/lib/armv7-m\libcr_c.a(_fdopen.o)
 .comment       0x00000000       0x71 c:/nxp/lpcxpresso_8.0.0_526/lpcxpresso/tools/bin/../lib/gcc/arm-none-eabi/4.9.3/../../../../arm-none-eabi/lib/armv7-m\libcr_c.a(_fflush.o)
 .comment       0x00000000       0x71 c:/nxp/lpcxpresso_8.0.0_526/lpcxpresso/tools/bin/../lib/gcc/arm-none-eabi/4.9.3/../../../../arm-none-eabi/lib/armv7-m\libcr_c.a(_frexpl.o)
 .comment       0x00000000       0x71 c:/nxp/lpcxpresso_8.0.0_526/lpcxpresso/tools/bin/../lib/gcc/arm-none-eabi/4.9.3/../../../../arm-none-eabi/lib/armv7-m\libcr_c.a(_ldexpl.o)
 .comment       0x00000000       0x71 c:/nxp/lpcxpresso_8.0.0_526/lpcxpresso/tools/bin/../lib/gcc/arm-none-eabi/4.9.3/../../../../arm-none-eabi/lib/armv7-m\libcr_c.a(_writebuf.o)
 .comment       0x00000000       0x71 c:/nxp/lpcxpresso_8.0.0_526/lpcxpresso/tools/bin/../lib/gcc/arm-none-eabi/4.9.3/../../../../arm-none-eabi/lib/armv7-m\libcr_c.a(alloc.o)
 .comment       0x00000000       0x71 c:/nxp/lpcxpresso_8.0.0_526/lpcxpresso/tools/bin/../lib/gcc/arm-none-eabi/4.9.3/../../../../arm-none-eabi/lib/armv7-m\libcr_c.a(errno.o)
 .comment       0x00000000       0x71 c:/nxp/lpcxpresso_8.0.0_526/lpcxpresso/tools/bin/../lib/gcc/arm-none-eabi/4.9.3/../../../../arm-none-eabi/lib/armv7-m\libcr_c.a(fclose.o)
 .comment       0x00000000       0x71 c:/nxp/lpcxpresso_8.0.0_526/lpcxpresso/tools/bin/../lib/gcc/arm-none-eabi/4.9.3/../../../../arm-none-eabi/lib/armv7-m\libcr_c.a(fflush.o)
 .comment       0x00000000       0x71 c:/nxp/lpcxpresso_8.0.0_526/lpcxpresso/tools/bin/../lib/gcc/arm-none-eabi/4.9.3/../../../../arm-none-eabi/lib/armv7-m\libcr_c.a(fseek.o)
 .comment       0x00000000       0x71 c:/nxp/lpcxpresso_8.0.0_526/lpcxpresso/tools/bin/../lib/gcc/arm-none-eabi/4.9.3/../../../../arm-none-eabi/lib/armv7-m\libcr_c.a(ftell.o)
 .comment       0x00000000       0x71 c:/nxp/lpcxpresso_8.0.0_526/lpcxpresso/tools/bin/../lib/gcc/arm-none-eabi/4.9.3/../../../../arm-none-eabi/lib/armv7-m\libcr_c.a(remove.o)
 .comment       0x00000000       0x71 c:/nxp/lpcxpresso_8.0.0_526/lpcxpresso/tools/bin/../lib/gcc/arm-none-eabi/4.9.3/../../../../arm-none-eabi/lib/armv7-m\libcr_c.a(__init_alloc.o)
 .comment       0x00000000       0x71 c:/nxp/lpcxpresso_8.0.0_526/lpcxpresso/tools/bin/../lib/gcc/arm-none-eabi/4.9.3/../../../../arm-none-eabi/lib/armv7-m\libcr_c.a(_cr_sbrk.o)
 .comment       0x00000000       0x71 c:/nxp/lpcxpresso_8.0.0_526/lpcxpresso/tools/bin/../lib/gcc/arm-none-eabi/4.9.3/../../../../arm-none-eabi/lib/armv7-m\libcr_c.a(_do_fflush.o)
 .comment       0x00000000       0x71 c:/nxp/lpcxpresso_8.0.0_526/lpcxpresso/tools/bin/../lib/gcc/arm-none-eabi/4.9.3/../../../../arm-none-eabi/lib/armv7-m\libcr_c.a(_hugeval.o)
 .comment       0x00000000       0x71 c:/nxp/lpcxpresso_8.0.0_526/lpcxpresso/tools/bin/../lib/gcc/arm-none-eabi/4.9.3/../../../../arm-none-eabi/lib/armv7-m\libcr_c.a(_cr_check_heap.o)
 .comment       0x00000000       0x71 c:/nxp/lpcxpresso_8.0.0_526/lpcxpresso/tools/bin/../lib/gcc/arm-none-eabi/4.9.3/armv7-m\libcr_eabihelpers.a(double.o)

.ARM.attributes
                0x00000000       0x31
 .ARM.attributes
                0x00000000       0x33 ./src/Ex5_FreeRtos.o
 .ARM.attributes
                0x00000033       0x33 ./src/cr_startup_lpc175x_6x.o
 .ARM.attributes
                0x00000066       0x33 ./src/sysinit.o
 .ARM.attributes
                0x00000099       0x33 C:\nxp\workspace2\lpc_board_nxp_lpcxpresso_1769\Debug\liblpc_board_nxp_lpcxpresso_1769.a(board.o)
 .ARM.attributes
                0x000000cc       0x33 C:\nxp\workspace2\lpc_board_nxp_lpcxpresso_1769\Debug\liblpc_board_nxp_lpcxpresso_1769.a(board_sysinit.o)
 .ARM.attributes
                0x000000ff       0x33 C:\nxp\workspace2\LibFreeRTOS_8.2.3\Debug\libLibFreeRTOS_8.2.3.a(basic_io.o)
 .ARM.attributes
                0x00000132       0x33 C:\nxp\workspace2\LibFreeRTOS_8.2.3\Debug\libLibFreeRTOS_8.2.3.a(consoleprint.o)
 .ARM.attributes
                0x00000165       0x33 C:\nxp\workspace2\LibFreeRTOS_8.2.3\Debug\libLibFreeRTOS_8.2.3.a(tasks.o)
 .ARM.attributes
                0x00000198       0x33 C:\nxp\workspace2\LibFreeRTOS_8.2.3\Debug\libLibFreeRTOS_8.2.3.a(heap_1.o)
 .ARM.attributes
                0x000001cb       0x33 C:\nxp\workspace2\LibFreeRTOS_8.2.3\Debug\libLibFreeRTOS_8.2.3.a(port.o)
 .ARM.attributes
                0x000001fe       0x33 C:\nxp\workspace2\LibFreeRTOS_8.2.3\Debug\libLibFreeRTOS_8.2.3.a(list.o)
 .ARM.attributes
                0x00000231       0x33 C:\nxp\workspace2\lpc_chip_175x_6x\Debug\liblpc_chip_175x_6x.a(chip_17xx_40xx.o)
 .ARM.attributes
                0x00000264       0x33 C:\nxp\workspace2\lpc_chip_175x_6x\Debug\liblpc_chip_175x_6x.a(clock_17xx_40xx.o)
 .ARM.attributes
                0x00000297       0x33 C:\nxp\workspace2\lpc_chip_175x_6x\Debug\liblpc_chip_175x_6x.a(iocon_17xx_40xx.o)
 .ARM.attributes
                0x000002ca       0x33 C:\nxp\workspace2\lpc_chip_175x_6x\Debug\liblpc_chip_175x_6x.a(sysinit_17xx_40xx.o)
 .ARM.attributes
                0x000002fd       0x21 c:/nxp/lpcxpresso_8.0.0_526/lpcxpresso/tools/bin/../lib/gcc/arm-none-eabi/4.9.3/../../../../arm-none-eabi/lib/armv7-m\libcr_semihost.a(__sys_write.o)
 .ARM.attributes
                0x0000031e       0x33 c:/nxp/lpcxpresso_8.0.0_526/lpcxpresso/tools/bin/../lib/gcc/arm-none-eabi/4.9.3/../../../../arm-none-eabi/lib/armv7-m\libcr_semihost.a(_cr__main.o)
 .ARM.attributes
                0x00000351       0x33 c:/nxp/lpcxpresso_8.0.0_526/lpcxpresso/tools/bin/../lib/gcc/arm-none-eabi/4.9.3/../../../../arm-none-eabi/lib/armv7-m\libcr_c.a(memset.o)
 .ARM.attributes
                0x00000384       0x33 c:/nxp/lpcxpresso_8.0.0_526/lpcxpresso/tools/bin/../lib/gcc/arm-none-eabi/4.9.3/../../../../arm-none-eabi/lib/armv7-m\libcr_c.a(fpprintf.o)
 .ARM.attributes
                0x000003b7       0x33 c:/nxp/lpcxpresso_8.0.0_526/lpcxpresso/tools/bin/../lib/gcc/arm-none-eabi/4.9.3/../../../../arm-none-eabi/lib/armv7-m\libcr_c.a(initio.o)
 .ARM.attributes
                0x000003ea       0x33 c:/nxp/lpcxpresso_8.0.0_526/lpcxpresso/tools/bin/../lib/gcc/arm-none-eabi/4.9.3/../../../../arm-none-eabi/lib/armv7-m\libcr_c.a(printf.o)
 .ARM.attributes
                0x0000041d       0x33 c:/nxp/lpcxpresso_8.0.0_526/lpcxpresso/tools/bin/../lib/gcc/arm-none-eabi/4.9.3/../../../../arm-none-eabi/lib/armv7-m\libcr_c.a(setvbuf.o)
 .ARM.attributes
                0x00000450       0x33 c:/nxp/lpcxpresso_8.0.0_526/lpcxpresso/tools/bin/../lib/gcc/arm-none-eabi/4.9.3/../../../../arm-none-eabi/lib/armv7-m\libcr_c.a(stdio.o)
 .ARM.attributes
                0x00000483       0x33 c:/nxp/lpcxpresso_8.0.0_526/lpcxpresso/tools/bin/../lib/gcc/arm-none-eabi/4.9.3/../../../../arm-none-eabi/lib/armv7-m\libcr_c.a(strlen.o)
 .ARM.attributes
                0x000004b6       0x33 c:/nxp/lpcxpresso_8.0.0_526/lpcxpresso/tools/bin/../lib/gcc/arm-none-eabi/4.9.3/../../../../arm-none-eabi/lib/armv7-m\libcr_c.a(_deferredlazyseek.o)
 .ARM.attributes
                0x000004e9       0x33 c:/nxp/lpcxpresso_8.0.0_526/lpcxpresso/tools/bin/../lib/gcc/arm-none-eabi/4.9.3/../../../../arm-none-eabi/lib/armv7-m\libcr_c.a(_fdopen.o)
 .ARM.attributes
                0x0000051c       0x33 c:/nxp/lpcxpresso_8.0.0_526/lpcxpresso/tools/bin/../lib/gcc/arm-none-eabi/4.9.3/../../../../arm-none-eabi/lib/armv7-m\libcr_c.a(_fflush.o)
 .ARM.attributes
                0x0000054f       0x33 c:/nxp/lpcxpresso_8.0.0_526/lpcxpresso/tools/bin/../lib/gcc/arm-none-eabi/4.9.3/../../../../arm-none-eabi/lib/armv7-m\libcr_c.a(_frexpl.o)
 .ARM.attributes
                0x00000582       0x33 c:/nxp/lpcxpresso_8.0.0_526/lpcxpresso/tools/bin/../lib/gcc/arm-none-eabi/4.9.3/../../../../arm-none-eabi/lib/armv7-m\libcr_c.a(_ldexpl.o)
 .ARM.attributes
                0x000005b5       0x33 c:/nxp/lpcxpresso_8.0.0_526/lpcxpresso/tools/bin/../lib/gcc/arm-none-eabi/4.9.3/../../../../arm-none-eabi/lib/armv7-m\libcr_c.a(_writebuf.o)
 .ARM.attributes
                0x000005e8       0x33 c:/nxp/lpcxpresso_8.0.0_526/lpcxpresso/tools/bin/../lib/gcc/arm-none-eabi/4.9.3/../../../../arm-none-eabi/lib/armv7-m\libcr_c.a(alloc.o)
 .ARM.attributes
                0x0000061b       0x33 c:/nxp/lpcxpresso_8.0.0_526/lpcxpresso/tools/bin/../lib/gcc/arm-none-eabi/4.9.3/../../../../arm-none-eabi/lib/armv7-m\libcr_c.a(errno.o)
 .ARM.attributes
                0x0000064e       0x33 c:/nxp/lpcxpresso_8.0.0_526/lpcxpresso/tools/bin/../lib/gcc/arm-none-eabi/4.9.3/../../../../arm-none-eabi/lib/armv7-m\libcr_c.a(fclose.o)
 .ARM.attributes
                0x00000681       0x33 c:/nxp/lpcxpresso_8.0.0_526/lpcxpresso/tools/bin/../lib/gcc/arm-none-eabi/4.9.3/../../../../arm-none-eabi/lib/armv7-m\libcr_c.a(fflush.o)
 .ARM.attributes
                0x000006b4       0x33 c:/nxp/lpcxpresso_8.0.0_526/lpcxpresso/tools/bin/../lib/gcc/arm-none-eabi/4.9.3/../../../../arm-none-eabi/lib/armv7-m\libcr_c.a(fseek.o)
 .ARM.attributes
                0x000006e7       0x33 c:/nxp/lpcxpresso_8.0.0_526/lpcxpresso/tools/bin/../lib/gcc/arm-none-eabi/4.9.3/../../../../arm-none-eabi/lib/armv7-m\libcr_c.a(ftell.o)
 .ARM.attributes
                0x0000071a       0x33 c:/nxp/lpcxpresso_8.0.0_526/lpcxpresso/tools/bin/../lib/gcc/arm-none-eabi/4.9.3/../../../../arm-none-eabi/lib/armv7-m\libcr_c.a(remove.o)
 .ARM.attributes
                0x0000074d       0x33 c:/nxp/lpcxpresso_8.0.0_526/lpcxpresso/tools/bin/../lib/gcc/arm-none-eabi/4.9.3/../../../../arm-none-eabi/lib/armv7-m\libcr_c.a(__init_alloc.o)
 .ARM.attributes
                0x00000780       0x33 c:/nxp/lpcxpresso_8.0.0_526/lpcxpresso/tools/bin/../lib/gcc/arm-none-eabi/4.9.3/../../../../arm-none-eabi/lib/armv7-m\libcr_c.a(_cr_sbrk.o)
 .ARM.attributes
                0x000007b3       0x33 c:/nxp/lpcxpresso_8.0.0_526/lpcxpresso/tools/bin/../lib/gcc/arm-none-eabi/4.9.3/../../../../arm-none-eabi/lib/armv7-m\libcr_c.a(_do_fflush.o)
 .ARM.attributes
                0x000007e6       0x33 c:/nxp/lpcxpresso_8.0.0_526/lpcxpresso/tools/bin/../lib/gcc/arm-none-eabi/4.9.3/../../../../arm-none-eabi/lib/armv7-m\libcr_c.a(_hugeval.o)
 .ARM.attributes
                0x00000819       0x33 c:/nxp/lpcxpresso_8.0.0_526/lpcxpresso/tools/bin/../lib/gcc/arm-none-eabi/4.9.3/../../../../arm-none-eabi/lib/armv7-m\libcr_c.a(_cr_check_heap.o)
 .ARM.attributes
                0x0000084c       0x33 c:/nxp/lpcxpresso_8.0.0_526/lpcxpresso/tools/bin/../lib/gcc/arm-none-eabi/4.9.3/armv7-m\libcr_eabihelpers.a(double.o)
 .ARM.attributes
                0x0000087f       0x21 c:/nxp/lpcxpresso_8.0.0_526/lpcxpresso/tools/bin/../lib/gcc/arm-none-eabi/4.9.3/armv7-m\libcr_eabihelpers.a(memcpy.o)
 .ARM.attributes
                0x000008a0       0x21 c:/nxp/lpcxpresso_8.0.0_526/lpcxpresso/tools/bin/../lib/gcc/arm-none-eabi/4.9.3/../../../../arm-none-eabi/lib/armv7-m\libcr_semihost.a(__sys_appexit.o)
 .ARM.attributes
                0x000008c1       0x21 c:/nxp/lpcxpresso_8.0.0_526/lpcxpresso/tools/bin/../lib/gcc/arm-none-eabi/4.9.3/../../../../arm-none-eabi/lib/armv7-m\libcr_semihost.a(__sys_close.o)
 .ARM.attributes
                0x000008e2       0x21 c:/nxp/lpcxpresso_8.0.0_526/lpcxpresso/tools/bin/../lib/gcc/arm-none-eabi/4.9.3/../../../../arm-none-eabi/lib/armv7-m\libcr_semihost.a(__sys_flen.o)
 .ARM.attributes
                0x00000903       0x21 c:/nxp/lpcxpresso_8.0.0_526/lpcxpresso/tools/bin/../lib/gcc/arm-none-eabi/4.9.3/../../../../arm-none-eabi/lib/armv7-m\libcr_semihost.a(__sys_istty.o)
 .ARM.attributes
                0x00000924       0x21 c:/nxp/lpcxpresso_8.0.0_526/lpcxpresso/tools/bin/../lib/gcc/arm-none-eabi/4.9.3/../../../../arm-none-eabi/lib/armv7-m\libcr_semihost.a(__sys_remove.o)
 .ARM.attributes
                0x00000945       0x21 c:/nxp/lpcxpresso_8.0.0_526/lpcxpresso/tools/bin/../lib/gcc/arm-none-eabi/4.9.3/../../../../arm-none-eabi/lib/armv7-m\libcr_semihost.a(__sys_seek.o)
 .ARM.attributes
                0x00000966       0x21 c:/nxp/lpcxpresso_8.0.0_526/lpcxpresso/tools/bin/../lib/gcc/arm-none-eabi/4.9.3/../../../../arm-none-eabi/lib/armv7-m\libcr_semihost.a(__sys_tmpnam.o)

.debug_frame    0x00000000     0x1a54
 .debug_frame   0x00000000       0xe0 ./src/Ex5_FreeRtos.o
 .debug_frame   0x000000e0      0x170 ./src/cr_startup_lpc175x_6x.o
 .debug_frame   0x00000250       0x34 ./src/sysinit.o
 .debug_frame   0x00000284      0x58c C:\nxp\workspace2\lpc_board_nxp_lpcxpresso_1769\Debug\liblpc_board_nxp_lpcxpresso_1769.a(board.o)
 .debug_frame   0x00000810       0x8c C:\nxp\workspace2\lpc_board_nxp_lpcxpresso_1769\Debug\liblpc_board_nxp_lpcxpresso_1769.a(board_sysinit.o)
 .debug_frame   0x0000089c       0x58 C:\nxp\workspace2\LibFreeRTOS_8.2.3\Debug\libLibFreeRTOS_8.2.3.a(basic_io.o)
 .debug_frame   0x000008f4       0x34 C:\nxp\workspace2\LibFreeRTOS_8.2.3\Debug\libLibFreeRTOS_8.2.3.a(consoleprint.o)
 .debug_frame   0x00000928      0x778 C:\nxp\workspace2\LibFreeRTOS_8.2.3\Debug\libLibFreeRTOS_8.2.3.a(tasks.o)
 .debug_frame   0x000010a0       0x9c C:\nxp\workspace2\LibFreeRTOS_8.2.3\Debug\libLibFreeRTOS_8.2.3.a(heap_1.o)
 .debug_frame   0x0000113c      0x174 C:\nxp\workspace2\LibFreeRTOS_8.2.3\Debug\libLibFreeRTOS_8.2.3.a(port.o)
 .debug_frame   0x000012b0       0xd8 C:\nxp\workspace2\LibFreeRTOS_8.2.3\Debug\libLibFreeRTOS_8.2.3.a(list.o)
 .debug_frame   0x00001388       0x88 C:\nxp\workspace2\lpc_chip_175x_6x\Debug\liblpc_chip_175x_6x.a(chip_17xx_40xx.o)
 .debug_frame   0x00001410      0x490 C:\nxp\workspace2\lpc_chip_175x_6x\Debug\liblpc_chip_175x_6x.a(clock_17xx_40xx.o)
 .debug_frame   0x000018a0       0x88 C:\nxp\workspace2\lpc_chip_175x_6x\Debug\liblpc_chip_175x_6x.a(iocon_17xx_40xx.o)
 .debug_frame   0x00001928      0x12c C:\nxp\workspace2\lpc_chip_175x_6x\Debug\liblpc_chip_175x_6x.a(sysinit_17xx_40xx.o)
